Overriding config with config/train_shakespeare_char.py:
# train a miniature character-level shakespeare model
# good for debugging and playing on macbooks and such

out_dir = 'out-shakespeare-char'
eval_interval = 250 # keep frequent because we'll overfit
eval_iters = 200
log_interval = 10 # don't print too too often

# we expect to overfit on this small dataset, so only save when val improves
always_save_checkpoint = False

wandb_log = False # override via command line if you like
wandb_project = 'shakespeare-char'
wandb_run_name = 'mini-gpt'

dataset = 'shakespeare_char'
gradient_accumulation_steps = 1
batch_size = 64
block_size = 256 # context of up to 256 previous characters

# baby GPT model :)
n_layer = 6
n_head = 6
n_embd = 384
dropout = 0.2

learning_rate = 1e-3 # with baby networks can afford to go a bit higher
max_iters = 5000
lr_decay_iters = 5000 # make equal to max_iters usually
min_lr = 1e-4 # learning_rate / 10 usually
beta2 = 0.99 # make a bit bigger because number of tokens per iter is small

warmup_iters = 100 # not super necessary potentially

# on macbook also add
# device = 'cpu'  # run on cpu only
# compile = False # do not torch compile the model

Overriding: dtype = float16
Overriding: compile = False
Overriding: out_dir = /content/drive/MyDrive/Homework1_nanoGPT/out-baseline
tokens per iteration will be: 16,384
found vocab_size = 65 (inside data/shakespeare_char/meta.pkl)
Initializing a new model from scratch
number of parameters: 10.65M
/content/nanoGPT/train.py:196: FutureWarning: `torch.cuda.amp.GradScaler(args...)` is deprecated. Please use `torch.amp.GradScaler('cuda', args...)` instead.
  scaler = torch.cuda.amp.GradScaler(enabled=(dtype == 'float16'))
num decayed parameter tensors: 26, with 10,740,096 parameters
num non-decayed parameter tensors: 13, with 4,992 parameters
using fused AdamW: True
step 0: train loss 4.2874, val loss 4.2823
iter 0: loss 4.2721, time 14269.35ms, mfu -100.00%
iter 10: loss 3.1451, time 101.09ms, mfu 3.69%
iter 20: loss 2.7341, time 98.22ms, mfu 3.70%
iter 30: loss 2.6186, time 99.68ms, mfu 3.70%
iter 40: loss 2.5726, time 99.07ms, mfu 3.71%
iter 50: loss 2.5232, time 101.15ms, mfu 3.70%
iter 60: loss 2.5097, time 100.16ms, mfu 3.71%
iter 70: loss 2.4899, time 102.07ms, mfu 3.70%
iter 80: loss 2.5050, time 101.08ms, mfu 3.70%
iter 90: loss 2.4627, time 101.50ms, mfu 3.70%
iter 100: loss 2.4576, time 102.96ms, mfu 3.69%
iter 110: loss 2.4465, time 99.72ms, mfu 3.69%
iter 120: loss 2.4244, time 102.26ms, mfu 3.69%
iter 130: loss 2.4264, time 104.80ms, mfu 3.68%
iter 140: loss 2.4023, time 101.51ms, mfu 3.67%
iter 150: loss 2.4065, time 100.77ms, mfu 3.68%
iter 160: loss 2.3723, time 103.35ms, mfu 3.67%
iter 170: loss 2.3889, time 101.31ms, mfu 3.67%
iter 180: loss 2.3262, time 104.00ms, mfu 3.66%
iter 190: loss 2.2634, time 103.45ms, mfu 3.66%
iter 200: loss 2.1998, time 102.88ms, mfu 3.65%
iter 210: loss 2.1385, time 103.71ms, mfu 3.65%
iter 220: loss 2.1425, time 102.58ms, mfu 3.65%
iter 230: loss 2.0758, time 103.99ms, mfu 3.64%
iter 240: loss 2.0752, time 103.66ms, mfu 3.63%
step 250: train loss 1.9629, val loss 2.0639
saving checkpoint to /content/drive/MyDrive/Homework1_nanoGPT/out-baseline
iter 250: loss 2.0350, time 14197.04ms, mfu 3.27%
iter 260: loss 1.9682, time 110.54ms, mfu 3.28%
iter 270: loss 1.9717, time 107.36ms, mfu 3.30%
iter 280: loss 1.9854, time 110.68ms, mfu 3.31%
iter 290: loss 1.9169, time 110.09ms, mfu 3.32%
iter 300: loss 1.8994, time 108.02ms, mfu 3.33%
iter 310: loss 1.8616, time 111.68ms, mfu 3.33%
iter 320: loss 1.8516, time 111.12ms, mfu 3.33%
iter 330: loss 1.8279, time 111.47ms, mfu 3.33%
iter 340: loss 1.7935, time 114.36ms, mfu 3.33%
iter 350: loss 1.8293, time 114.93ms, mfu 3.32%
iter 360: loss 1.7682, time 113.87ms, mfu 3.31%
iter 370: loss 1.7344, time 111.08ms, mfu 3.32%
iter 380: loss 1.7284, time 113.82ms, mfu 3.31%
iter 390: loss 1.7383, time 111.84ms, mfu 3.31%
iter 400: loss 1.7659, time 112.01ms, mfu 3.32%
iter 410: loss 1.7017, time 114.82ms, mfu 3.31%
iter 420: loss 1.7148, time 113.37ms, mfu 3.31%
iter 430: loss 1.6996, time 115.47ms, mfu 3.30%
iter 440: loss 1.6552, time 115.58ms, mfu 3.29%
iter 450: loss 1.6478, time 115.90ms, mfu 3.28%
iter 460: loss 1.6001, time 115.58ms, mfu 3.28%
iter 470: loss 1.6601, time 115.09ms, mfu 3.27%
iter 480: loss 1.6239, time 118.84ms, mfu 3.26%
iter 490: loss 1.5960, time 118.43ms, mfu 3.25%
step 500: train loss 1.5275, val loss 1.7354
saving checkpoint to /content/drive/MyDrive/Homework1_nanoGPT/out-baseline
iter 500: loss 1.5952, time 16162.38ms, mfu 2.93%
iter 510: loss 1.6078, time 123.71ms, mfu 2.93%
iter 520: loss 1.5862, time 125.71ms, mfu 2.94%
iter 530: loss 1.5601, time 125.33ms, mfu 2.94%
iter 540: loss 1.6167, time 127.84ms, mfu 2.94%
iter 550: loss 1.5697, time 127.10ms, mfu 2.94%
iter 560: loss 1.5648, time 126.81ms, mfu 2.94%
iter 570: loss 1.5662, time 131.87ms, mfu 2.93%
iter 580: loss 1.5318, time 128.78ms, mfu 2.92%
iter 590: loss 1.4971, time 128.71ms, mfu 2.92%
iter 600: loss 1.5107, time 130.50ms, mfu 2.91%
iter 610: loss 1.5459, time 130.39ms, mfu 2.91%
iter 620: loss 1.5285, time 131.48ms, mfu 2.90%
iter 630: loss 1.5115, time 131.39ms, mfu 2.89%
iter 640: loss 1.4598, time 131.36ms, mfu 2.89%
iter 650: loss 1.4989, time 130.97ms, mfu 2.88%
iter 660: loss 1.5129, time 130.98ms, mfu 2.88%
iter 670: loss 1.4546, time 131.65ms, mfu 2.88%
iter 680: loss 1.5121, time 127.67ms, mfu 2.88%
iter 690: loss 1.4580, time 130.13ms, mfu 2.88%
iter 700: loss 1.4780, time 126.42ms, mfu 2.89%
iter 710: loss 1.4648, time 127.30ms, mfu 2.89%
iter 720: loss 1.4412, time 127.00ms, mfu 2.89%
iter 730: loss 1.4225, time 126.60ms, mfu 2.90%
iter 740: loss 1.4285, time 126.52ms, mfu 2.90%
step 750: train loss 1.3614, val loss 1.5977
saving checkpoint to /content/drive/MyDrive/Homework1_nanoGPT/out-baseline
iter 750: loss 1.4226, time 16805.94ms, mfu 2.62%
iter 760: loss 1.4429, time 120.82ms, mfu 2.66%
iter 770: loss 1.4227, time 121.72ms, mfu 2.70%
iter 780: loss 1.4287, time 120.77ms, mfu 2.74%
iter 790: loss 1.4137, time 119.56ms, mfu 2.78%
iter 800: loss 1.4307, time 119.19ms, mfu 2.81%
iter 810: loss 1.4079, time 120.10ms, mfu 2.84%
iter 820: loss 1.4124, time 121.28ms, mfu 2.86%
iter 830: loss 1.3907, time 118.97ms, mfu 2.89%
iter 840: loss 1.4029, time 121.08ms, mfu 2.91%
iter 850: loss 1.3845, time 121.66ms, mfu 2.93%
iter 860: loss 1.3976, time 120.92ms, mfu 2.94%
iter 870: loss 1.3965, time 120.93ms, mfu 2.96%
iter 880: loss 1.3708, time 121.32ms, mfu 2.97%
iter 890: loss 1.3838, time 118.97ms, mfu 2.98%
iter 900: loss 1.3667, time 120.96ms, mfu 2.99%
iter 910: loss 1.3165, time 120.30ms, mfu 3.00%
iter 920: loss 1.3665, time 123.09ms, mfu 3.01%
iter 930: loss 1.3628, time 121.19ms, mfu 3.01%
iter 940: loss 1.3420, time 121.02ms, mfu 3.02%
iter 950: loss 1.3542, time 120.06ms, mfu 3.03%
iter 960: loss 1.3653, time 121.71ms, mfu 3.03%
iter 970: loss 1.3533, time 120.80ms, mfu 3.04%
iter 980: loss 1.3580, time 123.39ms, mfu 3.03%
iter 990: loss 1.3353, time 123.06ms, mfu 3.03%
step 1000: train loss 1.2707, val loss 1.5215
saving checkpoint to /content/drive/MyDrive/Homework1_nanoGPT/out-baseline
iter 1000: loss 1.3337, time 16557.70ms, mfu 2.73%
iter 1010: loss 1.3308, time 122.19ms, mfu 2.76%
iter 1020: loss 1.3073, time 125.49ms, mfu 2.79%
iter 1030: loss 1.3396, time 123.79ms, mfu 2.81%
iter 1040: loss 1.3593, time 124.72ms, mfu 2.83%
iter 1050: loss 1.2896, time 123.38ms, mfu 2.85%
iter 1060: loss 1.3321, time 123.16ms, mfu 2.86%
iter 1070: loss 1.3361, time 128.31ms, mfu 2.87%
iter 1080: loss 1.3343, time 123.74ms, mfu 2.88%
iter 1090: loss 1.3527, time 123.87ms, mfu 2.89%
iter 1100: loss 1.3111, time 123.61ms, mfu 2.91%
iter 1110: loss 1.2982, time 125.43ms, mfu 2.91%
iter 1120: loss 1.3028, time 127.37ms, mfu 2.91%
iter 1130: loss 1.3009, time 124.54ms, mfu 2.92%
iter 1140: loss 1.2994, time 122.81ms, mfu 2.93%
iter 1150: loss 1.3071, time 126.26ms, mfu 2.93%
iter 1160: loss 1.3230, time 123.57ms, mfu 2.94%
iter 1170: loss 1.2982, time 124.23ms, mfu 2.95%
iter 1180: loss 1.3161, time 124.03ms, mfu 2.95%
iter 1190: loss 1.2696, time 122.67ms, mfu 2.96%
iter 1200: loss 1.2903, time 125.39ms, mfu 2.96%
iter 1210: loss 1.2617, time 123.49ms, mfu 2.97%
iter 1220: loss 1.3018, time 123.90ms, mfu 2.97%
iter 1230: loss 1.2957, time 126.61ms, mfu 2.97%
iter 1240: loss 1.2993, time 123.82ms, mfu 2.97%
step 1250: train loss 1.2040, val loss 1.4930
saving checkpoint to /content/drive/MyDrive/Homework1_nanoGPT/out-baseline
iter 1250: loss 1.2702, time 16680.36ms, mfu 2.68%
iter 1260: loss 1.2799, time 120.45ms, mfu 2.72%
iter 1270: loss 1.2655, time 122.90ms, mfu 2.75%
iter 1280: loss 1.2526, time 124.36ms, mfu 2.78%
iter 1290: loss 1.2783, time 125.49ms, mfu 2.80%
iter 1300: loss 1.2955, time 123.84ms, mfu 2.82%
iter 1310: loss 1.2341, time 120.81ms, mfu 2.84%
iter 1320: loss 1.3060, time 124.42ms, mfu 2.86%
iter 1330: loss 1.2624, time 122.98ms, mfu 2.88%
iter 1340: loss 1.3014, time 124.27ms, mfu 2.89%
iter 1350: loss 1.2481, time 122.00ms, mfu 2.90%
iter 1360: loss 1.2724, time 125.67ms, mfu 2.91%
iter 1370: loss 1.2518, time 120.43ms, mfu 2.93%
iter 1380: loss 1.2588, time 124.85ms, mfu 2.93%
iter 1390: loss 1.2464, time 121.74ms, mfu 2.95%
iter 1400: loss 1.2590, time 121.09ms, mfu 2.96%
iter 1410: loss 1.2470, time 127.23ms, mfu 2.96%
iter 1420: loss 1.2660, time 122.80ms, mfu 2.96%
iter 1430: loss 1.2407, time 122.22ms, mfu 2.97%
iter 1440: loss 1.2551, time 123.37ms, mfu 2.98%
iter 1450: loss 1.2310, time 120.50ms, mfu 2.99%
iter 1460: loss 1.2443, time 120.69ms, mfu 3.00%
iter 1470: loss 1.2198, time 122.27ms, mfu 3.00%
iter 1480: loss 1.2059, time 122.21ms, mfu 3.01%
iter 1490: loss 1.2297, time 122.44ms, mfu 3.01%
step 1500: train loss 1.1530, val loss 1.4757
saving checkpoint to /content/drive/MyDrive/Homework1_nanoGPT/out-baseline
iter 1500: loss 1.1835, time 16741.51ms, mfu 2.71%
iter 1510: loss 1.2348, time 121.62ms, mfu 2.75%
iter 1520: loss 1.2256, time 125.35ms, mfu 2.77%
iter 1530: loss 1.2468, time 123.21ms, mfu 2.80%
iter 1540: loss 1.1886, time 124.01ms, mfu 2.82%
iter 1550: loss 1.2297, time 122.35ms, mfu 2.84%
iter 1560: loss 1.2120, time 125.50ms, mfu 2.85%
iter 1570: loss 1.2365, time 126.58ms, mfu 2.86%
iter 1580: loss 1.2041, time 124.37ms, mfu 2.88%
iter 1590: loss 1.1933, time 126.70ms, mfu 2.88%
iter 1600: loss 1.1950, time 126.23ms, mfu 2.89%
iter 1610: loss 1.2351, time 125.68ms, mfu 2.90%
iter 1620: loss 1.1867, time 126.49ms, mfu 2.90%
iter 1630: loss 1.2061, time 125.79ms, mfu 2.91%
iter 1640: loss 1.2048, time 123.29ms, mfu 2.92%
iter 1650: loss 1.1819, time 123.24ms, mfu 2.93%
iter 1660: loss 1.2145, time 124.27ms, mfu 2.94%
iter 1670: loss 1.1918, time 126.16ms, mfu 2.94%
iter 1680: loss 1.2021, time 123.77ms, mfu 2.95%
iter 1690: loss 1.2109, time 124.88ms, mfu 2.95%
iter 1700: loss 1.1836, time 123.40ms, mfu 2.96%
iter 1710: loss 1.1792, time 124.85ms, mfu 2.96%
iter 1720: loss 1.1802, time 120.91ms, mfu 2.97%
iter 1730: loss 1.1980, time 125.56ms, mfu 2.97%
iter 1740: loss 1.1656, time 124.71ms, mfu 2.97%
step 1750: train loss 1.1017, val loss 1.4677
saving checkpoint to /content/drive/MyDrive/Homework1_nanoGPT/out-baseline
iter 1750: loss 1.1813, time 16919.98ms, mfu 2.68%
iter 1760: loss 1.1867, time 124.90ms, mfu 2.71%
iter 1770: loss 1.1962, time 122.79ms, mfu 2.74%
iter 1780: loss 1.1941, time 122.03ms, mfu 2.77%
iter 1790: loss 1.1966, time 124.17ms, mfu 2.79%
iter 1800: loss 1.1781, time 124.84ms, mfu 2.81%
iter 1810: loss 1.1611, time 126.29ms, mfu 2.83%
iter 1820: loss 1.1636, time 123.44ms, mfu 2.85%
iter 1830: loss 1.1626, time 125.17ms, mfu 2.86%
iter 1840: loss 1.1628, time 123.47ms, mfu 2.88%
iter 1850: loss 1.1529, time 126.40ms, mfu 2.88%
iter 1860: loss 1.1757, time 124.33ms, mfu 2.89%
iter 1870: loss 1.1400, time 123.39ms, mfu 2.91%
iter 1880: loss 1.1766, time 125.61ms, mfu 2.91%
iter 1890: loss 1.1772, time 124.36ms, mfu 2.92%
iter 1900: loss 1.1318, time 122.17ms, mfu 2.93%
iter 1910: loss 1.1704, time 127.37ms, mfu 2.93%
iter 1920: loss 1.1739, time 122.96ms, mfu 2.94%
iter 1930: loss 1.1454, time 126.09ms, mfu 2.94%
iter 1940: loss 1.1192, time 122.06ms, mfu 2.95%
iter 1950: loss 1.1378, time 126.07ms, mfu 2.96%
iter 1960: loss 1.1552, time 123.01ms, mfu 2.96%
iter 1970: loss 1.1528, time 125.19ms, mfu 2.96%
iter 1980: loss 1.1486, time 124.69ms, mfu 2.97%
iter 1990: loss 1.1537, time 125.69ms, mfu 2.97%
step 2000: train loss 1.0552, val loss 1.4699
iter 2000: loss 1.1297, time 16437.93ms, mfu 2.67%
iter 2010: loss 1.1285, time 123.28ms, mfu 2.71%
iter 2020: loss 1.1154, time 123.97ms, mfu 2.74%
iter 2030: loss 1.1490, time 122.33ms, mfu 2.77%
iter 2040: loss 1.1433, time 121.31ms, mfu 2.80%
iter 2050: loss 1.1109, time 123.48ms, mfu 2.82%
iter 2060: loss 1.1045, time 122.18ms, mfu 2.84%
iter 2070: loss 1.1243, time 125.52ms, mfu 2.86%
iter 2080: loss 1.1241, time 123.61ms, mfu 2.87%
iter 2090: loss 1.1334, time 124.79ms, mfu 2.88%
iter 2100: loss 1.1263, time 122.71ms, mfu 2.90%
iter 2110: loss 1.1283, time 122.59ms, mfu 2.91%
iter 2120: loss 1.1257, time 124.22ms, mfu 2.92%
iter 2130: loss 1.1328, time 121.40ms, mfu 2.94%
iter 2140: loss 1.1396, time 125.33ms, mfu 2.94%
iter 2150: loss 1.1156, time 125.09ms, mfu 2.94%
iter 2160: loss 1.1431, time 122.60ms, mfu 2.95%
iter 2170: loss 1.1301, time 123.45ms, mfu 2.96%
iter 2180: loss 1.1086, time 123.07ms, mfu 2.97%
iter 2190: loss 1.1094, time 124.21ms, mfu 2.97%
iter 2200: loss 1.1194, time 124.02ms, mfu 2.97%
iter 2210: loss 1.1056, time 123.81ms, mfu 2.98%
iter 2220: loss 1.1171, time 122.73ms, mfu 2.98%
iter 2230: loss 1.1193, time 123.13ms, mfu 2.99%
iter 2240: loss 1.1303, time 124.80ms, mfu 2.99%
step 2250: train loss 1.0126, val loss 1.4823
iter 2250: loss 1.1109, time 16336.44ms, mfu 2.69%
iter 2260: loss 1.0988, time 123.84ms, mfu 2.72%
iter 2270: loss 1.1242, time 124.40ms, mfu 2.75%
iter 2280: loss 1.0923, time 124.44ms, mfu 2.77%
iter 2290: loss 1.1430, time 122.43ms, mfu 2.80%
iter 2300: loss 1.1177, time 122.49ms, mfu 2.83%
iter 2310: loss 1.0922, time 120.66ms, mfu 2.85%
iter 2320: loss 1.0940, time 122.37ms, mfu 2.87%
iter 2330: loss 1.1035, time 121.34ms, mfu 2.89%
iter 2340: loss 1.1230, time 124.92ms, mfu 2.90%
iter 2350: loss 1.1023, time 122.11ms, mfu 2.92%
iter 2360: loss 1.1014, time 123.17ms, mfu 2.93%
iter 2370: loss 1.0903, time 121.59ms, mfu 2.94%
iter 2380: loss 1.0797, time 124.23ms, mfu 2.95%
iter 2390: loss 1.0775, time 124.40ms, mfu 2.95%
iter 2400: loss 1.0755, time 122.92ms, mfu 2.96%
iter 2410: loss 1.0630, time 121.31ms, mfu 2.97%
iter 2420: loss 1.0808, time 122.84ms, mfu 2.98%
iter 2430: loss 1.0557, time 122.08ms, mfu 2.98%
iter 2440: loss 1.0541, time 124.04ms, mfu 2.99%
iter 2450: loss 1.0707, time 124.40ms, mfu 2.99%
iter 2460: loss 1.0920, time 123.81ms, mfu 2.99%
iter 2470: loss 1.0842, time 122.80ms, mfu 2.99%
iter 2480: loss 1.0791, time 125.44ms, mfu 2.99%
iter 2490: loss 1.0583, time 124.51ms, mfu 2.99%
step 2500: train loss 0.9603, val loss 1.5023
iter 2500: loss 1.0776, time 16356.46ms, mfu 2.69%
iter 2510: loss 1.0689, time 121.54ms, mfu 2.73%
iter 2520: loss 1.0415, time 125.39ms, mfu 2.76%
iter 2530: loss 1.0486, time 122.56ms, mfu 2.78%
iter 2540: loss 1.0533, time 124.18ms, mfu 2.81%
iter 2550: loss 1.0714, time 124.48ms, mfu 2.82%
iter 2560: loss 1.0486, time 123.89ms, mfu 2.84%
iter 2570: loss 1.0764, time 124.19ms, mfu 2.86%
iter 2580: loss 1.0723, time 122.73ms, mfu 2.88%
iter 2590: loss 1.0664, time 127.03ms, mfu 2.88%
iter 2600: loss 1.0654, time 125.03ms, mfu 2.89%
iter 2610: loss 1.0422, time 122.17ms, mfu 2.91%
iter 2620: loss 1.0421, time 125.63ms, mfu 2.91%
iter 2630: loss 1.0230, time 124.16ms, mfu 2.92%
iter 2640: loss 1.0370, time 125.15ms, mfu 2.93%
iter 2650: loss 1.0660, time 126.50ms, mfu 2.93%
iter 2660: loss 1.0385, time 120.66ms, mfu 2.95%
iter 2670: loss 1.0122, time 124.47ms, mfu 2.95%
iter 2680: loss 1.0440, time 124.94ms, mfu 2.95%
iter 2690: loss 1.0566, time 124.28ms, mfu 2.96%
iter 2700: loss 1.0216, time 124.60ms, mfu 2.96%
iter 2710: loss 1.0496, time 125.89ms, mfu 2.96%
iter 2720: loss 1.0437, time 125.41ms, mfu 2.96%
iter 2730: loss 1.0563, time 125.31ms, mfu 2.96%
iter 2740: loss 1.0156, time 123.73ms, mfu 2.97%
step 2750: train loss 0.9136, val loss 1.5091
iter 2750: loss 1.0326, time 16379.75ms, mfu 2.67%
iter 2760: loss 1.0209, time 122.07ms, mfu 2.71%
iter 2770: loss 1.0225, time 124.45ms, mfu 2.74%
iter 2780: loss 1.0218, time 124.91ms, mfu 2.76%
iter 2790: loss 1.0333, time 124.81ms, mfu 2.79%
iter 2800: loss 1.0065, time 122.76ms, mfu 2.81%
iter 2810: loss 1.0426, time 125.71ms, mfu 2.83%
iter 2820: loss 1.0317, time 123.30ms, mfu 2.85%
iter 2830: loss 1.0232, time 123.81ms, mfu 2.86%
iter 2840: loss 0.9909, time 124.32ms, mfu 2.88%
iter 2850: loss 1.0269, time 121.52ms, mfu 2.89%
iter 2860: loss 1.0138, time 123.36ms, mfu 2.91%
iter 2870: loss 0.9990, time 123.25ms, mfu 2.92%
iter 2880: loss 1.0308, time 121.99ms, mfu 2.93%
iter 2890: loss 1.0070, time 123.67ms, mfu 2.94%
iter 2900: loss 0.9916, time 124.38ms, mfu 2.95%
iter 2910: loss 1.0376, time 123.71ms, mfu 2.95%
iter 2920: loss 1.0060, time 124.86ms, mfu 2.96%
iter 2930: loss 0.9924, time 123.16ms, mfu 2.96%
iter 2940: loss 0.9762, time 123.73ms, mfu 2.97%
iter 2950: loss 1.0173, time 124.41ms, mfu 2.97%
iter 2960: loss 0.9911, time 124.04ms, mfu 2.97%
iter 2970: loss 0.9942, time 125.10ms, mfu 2.97%
iter 2980: loss 0.9931, time 125.03ms, mfu 2.97%
iter 2990: loss 0.9823, time 123.33ms, mfu 2.98%
step 3000: train loss 0.8656, val loss 1.5212
iter 3000: loss 0.9856, time 16446.78ms, mfu 2.68%
iter 3010: loss 0.9916, time 122.10ms, mfu 2.72%
iter 3020: loss 1.0008, time 125.04ms, mfu 2.75%
iter 3030: loss 0.9955, time 125.88ms, mfu 2.77%
iter 3040: loss 1.0256, time 121.77ms, mfu 2.80%
iter 3050: loss 0.9762, time 125.53ms, mfu 2.81%
iter 3060: loss 0.9964, time 124.48ms, mfu 2.83%
iter 3070: loss 1.0056, time 123.64ms, mfu 2.85%
iter 3080: loss 0.9967, time 124.25ms, mfu 2.87%
iter 3090: loss 0.9753, time 125.31ms, mfu 2.88%
iter 3100: loss 0.9977, time 124.26ms, mfu 2.89%
iter 3110: loss 0.9673, time 125.60ms, mfu 2.90%
iter 3120: loss 0.9872, time 124.64ms, mfu 2.91%
iter 3130: loss 0.9755, time 122.86ms, mfu 2.92%
iter 3140: loss 0.9745, time 122.21ms, mfu 2.93%
iter 3150: loss 0.9921, time 123.02ms, mfu 2.94%
iter 3160: loss 1.0044, time 123.18ms, mfu 2.95%
iter 3170: loss 0.9697, time 125.53ms, mfu 2.95%
iter 3180: loss 0.9726, time 122.93ms, mfu 2.96%
iter 3190: loss 0.9988, time 125.08ms, mfu 2.96%
iter 3200: loss 0.9628, time 123.88ms, mfu 2.97%
iter 3210: loss 0.9633, time 123.14ms, mfu 2.97%
iter 3220: loss 0.9599, time 123.29ms, mfu 2.98%
iter 3230: loss 0.9482, time 122.85ms, mfu 2.98%
iter 3240: loss 0.9497, time 122.15ms, mfu 2.99%
step 3250: train loss 0.8202, val loss 1.5572
iter 3250: loss 0.9664, time 16154.54ms, mfu 2.69%
iter 3260: loss 0.9524, time 124.77ms, mfu 2.72%
iter 3270: loss 0.9611, time 122.95ms, mfu 2.75%
iter 3280: loss 0.9489, time 121.55ms, mfu 2.78%
iter 3290: loss 0.9422, time 124.89ms, mfu 2.80%
iter 3300: loss 0.9394, time 124.88ms, mfu 2.82%
iter 3310: loss 0.9510, time 126.24ms, mfu 2.84%
iter 3320: loss 0.9668, time 125.25ms, mfu 2.85%
iter 3330: loss 0.9551, time 121.27ms, mfu 2.87%
iter 3340: loss 0.9503, time 123.47ms, mfu 2.89%
iter 3350: loss 0.9523, time 124.63ms, mfu 2.90%
iter 3360: loss 0.9269, time 123.64ms, mfu 2.91%
iter 3370: loss 0.9581, time 125.33ms, mfu 2.91%
iter 3380: loss 0.9434, time 123.77ms, mfu 2.92%
iter 3390: loss 0.9493, time 123.24ms, mfu 2.93%
iter 3400: loss 0.9503, time 124.35ms, mfu 2.94%
iter 3410: loss 0.9362, time 125.35ms, mfu 2.94%
iter 3420: loss 0.9442, time 126.01ms, mfu 2.95%
iter 3430: loss 0.9430, time 126.02ms, mfu 2.95%
iter 3440: loss 0.9746, time 125.70ms, mfu 2.95%
iter 3450: loss 0.9540, time 125.38ms, mfu 2.95%
iter 3460: loss 0.9428, time 124.73ms, mfu 2.95%
iter 3470: loss 0.9361, time 126.64ms, mfu 2.95%
iter 3480: loss 0.9422, time 124.94ms, mfu 2.96%
iter 3490: loss 0.9157, time 124.77ms, mfu 2.96%
step 3500: train loss 0.7797, val loss 1.5809
iter 3500: loss 0.9120, time 16388.80ms, mfu 2.67%
iter 3510: loss 0.9140, time 124.16ms, mfu 2.70%
iter 3520: loss 0.9193, time 121.49ms, mfu 2.74%
iter 3530: loss 0.9434, time 121.27ms, mfu 2.77%
iter 3540: loss 0.9289, time 121.09ms, mfu 2.80%
iter 3550: loss 0.9295, time 122.59ms, mfu 2.82%
iter 3560: loss 0.9516, time 124.03ms, mfu 2.84%
iter 3570: loss 0.9275, time 122.46ms, mfu 2.86%
iter 3580: loss 0.9242, time 123.48ms, mfu 2.88%
iter 3590: loss 0.9166, time 121.32ms, mfu 2.90%
iter 3600: loss 0.9293, time 123.76ms, mfu 2.91%
iter 3610: loss 0.9085, time 123.09ms, mfu 2.92%
iter 3620: loss 0.9083, time 124.55ms, mfu 2.93%
iter 3630: loss 0.9263, time 122.24ms, mfu 2.94%
iter 3640: loss 0.9021, time 120.63ms, mfu 2.95%
iter 3650: loss 0.9100, time 123.21ms, mfu 2.96%
iter 3660: loss 0.9239, time 122.08ms, mfu 2.97%
iter 3670: loss 0.9374, time 120.92ms, mfu 2.98%
iter 3680: loss 0.9067, time 122.18ms, mfu 2.99%
iter 3690: loss 0.9353, time 123.05ms, mfu 2.99%
iter 3700: loss 0.8754, time 121.29ms, mfu 3.00%
iter 3710: loss 0.8794, time 124.12ms, mfu 3.00%
iter 3720: loss 0.9032, time 121.88ms, mfu 3.01%
iter 3730: loss 0.8986, time 123.83ms, mfu 3.01%
iter 3740: loss 0.9027, time 121.13ms, mfu 3.01%
step 3750: train loss 0.7384, val loss 1.6039
iter 3750: loss 0.8942, time 16340.95ms, mfu 2.71%
iter 3760: loss 0.9320, time 123.90ms, mfu 2.74%
iter 3770: loss 0.9299, time 123.19ms, mfu 2.77%
iter 3780: loss 0.9268, time 121.91ms, mfu 2.80%
iter 3790: loss 0.8942, time 124.04ms, mfu 2.82%
iter 3800: loss 0.9139, time 125.78ms, mfu 2.83%
iter 3810: loss 0.9209, time 123.88ms, mfu 2.85%
iter 3820: loss 0.8846, time 126.13ms, mfu 2.86%
iter 3830: loss 0.8994, time 125.85ms, mfu 2.87%
iter 3840: loss 0.8820, time 126.16ms, mfu 2.88%
iter 3850: loss 0.8856, time 125.77ms, mfu 2.89%
iter 3860: loss 0.8695, time 128.07ms, mfu 2.89%
iter 3870: loss 0.8914, time 126.05ms, mfu 2.90%
iter 3880: loss 0.8886, time 126.47ms, mfu 2.90%
iter 3890: loss 0.8781, time 127.43ms, mfu 2.90%
iter 3900: loss 0.8892, time 123.88ms, mfu 2.91%
iter 3910: loss 0.8857, time 124.92ms, mfu 2.92%
iter 3920: loss 0.8633, time 123.03ms, mfu 2.93%
iter 3930: loss 0.8856, time 127.14ms, mfu 2.93%
iter 3940: loss 0.8663, time 124.03ms, mfu 2.94%
iter 3950: loss 0.8818, time 121.94ms, mfu 2.95%
iter 3960: loss 0.9110, time 125.06ms, mfu 2.95%
iter 3970: loss 0.8903, time 124.85ms, mfu 2.96%
iter 3980: loss 0.8998, time 124.56ms, mfu 2.96%
iter 3990: loss 0.8728, time 123.47ms, mfu 2.97%
step 4000: train loss 0.7080, val loss 1.6258
iter 4000: loss 0.8606, time 16292.87ms, mfu 2.67%
iter 4010: loss 0.8744, time 124.58ms, mfu 2.70%
iter 4020: loss 0.8837, time 122.23ms, mfu 2.74%
iter 4030: loss 0.8757, time 121.34ms, mfu 2.77%
iter 4040: loss 0.8780, time 123.82ms, mfu 2.80%
iter 4050: loss 0.8726, time 123.70ms, mfu 2.82%
iter 4060: loss 0.8566, time 121.97ms, mfu 2.84%
iter 4070: loss 0.8580, time 122.50ms, mfu 2.86%
iter 4080: loss 0.8827, time 121.98ms, mfu 2.88%
iter 4090: loss 0.8420, time 124.14ms, mfu 2.89%
iter 4100: loss 0.8936, time 120.68ms, mfu 2.91%
iter 4110: loss 0.8600, time 120.02ms, mfu 2.93%
iter 4120: loss 0.8734, time 123.17ms, mfu 2.94%
iter 4130: loss 0.8599, time 119.99ms, mfu 2.96%
iter 4140: loss 0.8832, time 121.28ms, mfu 2.97%
iter 4150: loss 0.8693, time 122.09ms, mfu 2.98%
iter 4160: loss 0.8576, time 122.60ms, mfu 2.98%
iter 4170: loss 0.8569, time 122.62ms, mfu 2.99%
iter 4180: loss 0.8761, time 121.33ms, mfu 3.00%
iter 4190: loss 0.8683, time 123.00ms, mfu 3.00%
iter 4200: loss 0.8544, time 124.71ms, mfu 3.00%
iter 4210: loss 0.8683, time 120.50ms, mfu 3.01%
iter 4220: loss 0.8538, time 122.10ms, mfu 3.01%
iter 4230: loss 0.8782, time 121.52ms, mfu 3.02%
iter 4240: loss 0.8643, time 123.74ms, mfu 3.02%
step 4250: train loss 0.6772, val loss 1.6476
iter 4250: loss 0.8725, time 16441.22ms, mfu 2.72%
iter 4260: loss 0.8575, time 125.18ms, mfu 2.74%
iter 4270: loss 0.8640, time 124.90ms, mfu 2.77%
iter 4280: loss 0.8539, time 125.56ms, mfu 2.79%
iter 4290: loss 0.8215, time 124.58ms, mfu 2.81%
iter 4300: loss 0.8289, time 126.07ms, mfu 2.82%
iter 4310: loss 0.8546, time 122.97ms, mfu 2.84%
iter 4320: loss 0.8415, time 122.95ms, mfu 2.86%
iter 4330: loss 0.8585, time 125.86ms, mfu 2.87%
iter 4340: loss 0.8218, time 124.47ms, mfu 2.88%
iter 4350: loss 0.8417, time 124.52ms, mfu 2.90%
iter 4360: loss 0.8535, time 122.73ms, mfu 2.91%
iter 4370: loss 0.8619, time 123.12ms, mfu 2.92%
iter 4380: loss 0.8377, time 125.20ms, mfu 2.93%
iter 4390: loss 0.8641, time 124.98ms, mfu 2.93%
iter 4400: loss 0.8437, time 124.14ms, mfu 2.94%
iter 4410: loss 0.8647, time 122.93ms, mfu 2.95%
iter 4420: loss 0.8564, time 124.28ms, mfu 2.95%
iter 4430: loss 0.8366, time 124.75ms, mfu 2.96%
iter 4440: loss 0.8421, time 123.47ms, mfu 2.96%
iter 4450: loss 0.8458, time 123.42ms, mfu 2.97%
iter 4460: loss 0.8332, time 126.03ms, mfu 2.97%
iter 4470: loss 0.8463, time 124.10ms, mfu 2.97%
iter 4480: loss 0.8265, time 125.63ms, mfu 2.97%
iter 4490: loss 0.8413, time 122.75ms, mfu 2.98%
step 4500: train loss 0.6522, val loss 1.6747
iter 4500: loss 0.8546, time 16267.56ms, mfu 2.68%
iter 4510: loss 0.8366, time 121.06ms, mfu 2.72%
iter 4520: loss 0.8311, time 124.37ms, mfu 2.75%
iter 4530: loss 0.8427, time 124.60ms, mfu 2.77%
iter 4540: loss 0.8426, time 121.68ms, mfu 2.80%
iter 4550: loss 0.8751, time 123.15ms, mfu 2.82%
iter 4560: loss 0.8277, time 121.94ms, mfu 2.85%
iter 4570: loss 0.8460, time 121.74ms, mfu 2.87%
iter 4580: loss 0.8452, time 121.09ms, mfu 2.89%
iter 4590: loss 0.8542, time 123.80ms, mfu 2.90%
iter 4600: loss 0.8234, time 120.71ms, mfu 2.92%
iter 4610: loss 0.8617, time 121.34ms, mfu 2.94%
iter 4620: loss 0.8374, time 124.18ms, mfu 2.94%
iter 4630: loss 0.8271, time 122.66ms, mfu 2.95%
iter 4640: loss 0.8349, time 121.47ms, mfu 2.96%
iter 4650: loss 0.8480, time 123.98ms, mfu 2.97%
iter 4660: loss 0.8463, time 124.51ms, mfu 2.97%
iter 4670: loss 0.8361, time 123.94ms, mfu 2.97%
iter 4680: loss 0.8427, time 122.77ms, mfu 2.98%
iter 4690: loss 0.8461, time 121.04ms, mfu 2.99%
iter 4700: loss 0.8217, time 121.81ms, mfu 3.00%
iter 4710: loss 0.7854, time 120.23ms, mfu 3.01%
iter 4720: loss 0.8343, time 122.02ms, mfu 3.01%
iter 4730: loss 0.8185, time 123.95ms, mfu 3.01%
iter 4740: loss 0.8273, time 122.80ms, mfu 3.01%
step 4750: train loss 0.6333, val loss 1.6908
iter 4750: loss 0.8036, time 16257.56ms, mfu 2.71%
iter 4760: loss 0.8204, time 121.11ms, mfu 2.75%
iter 4770: loss 0.8000, time 124.49ms, mfu 2.77%
iter 4780: loss 0.8061, time 123.17ms, mfu 2.80%
iter 4790: loss 0.8271, time 124.32ms, mfu 2.82%
iter 4800: loss 0.8205, time 122.94ms, mfu 2.84%
iter 4810: loss 0.8332, time 123.36ms, mfu 2.86%
iter 4820: loss 0.8189, time 123.89ms, mfu 2.87%
iter 4830: loss 0.8062, time 122.66ms, mfu 2.89%
iter 4840: loss 0.8291, time 122.48ms, mfu 2.91%
iter 4850: loss 0.8246, time 124.31ms, mfu 2.91%
iter 4860: loss 0.8176, time 123.10ms, mfu 2.93%
iter 4870: loss 0.8099, time 123.33ms, mfu 2.94%
iter 4880: loss 0.8298, time 123.51ms, mfu 2.94%
iter 4890: loss 0.8041, time 122.31ms, mfu 2.95%
iter 4900: loss 0.8108, time 123.11ms, mfu 2.96%
iter 4910: loss 0.8223, time 122.27ms, mfu 2.97%
iter 4920: loss 0.8136, time 120.52ms, mfu 2.98%
iter 4930: loss 0.8065, time 120.40ms, mfu 2.99%
iter 4940: loss 0.7943, time 122.65ms, mfu 3.00%
iter 4950: loss 0.8194, time 122.42ms, mfu 3.00%
iter 4960: loss 0.8331, time 120.48ms, mfu 3.01%
iter 4970: loss 0.7973, time 122.22ms, mfu 3.02%
iter 4980: loss 0.7968, time 120.00ms, mfu 3.02%
iter 4990: loss 0.8222, time 121.72ms, mfu 3.03%
step 5000: train loss 0.6188, val loss 1.7094
iter 5000: loss 0.8265, time 16272.98ms, mfu 2.73%
