Overriding config with config/train_shakespeare_char.py:
# train a miniature character-level shakespeare model
# good for debugging and playing on macbooks and such

out_dir = 'out-shakespeare-char'
eval_interval = 250 # keep frequent because we'll overfit
eval_iters = 200
log_interval = 10 # don't print too too often

# we expect to overfit on this small dataset, so only save when val improves
always_save_checkpoint = False

wandb_log = False # override via command line if you like
wandb_project = 'shakespeare-char'
wandb_run_name = 'mini-gpt'

dataset = 'shakespeare_char'
gradient_accumulation_steps = 1
batch_size = 64
block_size = 256 # context of up to 256 previous characters

# baby GPT model :)
n_layer = 6
n_head = 6
n_embd = 384
dropout = 0.2

learning_rate = 1e-3 # with baby networks can afford to go a bit higher
max_iters = 5000
lr_decay_iters = 5000 # make equal to max_iters usually
min_lr = 1e-4 # learning_rate / 10 usually
beta2 = 0.99 # make a bit bigger because number of tokens per iter is small

warmup_iters = 100 # not super necessary potentially

# on macbook also add
# device = 'cpu'  # run on cpu only
# compile = False # do not torch compile the model

Overriding: dtype = float16
Overriding: compile = False
Overriding: out_dir = /content/drive/MyDrive/Homework1_nanoGPT/out-gqa
tokens per iteration will be: 16,384
found vocab_size = 65 (inside data/shakespeare_char/meta.pkl)
Initializing a new model from scratch
number of parameters: 9.76M
/content/nanoGPT/train.py:196: FutureWarning: `torch.cuda.amp.GradScaler(args...)` is deprecated. Please use `torch.amp.GradScaler('cuda', args...)` instead.
  scaler = torch.cuda.amp.GradScaler(enabled=(dtype == 'float16'))
num decayed parameter tensors: 26, with 9,855,360 parameters
num non-decayed parameter tensors: 13, with 4,992 parameters
using fused AdamW: True
step 0: train loss 4.2949, val loss 4.2866
iter 0: loss 4.2819, time 15013.08ms, mfu -100.00%
iter 10: loss 3.1133, time 117.39ms, mfu 2.94%
iter 20: loss 2.7524, time 118.68ms, mfu 2.93%
iter 30: loss 2.6106, time 119.65ms, mfu 2.93%
iter 40: loss 2.5720, time 118.87ms, mfu 2.93%
iter 50: loss 2.5282, time 120.42ms, mfu 2.92%
iter 60: loss 2.5060, time 123.41ms, mfu 2.91%
iter 70: loss 2.4948, time 122.53ms, mfu 2.90%
iter 80: loss 2.4934, time 122.77ms, mfu 2.89%
iter 90: loss 2.4550, time 121.84ms, mfu 2.88%
iter 100: loss 2.4519, time 127.05ms, mfu 2.87%
iter 110: loss 2.4490, time 125.44ms, mfu 2.85%
iter 120: loss 2.4283, time 125.51ms, mfu 2.84%
iter 130: loss 2.4324, time 126.36ms, mfu 2.83%
iter 140: loss 2.3975, time 127.60ms, mfu 2.82%
iter 150: loss 2.3983, time 128.09ms, mfu 2.81%
iter 160: loss 2.3556, time 128.17ms, mfu 2.79%
iter 170: loss 2.3515, time 127.40ms, mfu 2.79%
iter 180: loss 2.3077, time 126.81ms, mfu 2.78%
iter 190: loss 2.2935, time 128.30ms, mfu 2.77%
iter 200: loss 2.2186, time 130.46ms, mfu 2.76%
iter 210: loss 2.1845, time 130.16ms, mfu 2.75%
iter 220: loss 2.1503, time 131.42ms, mfu 2.73%
iter 230: loss 2.1322, time 132.40ms, mfu 2.72%
iter 240: loss 2.0743, time 132.43ms, mfu 2.71%
step 250: train loss 1.9733, val loss 2.0803
saving checkpoint to /content/drive/MyDrive/Homework1_nanoGPT/out-gqa
iter 250: loss 2.0320, time 17007.62ms, mfu 2.44%
iter 260: loss 1.9912, time 119.64ms, mfu 2.48%
iter 270: loss 1.9927, time 121.63ms, mfu 2.52%
iter 280: loss 1.9335, time 120.13ms, mfu 2.55%
iter 290: loss 1.9339, time 121.33ms, mfu 2.58%
iter 300: loss 1.9070, time 120.95ms, mfu 2.61%
iter 310: loss 1.9106, time 121.30ms, mfu 2.63%
iter 320: loss 1.8795, time 119.87ms, mfu 2.66%
iter 330: loss 1.8477, time 120.86ms, mfu 2.68%
iter 340: loss 1.8131, time 121.04ms, mfu 2.69%
iter 350: loss 1.7848, time 120.00ms, mfu 2.71%
iter 360: loss 1.8109, time 116.77ms, mfu 2.74%
iter 370: loss 1.7588, time 115.66ms, mfu 2.76%
iter 380: loss 1.7593, time 118.80ms, mfu 2.77%
iter 390: loss 1.7409, time 118.28ms, mfu 2.79%
iter 400: loss 1.6854, time 119.93ms, mfu 2.80%
iter 410: loss 1.7413, time 119.05ms, mfu 2.81%
iter 420: loss 1.6938, time 119.55ms, mfu 2.81%
iter 430: loss 1.6984, time 118.89ms, mfu 2.82%
iter 440: loss 1.6644, time 119.79ms, mfu 2.83%
iter 450: loss 1.6699, time 119.88ms, mfu 2.83%
iter 460: loss 1.6772, time 120.31ms, mfu 2.84%
iter 470: loss 1.6462, time 117.02ms, mfu 2.85%
iter 480: loss 1.6437, time 117.23ms, mfu 2.86%
iter 490: loss 1.6085, time 118.58ms, mfu 2.86%
step 500: train loss 1.5282, val loss 1.7322
saving checkpoint to /content/drive/MyDrive/Homework1_nanoGPT/out-gqa
iter 500: loss 1.6051, time 16349.89ms, mfu 2.58%
iter 510: loss 1.5866, time 122.32ms, mfu 2.60%
iter 520: loss 1.6079, time 118.94ms, mfu 2.63%
iter 530: loss 1.5740, time 122.17ms, mfu 2.65%
iter 540: loss 1.5726, time 123.24ms, mfu 2.67%
iter 550: loss 1.5883, time 123.74ms, mfu 2.68%
iter 560: loss 1.5327, time 126.92ms, mfu 2.68%
iter 570: loss 1.5470, time 122.26ms, mfu 2.70%
iter 580: loss 1.5136, time 122.85ms, mfu 2.71%
iter 590: loss 1.5398, time 124.00ms, mfu 2.71%
iter 600: loss 1.5458, time 126.60ms, mfu 2.71%
iter 610: loss 1.5314, time 125.13ms, mfu 2.72%
iter 620: loss 1.5639, time 126.09ms, mfu 2.72%
iter 630: loss 1.5094, time 124.16ms, mfu 2.73%
iter 640: loss 1.5058, time 124.42ms, mfu 2.73%
iter 650: loss 1.4910, time 127.34ms, mfu 2.73%
iter 660: loss 1.5200, time 123.21ms, mfu 2.73%
iter 670: loss 1.4685, time 124.82ms, mfu 2.74%
iter 680: loss 1.4341, time 121.38ms, mfu 2.75%
iter 690: loss 1.4601, time 122.72ms, mfu 2.75%
iter 700: loss 1.4495, time 128.59ms, mfu 2.75%
iter 710: loss 1.4475, time 122.56ms, mfu 2.75%
iter 720: loss 1.4408, time 124.66ms, mfu 2.75%
iter 730: loss 1.4406, time 120.59ms, mfu 2.77%
iter 740: loss 1.4412, time 121.25ms, mfu 2.77%
step 750: train loss 1.3607, val loss 1.5856
saving checkpoint to /content/drive/MyDrive/Homework1_nanoGPT/out-gqa
iter 750: loss 1.4545, time 16700.48ms, mfu 2.50%
iter 760: loss 1.4323, time 120.70ms, mfu 2.53%
iter 770: loss 1.4087, time 121.21ms, mfu 2.56%
iter 780: loss 1.4144, time 121.46ms, mfu 2.59%
iter 790: loss 1.3794, time 120.46ms, mfu 2.62%
iter 800: loss 1.3764, time 121.52ms, mfu 2.64%
iter 810: loss 1.3922, time 119.29ms, mfu 2.67%
iter 820: loss 1.4043, time 120.86ms, mfu 2.68%
iter 830: loss 1.4206, time 121.36ms, mfu 2.70%
iter 840: loss 1.3984, time 120.88ms, mfu 2.72%
iter 850: loss 1.3694, time 120.89ms, mfu 2.73%
iter 860: loss 1.3908, time 121.53ms, mfu 2.74%
iter 870: loss 1.3903, time 119.13ms, mfu 2.76%
iter 880: loss 1.3568, time 121.21ms, mfu 2.76%
iter 890: loss 1.4191, time 119.07ms, mfu 2.78%
iter 900: loss 1.3788, time 120.08ms, mfu 2.79%
iter 910: loss 1.3563, time 120.93ms, mfu 2.79%
iter 920: loss 1.3933, time 122.16ms, mfu 2.80%
iter 930: loss 1.3659, time 123.75ms, mfu 2.79%
iter 940: loss 1.3305, time 122.54ms, mfu 2.80%
iter 950: loss 1.3244, time 120.04ms, mfu 2.80%
iter 960: loss 1.3446, time 122.56ms, mfu 2.81%
iter 970: loss 1.3454, time 121.61ms, mfu 2.81%
iter 980: loss 1.3433, time 121.28ms, mfu 2.81%
iter 990: loss 1.3683, time 120.35ms, mfu 2.82%
step 1000: train loss 1.2757, val loss 1.5396
saving checkpoint to /content/drive/MyDrive/Homework1_nanoGPT/out-gqa
iter 1000: loss 1.3356, time 16889.93ms, mfu 2.54%
iter 1010: loss 1.3416, time 122.63ms, mfu 2.56%
iter 1020: loss 1.3039, time 120.97ms, mfu 2.59%
iter 1030: loss 1.3392, time 122.21ms, mfu 2.62%
iter 1040: loss 1.3175, time 119.23ms, mfu 2.64%
iter 1050: loss 1.3362, time 120.87ms, mfu 2.66%
iter 1060: loss 1.3044, time 122.83ms, mfu 2.68%
iter 1070: loss 1.3291, time 121.15ms, mfu 2.70%
iter 1080: loss 1.3199, time 123.00ms, mfu 2.71%
iter 1090: loss 1.2990, time 120.93ms, mfu 2.72%
iter 1100: loss 1.2993, time 122.03ms, mfu 2.73%
iter 1110: loss 1.3107, time 120.35ms, mfu 2.74%
iter 1120: loss 1.3420, time 124.09ms, mfu 2.75%
iter 1130: loss 1.3307, time 123.72ms, mfu 2.75%
iter 1140: loss 1.3179, time 120.73ms, mfu 2.76%
iter 1150: loss 1.3021, time 122.67ms, mfu 2.77%
iter 1160: loss 1.3117, time 122.03ms, mfu 2.77%
iter 1170: loss 1.2936, time 121.97ms, mfu 2.78%
iter 1180: loss 1.3081, time 122.21ms, mfu 2.78%
iter 1190: loss 1.3001, time 122.01ms, mfu 2.79%
iter 1200: loss 1.2969, time 122.88ms, mfu 2.79%
iter 1210: loss 1.2863, time 125.03ms, mfu 2.79%
iter 1220: loss 1.2821, time 124.36ms, mfu 2.78%
iter 1230: loss 1.2610, time 129.11ms, mfu 2.77%
iter 1240: loss 1.2853, time 121.04ms, mfu 2.78%
step 1250: train loss 1.2045, val loss 1.4962
saving checkpoint to /content/drive/MyDrive/Homework1_nanoGPT/out-gqa
iter 1250: loss 1.2439, time 16804.98ms, mfu 2.50%
iter 1260: loss 1.2892, time 121.09ms, mfu 2.54%
iter 1270: loss 1.2663, time 123.19ms, mfu 2.56%
iter 1280: loss 1.2813, time 122.25ms, mfu 2.59%
iter 1290: loss 1.2979, time 119.65ms, mfu 2.62%
iter 1300: loss 1.2883, time 118.17ms, mfu 2.65%
iter 1310: loss 1.2752, time 120.63ms, mfu 2.67%
iter 1320: loss 1.2331, time 119.54ms, mfu 2.69%
iter 1330: loss 1.2390, time 121.54ms, mfu 2.71%
iter 1340: loss 1.2643, time 120.22ms, mfu 2.72%
iter 1350: loss 1.2490, time 122.08ms, mfu 2.73%
iter 1360: loss 1.2490, time 120.87ms, mfu 2.74%
iter 1370: loss 1.2669, time 120.69ms, mfu 2.76%
iter 1380: loss 1.2367, time 121.85ms, mfu 2.76%
iter 1390: loss 1.2580, time 122.89ms, mfu 2.77%
iter 1400: loss 1.2485, time 121.38ms, mfu 2.77%
iter 1410: loss 1.2273, time 121.71ms, mfu 2.78%
iter 1420: loss 1.2293, time 122.55ms, mfu 2.78%
iter 1430: loss 1.2838, time 122.36ms, mfu 2.79%
iter 1440: loss 1.2339, time 121.06ms, mfu 2.79%
iter 1450: loss 1.2638, time 123.38ms, mfu 2.79%
iter 1460: loss 1.2193, time 120.72ms, mfu 2.80%
iter 1470: loss 1.2420, time 119.31ms, mfu 2.81%
iter 1480: loss 1.2170, time 121.53ms, mfu 2.81%
iter 1490: loss 1.2453, time 121.30ms, mfu 2.81%
step 1500: train loss 1.1507, val loss 1.4796
saving checkpoint to /content/drive/MyDrive/Homework1_nanoGPT/out-gqa
iter 1500: loss 1.2406, time 16859.50ms, mfu 2.53%
iter 1510: loss 1.2300, time 124.85ms, mfu 2.56%
iter 1520: loss 1.2269, time 122.97ms, mfu 2.58%
iter 1530: loss 1.1789, time 119.36ms, mfu 2.61%
iter 1540: loss 1.2215, time 123.56ms, mfu 2.63%
iter 1550: loss 1.2034, time 123.38ms, mfu 2.65%
iter 1560: loss 1.2332, time 121.99ms, mfu 2.66%
iter 1570: loss 1.2050, time 120.42ms, mfu 2.68%
iter 1580: loss 1.2065, time 119.62ms, mfu 2.70%
iter 1590: loss 1.2308, time 123.19ms, mfu 2.71%
iter 1600: loss 1.2225, time 123.16ms, mfu 2.72%
iter 1610: loss 1.2038, time 125.11ms, mfu 2.73%
iter 1620: loss 1.1961, time 122.06ms, mfu 2.74%
iter 1630: loss 1.1874, time 123.01ms, mfu 2.74%
iter 1640: loss 1.1960, time 121.30ms, mfu 2.75%
iter 1650: loss 1.2251, time 125.77ms, mfu 2.75%
iter 1660: loss 1.2006, time 124.40ms, mfu 2.75%
iter 1670: loss 1.2145, time 122.99ms, mfu 2.76%
iter 1680: loss 1.2002, time 124.74ms, mfu 2.76%
iter 1690: loss 1.2003, time 122.04ms, mfu 2.77%
iter 1700: loss 1.1798, time 123.60ms, mfu 2.77%
iter 1710: loss 1.2018, time 121.15ms, mfu 2.78%
iter 1720: loss 1.2067, time 121.48ms, mfu 2.78%
iter 1730: loss 1.1799, time 122.13ms, mfu 2.79%
iter 1740: loss 1.2246, time 122.32ms, mfu 2.79%
step 1750: train loss 1.1042, val loss 1.4775
saving checkpoint to /content/drive/MyDrive/Homework1_nanoGPT/out-gqa
iter 1750: loss 1.2097, time 16703.32ms, mfu 2.51%
iter 1760: loss 1.1985, time 121.54ms, mfu 2.54%
iter 1770: loss 1.1766, time 122.70ms, mfu 2.57%
iter 1780: loss 1.1753, time 122.34ms, mfu 2.60%
iter 1790: loss 1.1811, time 122.51ms, mfu 2.62%
iter 1800: loss 1.1820, time 121.50ms, mfu 2.64%
iter 1810: loss 1.1662, time 121.92ms, mfu 2.66%
iter 1820: loss 1.1714, time 122.44ms, mfu 2.67%
iter 1830: loss 1.1552, time 119.37ms, mfu 2.70%
iter 1840: loss 1.1805, time 122.31ms, mfu 2.71%
iter 1850: loss 1.1602, time 121.29ms, mfu 2.72%
iter 1860: loss 1.1714, time 119.64ms, mfu 2.74%
iter 1870: loss 1.1722, time 122.90ms, mfu 2.74%
iter 1880: loss 1.1449, time 121.36ms, mfu 2.75%
iter 1890: loss 1.1841, time 121.18ms, mfu 2.76%
iter 1900: loss 1.1711, time 118.73ms, mfu 2.78%
iter 1910: loss 1.1670, time 123.56ms, mfu 2.78%
iter 1920: loss 1.1669, time 122.15ms, mfu 2.78%
iter 1930: loss 1.1832, time 119.27ms, mfu 2.79%
iter 1940: loss 1.1502, time 118.76ms, mfu 2.80%
iter 1950: loss 1.1574, time 120.67ms, mfu 2.81%
iter 1960: loss 1.1335, time 121.30ms, mfu 2.81%
iter 1970: loss 1.1755, time 120.93ms, mfu 2.82%
iter 1980: loss 1.1129, time 119.67ms, mfu 2.82%
iter 1990: loss 1.1164, time 121.03ms, mfu 2.83%
step 2000: train loss 1.0585, val loss 1.4570
saving checkpoint to /content/drive/MyDrive/Homework1_nanoGPT/out-gqa
iter 2000: loss 1.1345, time 16508.87ms, mfu 2.55%
iter 2010: loss 1.1247, time 121.95ms, mfu 2.57%
iter 2020: loss 1.1493, time 124.06ms, mfu 2.59%
iter 2030: loss 1.1276, time 123.29ms, mfu 2.61%
iter 2040: loss 1.1281, time 122.41ms, mfu 2.63%
iter 2050: loss 1.1461, time 124.73ms, mfu 2.65%
iter 2060: loss 1.1104, time 120.61ms, mfu 2.67%
iter 2070: loss 1.1211, time 123.89ms, mfu 2.68%
iter 2080: loss 1.1182, time 121.69ms, mfu 2.70%
iter 2090: loss 1.1157, time 125.73ms, mfu 2.70%
iter 2100: loss 1.0950, time 122.11ms, mfu 2.71%
iter 2110: loss 1.1264, time 120.85ms, mfu 2.73%
iter 2120: loss 1.0988, time 124.56ms, mfu 2.73%
iter 2130: loss 1.1305, time 124.41ms, mfu 2.73%
iter 2140: loss 1.1514, time 125.11ms, mfu 2.74%
iter 2150: loss 1.1482, time 125.64ms, mfu 2.74%
iter 2160: loss 1.1255, time 127.83ms, mfu 2.73%
iter 2170: loss 1.1042, time 121.52ms, mfu 2.74%
iter 2180: loss 1.1161, time 126.12ms, mfu 2.74%
iter 2190: loss 1.1328, time 122.63ms, mfu 2.75%
iter 2200: loss 1.1280, time 122.49ms, mfu 2.76%
iter 2210: loss 1.1345, time 122.39ms, mfu 2.76%
iter 2220: loss 1.0827, time 123.17ms, mfu 2.77%
iter 2230: loss 1.1101, time 123.96ms, mfu 2.77%
iter 2240: loss 1.1269, time 124.10ms, mfu 2.77%
step 2250: train loss 1.0087, val loss 1.4802
iter 2250: loss 1.1124, time 16328.33ms, mfu 2.49%
iter 2260: loss 1.1167, time 120.70ms, mfu 2.53%
iter 2270: loss 1.1103, time 121.57ms, mfu 2.56%
iter 2280: loss 1.0933, time 123.54ms, mfu 2.58%
iter 2290: loss 1.0863, time 122.21ms, mfu 2.61%
iter 2300: loss 1.0769, time 120.07ms, mfu 2.63%
iter 2310: loss 1.1029, time 121.16ms, mfu 2.65%
iter 2320: loss 1.0980, time 121.31ms, mfu 2.67%
iter 2330: loss 1.1027, time 122.80ms, mfu 2.69%
iter 2340: loss 1.0948, time 121.31ms, mfu 2.70%
iter 2350: loss 1.1179, time 122.22ms, mfu 2.71%
iter 2360: loss 1.1170, time 119.57ms, mfu 2.73%
iter 2370: loss 1.1184, time 122.81ms, mfu 2.74%
iter 2380: loss 1.0829, time 119.63ms, mfu 2.75%
iter 2390: loss 1.1108, time 119.63ms, mfu 2.77%
iter 2400: loss 1.0669, time 120.65ms, mfu 2.78%
iter 2410: loss 1.0942, time 120.53ms, mfu 2.78%
iter 2420: loss 1.0834, time 120.73ms, mfu 2.79%
iter 2430: loss 1.0891, time 121.54ms, mfu 2.80%
iter 2440: loss 1.0689, time 123.25ms, mfu 2.80%
iter 2450: loss 1.0790, time 119.92ms, mfu 2.80%
iter 2460: loss 1.0624, time 121.32ms, mfu 2.81%
iter 2470: loss 1.0445, time 121.59ms, mfu 2.81%
iter 2480: loss 1.0880, time 121.05ms, mfu 2.81%
iter 2490: loss 1.1010, time 123.25ms, mfu 2.81%
step 2500: train loss 0.9603, val loss 1.4979
iter 2500: loss 1.0505, time 16216.17ms, mfu 2.53%
iter 2510: loss 1.0609, time 122.62ms, mfu 2.56%
iter 2520: loss 1.0792, time 120.78ms, mfu 2.59%
iter 2530: loss 1.0605, time 119.08ms, mfu 2.62%
iter 2540: loss 1.0311, time 121.03ms, mfu 2.64%
iter 2550: loss 1.0931, time 122.58ms, mfu 2.66%
iter 2560: loss 1.0708, time 119.08ms, mfu 2.68%
iter 2570: loss 1.0581, time 122.94ms, mfu 2.70%
iter 2580: loss 1.0493, time 119.32ms, mfu 2.72%
iter 2590: loss 1.0681, time 122.59ms, mfu 2.72%
iter 2600: loss 1.0572, time 121.20ms, mfu 2.74%
iter 2610: loss 1.0635, time 120.07ms, mfu 2.75%
iter 2620: loss 1.0251, time 122.39ms, mfu 2.76%
iter 2630: loss 1.0551, time 125.76ms, mfu 2.76%
iter 2640: loss 1.0293, time 122.41ms, mfu 2.76%
iter 2650: loss 1.0340, time 119.60ms, mfu 2.77%
iter 2660: loss 1.0378, time 123.76ms, mfu 2.77%
iter 2670: loss 1.0601, time 121.94ms, mfu 2.78%
iter 2680: loss 1.0444, time 121.82ms, mfu 2.79%
iter 2690: loss 1.0418, time 124.33ms, mfu 2.78%
iter 2700: loss 1.0177, time 120.66ms, mfu 2.79%
iter 2710: loss 1.0453, time 121.31ms, mfu 2.80%
iter 2720: loss 1.0259, time 123.44ms, mfu 2.80%
iter 2730: loss 1.0250, time 122.70ms, mfu 2.80%
iter 2740: loss 1.0412, time 122.58ms, mfu 2.80%
step 2750: train loss 0.9120, val loss 1.5304
iter 2750: loss 1.0018, time 16389.37ms, mfu 2.52%
iter 2760: loss 1.0029, time 121.58ms, mfu 2.55%
iter 2770: loss 1.0289, time 121.58ms, mfu 2.58%
iter 2780: loss 1.0225, time 121.50ms, mfu 2.61%
iter 2790: loss 1.0284, time 123.01ms, mfu 2.63%
iter 2800: loss 1.0438, time 121.67ms, mfu 2.65%
iter 2810: loss 1.0231, time 120.38ms, mfu 2.67%
iter 2820: loss 1.0492, time 122.16ms, mfu 2.68%
iter 2830: loss 1.0163, time 120.15ms, mfu 2.70%
iter 2840: loss 1.0213, time 121.24ms, mfu 2.72%
iter 2850: loss 1.0117, time 124.22ms, mfu 2.72%
iter 2860: loss 1.0088, time 119.71ms, mfu 2.74%
iter 2870: loss 0.9927, time 119.25ms, mfu 2.75%
iter 2880: loss 1.0265, time 120.44ms, mfu 2.76%
iter 2890: loss 1.0269, time 121.93ms, mfu 2.77%
iter 2900: loss 0.9967, time 120.19ms, mfu 2.78%
iter 2910: loss 1.0020, time 122.38ms, mfu 2.78%
iter 2920: loss 1.0365, time 122.32ms, mfu 2.79%
iter 2930: loss 0.9901, time 121.96ms, mfu 2.79%
iter 2940: loss 0.9994, time 119.31ms, mfu 2.80%
iter 2950: loss 1.0120, time 121.48ms, mfu 2.80%
iter 2960: loss 1.0135, time 120.36ms, mfu 2.81%
iter 2970: loss 0.9845, time 122.23ms, mfu 2.81%
iter 2980: loss 1.0063, time 124.67ms, mfu 2.81%
iter 2990: loss 1.0152, time 120.38ms, mfu 2.81%
step 3000: train loss 0.8666, val loss 1.5434
iter 3000: loss 0.9945, time 16354.42ms, mfu 2.53%
iter 3010: loss 0.9864, time 122.79ms, mfu 2.56%
iter 3020: loss 0.9934, time 121.94ms, mfu 2.59%
iter 3030: loss 1.0090, time 120.97ms, mfu 2.61%
iter 3040: loss 0.9920, time 125.46ms, mfu 2.63%
iter 3050: loss 1.0150, time 122.83ms, mfu 2.65%
iter 3060: loss 0.9802, time 124.51ms, mfu 2.66%
iter 3070: loss 0.9836, time 124.47ms, mfu 2.67%
iter 3080: loss 0.9958, time 123.01ms, mfu 2.68%
iter 3090: loss 0.9987, time 122.69ms, mfu 2.69%
iter 3100: loss 0.9732, time 122.49ms, mfu 2.71%
iter 3110: loss 1.0131, time 123.52ms, mfu 2.72%
iter 3120: loss 0.9634, time 121.93ms, mfu 2.73%
iter 3130: loss 0.9526, time 121.97ms, mfu 2.74%
iter 3140: loss 0.9542, time 121.30ms, mfu 2.75%
iter 3150: loss 1.0124, time 121.68ms, mfu 2.76%
iter 3160: loss 0.9979, time 122.95ms, mfu 2.76%
iter 3170: loss 0.9712, time 122.28ms, mfu 2.77%
iter 3180: loss 0.9647, time 121.90ms, mfu 2.77%
iter 3190: loss 0.9642, time 122.16ms, mfu 2.78%
iter 3200: loss 0.9683, time 123.37ms, mfu 2.78%
iter 3210: loss 0.9741, time 123.70ms, mfu 2.78%
iter 3220: loss 0.9640, time 122.27ms, mfu 2.78%
iter 3230: loss 0.9650, time 121.48ms, mfu 2.79%
iter 3240: loss 0.9623, time 125.32ms, mfu 2.79%
step 3250: train loss 0.8209, val loss 1.5695
iter 3250: loss 0.9622, time 16483.42ms, mfu 2.51%
iter 3260: loss 0.9543, time 125.27ms, mfu 2.53%
iter 3270: loss 0.9829, time 121.91ms, mfu 2.56%
iter 3280: loss 0.9661, time 121.44ms, mfu 2.59%
iter 3290: loss 0.9532, time 123.30ms, mfu 2.61%
iter 3300: loss 0.9870, time 120.49ms, mfu 2.64%
iter 3310: loss 0.9676, time 120.58ms, mfu 2.66%
iter 3320: loss 0.9607, time 124.46ms, mfu 2.67%
iter 3330: loss 0.9638, time 124.12ms, mfu 2.68%
iter 3340: loss 0.9552, time 121.44ms, mfu 2.70%
iter 3350: loss 0.9859, time 121.16ms, mfu 2.71%
iter 3360: loss 0.9352, time 121.07ms, mfu 2.72%
iter 3370: loss 0.9385, time 122.11ms, mfu 2.73%
iter 3380: loss 0.9839, time 120.56ms, mfu 2.75%
iter 3390: loss 0.9691, time 122.34ms, mfu 2.75%
iter 3400: loss 0.9459, time 124.04ms, mfu 2.76%
iter 3410: loss 0.9355, time 119.38ms, mfu 2.77%
iter 3420: loss 0.9357, time 121.34ms, mfu 2.78%
iter 3430: loss 0.9338, time 122.22ms, mfu 2.78%
iter 3440: loss 0.9570, time 125.53ms, mfu 2.78%
iter 3450: loss 0.9631, time 121.27ms, mfu 2.78%
iter 3460: loss 0.9307, time 122.87ms, mfu 2.79%
iter 3470: loss 0.9265, time 125.10ms, mfu 2.78%
iter 3480: loss 0.9353, time 123.63ms, mfu 2.78%
iter 3490: loss 0.9451, time 121.36ms, mfu 2.79%
step 3500: train loss 0.7832, val loss 1.5954
iter 3500: loss 0.9308, time 16404.97ms, mfu 2.51%
iter 3510: loss 0.9208, time 121.67ms, mfu 2.54%
iter 3520: loss 0.9375, time 120.84ms, mfu 2.58%
iter 3530: loss 0.9349, time 121.54ms, mfu 2.60%
iter 3540: loss 0.9265, time 123.09ms, mfu 2.62%
iter 3550: loss 0.9146, time 122.94ms, mfu 2.64%
iter 3560: loss 0.9185, time 122.32ms, mfu 2.66%
iter 3570: loss 0.9066, time 120.29ms, mfu 2.68%
iter 3580: loss 0.9035, time 124.34ms, mfu 2.69%
iter 3590: loss 0.9216, time 120.30ms, mfu 2.71%
iter 3600: loss 0.9066, time 119.31ms, mfu 2.72%
iter 3610: loss 0.9013, time 120.01ms, mfu 2.74%
iter 3620: loss 0.9353, time 122.06ms, mfu 2.75%
iter 3630: loss 0.9230, time 119.63ms, mfu 2.76%
iter 3640: loss 0.8994, time 122.45ms, mfu 2.77%
iter 3650: loss 0.9370, time 122.09ms, mfu 2.77%
iter 3660: loss 0.8799, time 122.54ms, mfu 2.78%
iter 3670: loss 0.9212, time 121.27ms, mfu 2.78%
iter 3680: loss 0.9086, time 120.65ms, mfu 2.79%
iter 3690: loss 0.9213, time 126.85ms, mfu 2.78%
iter 3700: loss 0.9266, time 121.86ms, mfu 2.79%
iter 3710: loss 0.9218, time 125.04ms, mfu 2.78%
iter 3720: loss 0.9092, time 120.81ms, mfu 2.79%
iter 3730: loss 0.9077, time 123.64ms, mfu 2.79%
iter 3740: loss 0.9147, time 119.25ms, mfu 2.80%
step 3750: train loss 0.7449, val loss 1.6112
iter 3750: loss 0.9030, time 16444.64ms, mfu 2.52%
iter 3760: loss 0.9104, time 120.61ms, mfu 2.56%
iter 3770: loss 0.9135, time 121.83ms, mfu 2.58%
iter 3780: loss 0.9102, time 122.32ms, mfu 2.61%
iter 3790: loss 0.9144, time 123.75ms, mfu 2.63%
iter 3800: loss 0.8878, time 121.22ms, mfu 2.65%
iter 3810: loss 0.9214, time 121.31ms, mfu 2.67%
iter 3820: loss 0.9060, time 121.58ms, mfu 2.68%
iter 3830: loss 0.8903, time 121.41ms, mfu 2.70%
iter 3840: loss 0.8998, time 123.55ms, mfu 2.71%
iter 3850: loss 0.9160, time 120.51ms, mfu 2.72%
iter 3860: loss 0.9147, time 120.07ms, mfu 2.74%
iter 3870: loss 0.8865, time 124.64ms, mfu 2.74%
iter 3880: loss 0.9078, time 124.24ms, mfu 2.74%
iter 3890: loss 0.9001, time 125.06ms, mfu 2.75%
iter 3900: loss 0.8775, time 121.55ms, mfu 2.75%
iter 3910: loss 0.8925, time 119.02ms, mfu 2.77%
iter 3920: loss 0.9206, time 125.68ms, mfu 2.77%
iter 3930: loss 0.8978, time 121.49ms, mfu 2.77%
iter 3940: loss 0.8767, time 121.93ms, mfu 2.78%
iter 3950: loss 0.8665, time 124.23ms, mfu 2.78%
iter 3960: loss 0.8755, time 122.50ms, mfu 2.78%
iter 3970: loss 0.8943, time 121.52ms, mfu 2.79%
iter 3980: loss 0.8824, time 121.94ms, mfu 2.79%
iter 3990: loss 0.8745, time 120.84ms, mfu 2.80%
step 4000: train loss 0.7084, val loss 1.6415
iter 4000: loss 0.8852, time 16459.38ms, mfu 2.52%
iter 4010: loss 0.8742, time 120.66ms, mfu 2.55%
iter 4020: loss 0.8731, time 118.78ms, mfu 2.59%
iter 4030: loss 0.8709, time 120.90ms, mfu 2.61%
iter 4040: loss 0.8810, time 119.67ms, mfu 2.64%
iter 4050: loss 0.8764, time 121.13ms, mfu 2.66%
iter 4060: loss 0.8971, time 121.81ms, mfu 2.68%
iter 4070: loss 0.8806, time 120.34ms, mfu 2.70%
iter 4080: loss 0.8647, time 123.18ms, mfu 2.71%
iter 4090: loss 0.8921, time 118.62ms, mfu 2.73%
iter 4100: loss 0.8825, time 120.94ms, mfu 2.74%
iter 4110: loss 0.8823, time 121.78ms, mfu 2.75%
iter 4120: loss 0.8749, time 120.36ms, mfu 2.76%
iter 4130: loss 0.8858, time 120.95ms, mfu 2.77%
iter 4140: loss 0.8697, time 120.57ms, mfu 2.78%
iter 4150: loss 0.8704, time 118.90ms, mfu 2.79%
iter 4160: loss 0.8765, time 119.25ms, mfu 2.80%
iter 4170: loss 0.8661, time 121.88ms, mfu 2.80%
iter 4180: loss 0.8753, time 121.93ms, mfu 2.81%
iter 4190: loss 0.8832, time 121.62ms, mfu 2.81%
iter 4200: loss 0.8419, time 124.29ms, mfu 2.81%
iter 4210: loss 0.8619, time 122.50ms, mfu 2.81%
iter 4220: loss 0.8482, time 122.00ms, mfu 2.81%
iter 4230: loss 0.8570, time 121.31ms, mfu 2.81%
iter 4240: loss 0.8574, time 122.04ms, mfu 2.81%
step 4250: train loss 0.6839, val loss 1.6590
iter 4250: loss 0.8861, time 16237.29ms, mfu 2.53%
iter 4260: loss 0.8511, time 122.80ms, mfu 2.56%
iter 4270: loss 0.8575, time 122.98ms, mfu 2.59%
iter 4280: loss 0.8399, time 121.83ms, mfu 2.61%
iter 4290: loss 0.8393, time 121.67ms, mfu 2.63%
iter 4300: loss 0.8448, time 123.99ms, mfu 2.65%
iter 4310: loss 0.8488, time 124.38ms, mfu 2.66%
iter 4320: loss 0.8273, time 121.32ms, mfu 2.68%
iter 4330: loss 0.8609, time 119.32ms, mfu 2.70%
iter 4340: loss 0.8551, time 120.54ms, mfu 2.71%
iter 4350: loss 0.8584, time 118.69ms, mfu 2.73%
iter 4360: loss 0.8732, time 118.71ms, mfu 2.75%
iter 4370: loss 0.8707, time 120.97ms, mfu 2.76%
iter 4380: loss 0.8438, time 122.25ms, mfu 2.77%
iter 4390: loss 0.8493, time 119.93ms, mfu 2.78%
iter 4400: loss 0.8440, time 121.73ms, mfu 2.78%
iter 4410: loss 0.8448, time 119.30ms, mfu 2.79%
iter 4420: loss 0.8646, time 122.08ms, mfu 2.80%
iter 4430: loss 0.8591, time 122.55ms, mfu 2.80%
iter 4440: loss 0.8774, time 123.20ms, mfu 2.80%
iter 4450: loss 0.8582, time 121.05ms, mfu 2.80%
iter 4460: loss 0.8459, time 121.61ms, mfu 2.81%
iter 4470: loss 0.8557, time 120.63ms, mfu 2.81%
iter 4480: loss 0.8462, time 121.25ms, mfu 2.81%
iter 4490: loss 0.8383, time 122.63ms, mfu 2.81%
step 4500: train loss 0.6575, val loss 1.6782
iter 4500: loss 0.8493, time 16213.97ms, mfu 2.54%
iter 4510: loss 0.8342, time 124.12ms, mfu 2.56%
iter 4520: loss 0.8608, time 123.18ms, mfu 2.58%
iter 4530: loss 0.8026, time 123.48ms, mfu 2.60%
iter 4540: loss 0.8429, time 122.54ms, mfu 2.63%
iter 4550: loss 0.8611, time 122.76ms, mfu 2.64%
iter 4560: loss 0.8371, time 122.20ms, mfu 2.66%
iter 4570: loss 0.8314, time 121.27ms, mfu 2.68%
iter 4580: loss 0.8487, time 120.05ms, mfu 2.70%
iter 4590: loss 0.8404, time 121.91ms, mfu 2.71%
iter 4600: loss 0.8131, time 119.65ms, mfu 2.73%
iter 4610: loss 0.8415, time 121.65ms, mfu 2.74%
iter 4620: loss 0.8273, time 121.61ms, mfu 2.75%
iter 4630: loss 0.8510, time 120.66ms, mfu 2.76%
iter 4640: loss 0.8554, time 119.62ms, mfu 2.77%
iter 4650: loss 0.8462, time 120.69ms, mfu 2.78%
iter 4660: loss 0.8336, time 122.51ms, mfu 2.78%
iter 4670: loss 0.8176, time 122.92ms, mfu 2.79%
iter 4680: loss 0.8346, time 121.97ms, mfu 2.79%
iter 4690: loss 0.8428, time 122.32ms, mfu 2.79%
iter 4700: loss 0.8285, time 119.64ms, mfu 2.80%
iter 4710: loss 0.8115, time 119.62ms, mfu 2.81%
iter 4720: loss 0.8347, time 122.60ms, mfu 2.81%
iter 4730: loss 0.8180, time 122.02ms, mfu 2.81%
iter 4740: loss 0.8366, time 121.79ms, mfu 2.81%
step 4750: train loss 0.6408, val loss 1.6945
iter 4750: loss 0.8286, time 16138.99ms, mfu 2.53%
iter 4760: loss 0.8517, time 121.45ms, mfu 2.56%
iter 4770: loss 0.8332, time 120.71ms, mfu 2.59%
iter 4780: loss 0.8168, time 119.61ms, mfu 2.62%
iter 4790: loss 0.8285, time 121.64ms, mfu 2.64%
iter 4800: loss 0.8326, time 122.00ms, mfu 2.66%
iter 4810: loss 0.8335, time 120.64ms, mfu 2.68%
iter 4820: loss 0.8388, time 122.27ms, mfu 2.70%
iter 4830: loss 0.8215, time 121.29ms, mfu 2.71%
iter 4840: loss 0.8193, time 121.42ms, mfu 2.72%
iter 4850: loss 0.8239, time 122.50ms, mfu 2.73%
iter 4860: loss 0.8425, time 120.06ms, mfu 2.75%
iter 4870: loss 0.8317, time 122.65ms, mfu 2.75%
iter 4880: loss 0.8054, time 120.77ms, mfu 2.76%
iter 4890: loss 0.8074, time 119.87ms, mfu 2.77%
iter 4900: loss 0.8326, time 120.09ms, mfu 2.78%
iter 4910: loss 0.8391, time 121.78ms, mfu 2.79%
iter 4920: loss 0.8322, time 121.95ms, mfu 2.79%
iter 4930: loss 0.8112, time 120.28ms, mfu 2.80%
iter 4940: loss 0.8383, time 121.90ms, mfu 2.80%
iter 4950: loss 0.8162, time 120.67ms, mfu 2.81%
iter 4960: loss 0.8174, time 120.71ms, mfu 2.81%
iter 4970: loss 0.8602, time 120.99ms, mfu 2.82%
iter 4980: loss 0.8068, time 120.65ms, mfu 2.82%
iter 4990: loss 0.8455, time 120.63ms, mfu 2.82%
step 5000: train loss 0.6248, val loss 1.7110
iter 5000: loss 0.8408, time 16193.89ms, mfu 2.54%
