Overriding config with config/train_shakespeare_char.py:
# train a miniature character-level shakespeare model
# good for debugging and playing on macbooks and such

out_dir = 'out-shakespeare-char'
eval_interval = 250 # keep frequent because we'll overfit
eval_iters = 200
log_interval = 10 # don't print too too often

# we expect to overfit on this small dataset, so only save when val improves
always_save_checkpoint = False

wandb_log = False # override via command line if you like
wandb_project = 'shakespeare-char'
wandb_run_name = 'mini-gpt'

dataset = 'shakespeare_char'
gradient_accumulation_steps = 1
batch_size = 64
block_size = 256 # context of up to 256 previous characters

# baby GPT model :)
n_layer = 6
n_head = 6
n_embd = 384
dropout = 0.2

learning_rate = 1e-3 # with baby networks can afford to go a bit higher
max_iters = 5000
lr_decay_iters = 5000 # make equal to max_iters usually
min_lr = 1e-4 # learning_rate / 10 usually
beta2 = 0.99 # make a bit bigger because number of tokens per iter is small

warmup_iters = 100 # not super necessary potentially

# on macbook also add
# device = 'cpu'  # run on cpu only
# compile = False # do not torch compile the model

Overriding: dtype = float16
Overriding: compile = False
Overriding: out_dir = /content/drive/MyDrive/Homework1_nanoGPT/out-nope
tokens per iteration will be: 16,384
found vocab_size = 65 (inside data/shakespeare_char/meta.pkl)
Initializing a new model from scratch
number of parameters: 10.65M
/content/nanoGPT/train.py:196: FutureWarning: `torch.cuda.amp.GradScaler(args...)` is deprecated. Please use `torch.amp.GradScaler('cuda', args...)` instead.
  scaler = torch.cuda.amp.GradScaler(enabled=(dtype == 'float16'))
num decayed parameter tensors: 25, with 10,641,792 parameters
num non-decayed parameter tensors: 13, with 4,992 parameters
using fused AdamW: True
step 0: train loss 4.1956, val loss 4.2024
iter 0: loss 4.2146, time 13112.80ms, mfu -100.00%
iter 10: loss 3.0455, time 106.43ms, mfu 3.50%
iter 20: loss 2.6892, time 102.35ms, mfu 3.52%
iter 30: loss 2.5577, time 103.02ms, mfu 3.53%
iter 40: loss 2.5170, time 101.37ms, mfu 3.54%
iter 50: loss 2.5107, time 102.15ms, mfu 3.55%
iter 60: loss 2.4744, time 102.98ms, mfu 3.56%
iter 70: loss 2.4943, time 105.58ms, mfu 3.55%
iter 80: loss 2.4558, time 103.50ms, mfu 3.56%
iter 90: loss 2.4521, time 104.21ms, mfu 3.56%
iter 100: loss 2.4469, time 105.34ms, mfu 3.56%
iter 110: loss 2.4561, time 104.80ms, mfu 3.56%
iter 120: loss 2.4464, time 106.32ms, mfu 3.55%
iter 130: loss 2.4164, time 104.04ms, mfu 3.56%
iter 140: loss 2.4255, time 105.44ms, mfu 3.55%
iter 150: loss 2.4189, time 107.57ms, mfu 3.54%
iter 160: loss 2.3928, time 107.89ms, mfu 3.54%
iter 170: loss 2.3901, time 106.07ms, mfu 3.53%
iter 180: loss 2.3857, time 108.70ms, mfu 3.52%
iter 190: loss 2.3897, time 108.65ms, mfu 3.51%
iter 200: loss 2.3904, time 107.39ms, mfu 3.51%
iter 210: loss 2.3703, time 109.17ms, mfu 3.50%
iter 220: loss 2.3710, time 109.75ms, mfu 3.49%
iter 230: loss 2.3629, time 108.81ms, mfu 3.48%
iter 240: loss 2.3485, time 111.75ms, mfu 3.47%
step 250: train loss 2.3019, val loss 2.3805
saving checkpoint to /content/drive/MyDrive/Homework1_nanoGPT/out-nope
iter 250: loss 2.3345, time 14954.69ms, mfu 3.12%
iter 260: loss 2.3714, time 113.49ms, mfu 3.14%
iter 270: loss 2.3470, time 114.77ms, mfu 3.15%
iter 280: loss 2.3379, time 116.26ms, mfu 3.16%
iter 290: loss 2.3339, time 117.77ms, mfu 3.16%
iter 300: loss 2.3005, time 118.86ms, mfu 3.15%
iter 310: loss 2.2995, time 117.68ms, mfu 3.16%
iter 320: loss 2.3040, time 116.99ms, mfu 3.16%
iter 330: loss 2.2825, time 120.09ms, mfu 3.15%
iter 340: loss 2.2382, time 119.84ms, mfu 3.15%
iter 350: loss 2.2430, time 120.87ms, mfu 3.14%
iter 360: loss 2.2457, time 119.46ms, mfu 3.14%
iter 370: loss 2.2358, time 120.75ms, mfu 3.13%
iter 380: loss 2.2213, time 122.04ms, mfu 3.13%
iter 390: loss 2.1856, time 121.96ms, mfu 3.12%
iter 400: loss 2.1252, time 124.76ms, mfu 3.11%
iter 410: loss 2.1588, time 123.16ms, mfu 3.10%
iter 420: loss 2.0885, time 124.50ms, mfu 3.09%
iter 430: loss 2.0700, time 126.84ms, mfu 3.07%
iter 440: loss 2.1010, time 126.23ms, mfu 3.06%
iter 450: loss 2.0501, time 127.83ms, mfu 3.05%
iter 460: loss 2.0131, time 126.31ms, mfu 3.04%
iter 470: loss 1.9775, time 128.09ms, mfu 3.02%
iter 480: loss 1.9841, time 128.43ms, mfu 3.01%
iter 490: loss 1.9795, time 129.77ms, mfu 3.00%
step 500: train loss 1.8669, val loss 2.0190
saving checkpoint to /content/drive/MyDrive/Homework1_nanoGPT/out-nope
iter 500: loss 2.0420, time 17036.47ms, mfu 2.70%
iter 510: loss 1.9766, time 125.77ms, mfu 2.73%
iter 520: loss 1.9312, time 124.62ms, mfu 2.75%
iter 530: loss 1.9086, time 124.28ms, mfu 2.78%
iter 540: loss 1.8991, time 124.94ms, mfu 2.80%
iter 550: loss 1.9030, time 123.24ms, mfu 2.82%
iter 560: loss 1.8558, time 123.86ms, mfu 2.84%
iter 570: loss 1.8975, time 120.73ms, mfu 2.86%
iter 580: loss 1.8691, time 123.12ms, mfu 2.88%
iter 590: loss 1.8637, time 121.45ms, mfu 2.90%
iter 600: loss 1.8129, time 122.04ms, mfu 2.91%
iter 610: loss 1.7951, time 121.03ms, mfu 2.93%
iter 620: loss 1.8164, time 120.83ms, mfu 2.95%
iter 630: loss 1.8156, time 119.80ms, mfu 2.96%
iter 640: loss 1.7829, time 120.50ms, mfu 2.98%
iter 650: loss 1.7919, time 118.81ms, mfu 2.99%
iter 660: loss 1.7143, time 120.51ms, mfu 3.00%
iter 670: loss 1.7387, time 120.00ms, mfu 3.01%
iter 680: loss 1.6977, time 120.41ms, mfu 3.02%
iter 690: loss 1.7384, time 120.20ms, mfu 3.03%
iter 700: loss 1.6904, time 119.07ms, mfu 3.04%
iter 710: loss 1.6797, time 120.50ms, mfu 3.04%
iter 720: loss 1.6821, time 119.77ms, mfu 3.05%
iter 730: loss 1.7077, time 119.49ms, mfu 3.06%
iter 740: loss 1.7096, time 121.06ms, mfu 3.06%
step 750: train loss 1.5873, val loss 1.7768
saving checkpoint to /content/drive/MyDrive/Homework1_nanoGPT/out-nope
iter 750: loss 1.6485, time 16148.91ms, mfu 2.76%
iter 760: loss 1.6689, time 121.94ms, mfu 2.79%
iter 770: loss 1.6364, time 121.64ms, mfu 2.81%
iter 780: loss 1.6132, time 121.89ms, mfu 2.84%
iter 790: loss 1.6496, time 120.94ms, mfu 2.86%
iter 800: loss 1.6418, time 121.57ms, mfu 2.88%
iter 810: loss 1.6416, time 122.73ms, mfu 2.90%
iter 820: loss 1.6344, time 122.95ms, mfu 2.91%
iter 830: loss 1.5916, time 120.19ms, mfu 2.93%
iter 840: loss 1.5882, time 122.43ms, mfu 2.94%
iter 850: loss 1.6304, time 125.70ms, mfu 2.94%
iter 860: loss 1.5776, time 122.70ms, mfu 2.95%
iter 870: loss 1.5806, time 122.92ms, mfu 2.96%
iter 880: loss 1.5811, time 124.44ms, mfu 2.96%
iter 890: loss 1.5989, time 124.14ms, mfu 2.97%
iter 900: loss 1.5889, time 125.21ms, mfu 2.97%
iter 910: loss 1.5990, time 121.57ms, mfu 2.98%
iter 920: loss 1.5607, time 125.27ms, mfu 2.98%
iter 930: loss 1.5794, time 124.07ms, mfu 2.98%
iter 940: loss 1.5814, time 123.96ms, mfu 2.98%
iter 950: loss 1.5070, time 123.74ms, mfu 2.99%
iter 960: loss 1.5457, time 126.07ms, mfu 2.98%
iter 970: loss 1.5674, time 126.31ms, mfu 2.98%
iter 980: loss 1.5599, time 127.44ms, mfu 2.97%
iter 990: loss 1.5550, time 124.82ms, mfu 2.98%
step 1000: train loss 1.4487, val loss 1.6689
saving checkpoint to /content/drive/MyDrive/Homework1_nanoGPT/out-nope
iter 1000: loss 1.5433, time 16832.86ms, mfu 2.68%
iter 1010: loss 1.5391, time 121.70ms, mfu 2.72%
iter 1020: loss 1.5287, time 124.08ms, mfu 2.75%
iter 1030: loss 1.5285, time 125.68ms, mfu 2.77%
iter 1040: loss 1.5015, time 120.66ms, mfu 2.80%
iter 1050: loss 1.5269, time 121.78ms, mfu 2.83%
iter 1060: loss 1.5242, time 121.51ms, mfu 2.85%
iter 1070: loss 1.5445, time 122.64ms, mfu 2.87%
iter 1080: loss 1.5504, time 121.74ms, mfu 2.89%
iter 1090: loss 1.5156, time 121.10ms, mfu 2.91%
iter 1100: loss 1.5004, time 123.70ms, mfu 2.92%
iter 1110: loss 1.4918, time 122.29ms, mfu 2.93%
iter 1120: loss 1.5105, time 121.62ms, mfu 2.94%
iter 1130: loss 1.4713, time 120.64ms, mfu 2.96%
iter 1140: loss 1.4988, time 119.89ms, mfu 2.97%
iter 1150: loss 1.5419, time 119.87ms, mfu 2.99%
iter 1160: loss 1.4873, time 120.70ms, mfu 3.00%
iter 1170: loss 1.4812, time 121.24ms, mfu 3.00%
iter 1180: loss 1.4739, time 121.53ms, mfu 3.01%
iter 1190: loss 1.5119, time 121.16ms, mfu 3.02%
iter 1200: loss 1.4944, time 121.54ms, mfu 3.02%
iter 1210: loss 1.4617, time 121.13ms, mfu 3.03%
iter 1220: loss 1.4828, time 121.85ms, mfu 3.03%
iter 1230: loss 1.4098, time 121.71ms, mfu 3.03%
iter 1240: loss 1.4535, time 120.51ms, mfu 3.04%
step 1250: train loss 1.3861, val loss 1.6243
saving checkpoint to /content/drive/MyDrive/Homework1_nanoGPT/out-nope
iter 1250: loss 1.4517, time 16298.02ms, mfu 2.74%
iter 1260: loss 1.4697, time 122.80ms, mfu 2.77%
iter 1270: loss 1.4461, time 122.79ms, mfu 2.79%
iter 1280: loss 1.4745, time 122.01ms, mfu 2.82%
iter 1290: loss 1.4569, time 123.61ms, mfu 2.84%
iter 1300: loss 1.4391, time 123.98ms, mfu 2.86%
iter 1310: loss 1.4606, time 120.94ms, mfu 2.88%
iter 1320: loss 1.4729, time 121.88ms, mfu 2.90%
iter 1330: loss 1.4315, time 122.85ms, mfu 2.91%
iter 1340: loss 1.4580, time 124.72ms, mfu 2.92%
iter 1350: loss 1.4160, time 123.16ms, mfu 2.93%
iter 1360: loss 1.4633, time 122.94ms, mfu 2.94%
iter 1370: loss 1.4494, time 124.23ms, mfu 2.94%
iter 1380: loss 1.4050, time 122.36ms, mfu 2.96%
iter 1390: loss 1.4191, time 124.32ms, mfu 2.96%
iter 1400: loss 1.4255, time 124.22ms, mfu 2.96%
iter 1410: loss 1.4522, time 123.87ms, mfu 2.97%
iter 1420: loss 1.4395, time 123.34ms, mfu 2.97%
iter 1430: loss 1.4165, time 126.06ms, mfu 2.97%
iter 1440: loss 1.4394, time 125.42ms, mfu 2.97%
iter 1450: loss 1.4092, time 123.17ms, mfu 2.98%
iter 1460: loss 1.3969, time 122.51ms, mfu 2.98%
iter 1470: loss 1.4146, time 122.02ms, mfu 2.99%
iter 1480: loss 1.4262, time 121.87ms, mfu 3.00%
iter 1490: loss 1.4386, time 122.06ms, mfu 3.00%
step 1500: train loss 1.3240, val loss 1.5839
saving checkpoint to /content/drive/MyDrive/Homework1_nanoGPT/out-nope
iter 1500: loss 1.4027, time 16979.32ms, mfu 2.70%
iter 1510: loss 1.4104, time 122.90ms, mfu 2.74%
iter 1520: loss 1.4182, time 122.94ms, mfu 2.77%
iter 1530: loss 1.4116, time 122.86ms, mfu 2.79%
iter 1540: loss 1.4054, time 121.86ms, mfu 2.82%
iter 1550: loss 1.3956, time 125.26ms, mfu 2.84%
iter 1560: loss 1.4090, time 124.78ms, mfu 2.85%
iter 1570: loss 1.4138, time 122.58ms, mfu 2.87%
iter 1580: loss 1.3718, time 123.99ms, mfu 2.88%
iter 1590: loss 1.3848, time 122.59ms, mfu 2.90%
iter 1600: loss 1.3372, time 124.13ms, mfu 2.91%
iter 1610: loss 1.3758, time 124.84ms, mfu 2.92%
iter 1620: loss 1.3720, time 124.66ms, mfu 2.92%
iter 1630: loss 1.4024, time 123.06ms, mfu 2.93%
iter 1640: loss 1.4123, time 125.06ms, mfu 2.94%
iter 1650: loss 1.4019, time 122.96ms, mfu 2.95%
iter 1660: loss 1.3805, time 125.27ms, mfu 2.95%
iter 1670: loss 1.4096, time 123.30ms, mfu 2.96%
iter 1680: loss 1.3946, time 123.14ms, mfu 2.96%
iter 1690: loss 1.3607, time 124.91ms, mfu 2.97%
iter 1700: loss 1.3647, time 124.85ms, mfu 2.97%
iter 1710: loss 1.3692, time 124.58ms, mfu 2.97%
iter 1720: loss 1.3639, time 124.87ms, mfu 2.97%
iter 1730: loss 1.3353, time 123.44ms, mfu 2.98%
iter 1740: loss 1.3666, time 123.24ms, mfu 2.98%
step 1750: train loss 1.2860, val loss 1.5673
saving checkpoint to /content/drive/MyDrive/Homework1_nanoGPT/out-nope
iter 1750: loss 1.3733, time 16656.87ms, mfu 2.69%
iter 1760: loss 1.4046, time 123.50ms, mfu 2.72%
iter 1770: loss 1.3620, time 120.66ms, mfu 2.76%
iter 1780: loss 1.3842, time 122.91ms, mfu 2.78%
iter 1790: loss 1.3732, time 121.63ms, mfu 2.81%
iter 1800: loss 1.3730, time 123.76ms, mfu 2.83%
iter 1810: loss 1.3638, time 121.81ms, mfu 2.85%
iter 1820: loss 1.3993, time 121.89ms, mfu 2.87%
iter 1830: loss 1.3438, time 122.86ms, mfu 2.89%
iter 1840: loss 1.3319, time 121.46ms, mfu 2.91%
iter 1850: loss 1.3611, time 123.69ms, mfu 2.92%
iter 1860: loss 1.3734, time 121.76ms, mfu 2.93%
iter 1870: loss 1.2896, time 121.85ms, mfu 2.95%
iter 1880: loss 1.3627, time 120.37ms, mfu 2.96%
iter 1890: loss 1.3388, time 122.01ms, mfu 2.97%
iter 1900: loss 1.3674, time 121.45ms, mfu 2.98%
iter 1910: loss 1.3722, time 121.48ms, mfu 2.99%
iter 1920: loss 1.3577, time 121.35ms, mfu 3.00%
iter 1930: loss 1.3383, time 124.29ms, mfu 3.00%
iter 1940: loss 1.3406, time 121.13ms, mfu 3.00%
iter 1950: loss 1.3753, time 121.43ms, mfu 3.01%
iter 1960: loss 1.3369, time 121.61ms, mfu 3.02%
iter 1970: loss 1.3495, time 122.15ms, mfu 3.02%
iter 1980: loss 1.3627, time 121.83ms, mfu 3.02%
iter 1990: loss 1.3444, time 121.34ms, mfu 3.03%
step 2000: train loss 1.2640, val loss 1.5706
iter 2000: loss 1.3809, time 16016.36ms, mfu 2.73%
iter 2010: loss 1.3538, time 120.52ms, mfu 2.76%
iter 2020: loss 1.3420, time 120.85ms, mfu 2.80%
iter 2030: loss 1.3441, time 122.11ms, mfu 2.82%
iter 2040: loss 1.3080, time 121.93ms, mfu 2.85%
iter 2050: loss 1.3296, time 120.80ms, mfu 2.87%
iter 2060: loss 1.3197, time 121.92ms, mfu 2.89%
iter 2070: loss 1.3275, time 121.92ms, mfu 2.90%
iter 2080: loss 1.3333, time 121.93ms, mfu 2.92%
iter 2090: loss 1.3175, time 123.15ms, mfu 2.93%
iter 2100: loss 1.3466, time 119.88ms, mfu 2.95%
iter 2110: loss 1.3666, time 121.69ms, mfu 2.96%
iter 2120: loss 1.3209, time 120.98ms, mfu 2.97%
iter 2130: loss 1.2990, time 122.50ms, mfu 2.98%
iter 2140: loss 1.3014, time 120.65ms, mfu 2.99%
iter 2150: loss 1.3206, time 121.81ms, mfu 3.00%
iter 2160: loss 1.3124, time 122.25ms, mfu 3.00%
iter 2170: loss 1.3131, time 121.96ms, mfu 3.01%
iter 2180: loss 1.2956, time 122.21ms, mfu 3.01%
iter 2190: loss 1.3071, time 122.34ms, mfu 3.01%
iter 2200: loss 1.2940, time 124.01ms, mfu 3.01%
iter 2210: loss 1.2934, time 124.28ms, mfu 3.01%
iter 2220: loss 1.2965, time 122.38ms, mfu 3.02%
iter 2230: loss 1.3022, time 120.03ms, mfu 3.02%
iter 2240: loss 1.2961, time 123.11ms, mfu 3.02%
step 2250: train loss 1.2253, val loss 1.5375
saving checkpoint to /content/drive/MyDrive/Homework1_nanoGPT/out-nope
iter 2250: loss 1.2973, time 16693.55ms, mfu 2.72%
iter 2260: loss 1.2585, time 122.38ms, mfu 2.76%
iter 2270: loss 1.2882, time 122.31ms, mfu 2.79%
iter 2280: loss 1.2938, time 123.82ms, mfu 2.81%
iter 2290: loss 1.2956, time 121.29ms, mfu 2.83%
iter 2300: loss 1.3053, time 122.01ms, mfu 2.86%
iter 2310: loss 1.3178, time 123.66ms, mfu 2.87%
iter 2320: loss 1.2848, time 122.90ms, mfu 2.89%
iter 2330: loss 1.3046, time 121.95ms, mfu 2.90%
iter 2340: loss 1.2863, time 122.45ms, mfu 2.92%
iter 2350: loss 1.3000, time 121.41ms, mfu 2.93%
iter 2360: loss 1.3080, time 121.82ms, mfu 2.95%
iter 2370: loss 1.2980, time 124.83ms, mfu 2.95%
iter 2380: loss 1.2918, time 123.52ms, mfu 2.96%
iter 2390: loss 1.3092, time 124.58ms, mfu 2.96%
iter 2400: loss 1.2924, time 124.85ms, mfu 2.96%
iter 2410: loss 1.3115, time 124.08ms, mfu 2.97%
iter 2420: loss 1.2740, time 123.74ms, mfu 2.97%
iter 2430: loss 1.2734, time 122.25ms, mfu 2.98%
iter 2440: loss 1.2666, time 123.14ms, mfu 2.98%
iter 2450: loss 1.2562, time 123.41ms, mfu 2.99%
iter 2460: loss 1.2834, time 123.39ms, mfu 2.99%
iter 2470: loss 1.2661, time 125.70ms, mfu 2.99%
iter 2480: loss 1.2831, time 123.81ms, mfu 2.99%
iter 2490: loss 1.2526, time 124.72ms, mfu 2.99%
step 2500: train loss 1.2007, val loss 1.5360
saving checkpoint to /content/drive/MyDrive/Homework1_nanoGPT/out-nope
iter 2500: loss 1.2669, time 16681.90ms, mfu 2.69%
iter 2510: loss 1.2880, time 123.34ms, mfu 2.73%
iter 2520: loss 1.2964, time 122.61ms, mfu 2.76%
iter 2530: loss 1.2785, time 122.78ms, mfu 2.78%
iter 2540: loss 1.2729, time 124.73ms, mfu 2.81%
iter 2550: loss 1.2996, time 124.97ms, mfu 2.82%
iter 2560: loss 1.2418, time 121.36ms, mfu 2.85%
iter 2570: loss 1.2824, time 122.78ms, mfu 2.87%
iter 2580: loss 1.2852, time 123.01ms, mfu 2.88%
iter 2590: loss 1.2791, time 124.13ms, mfu 2.89%
iter 2600: loss 1.2681, time 124.50ms, mfu 2.90%
iter 2610: loss 1.2815, time 122.99ms, mfu 2.92%
iter 2620: loss 1.2695, time 124.18ms, mfu 2.93%
iter 2630: loss 1.2610, time 123.95ms, mfu 2.93%
iter 2640: loss 1.2750, time 123.43ms, mfu 2.94%
iter 2650: loss 1.2453, time 123.53ms, mfu 2.95%
iter 2660: loss 1.2945, time 124.09ms, mfu 2.95%
iter 2670: loss 1.2924, time 123.08ms, mfu 2.96%
iter 2680: loss 1.2648, time 124.09ms, mfu 2.97%
iter 2690: loss 1.2782, time 124.09ms, mfu 2.97%
iter 2700: loss 1.2298, time 122.96ms, mfu 2.98%
iter 2710: loss 1.2587, time 123.44ms, mfu 2.98%
iter 2720: loss 1.2615, time 123.14ms, mfu 2.98%
iter 2730: loss 1.2548, time 125.13ms, mfu 2.98%
iter 2740: loss 1.2669, time 125.16ms, mfu 2.98%
step 2750: train loss 1.1697, val loss 1.5264
saving checkpoint to /content/drive/MyDrive/Homework1_nanoGPT/out-nope
iter 2750: loss 1.2776, time 17039.81ms, mfu 2.69%
iter 2760: loss 1.2259, time 120.82ms, mfu 2.73%
iter 2770: loss 1.2781, time 122.38ms, mfu 2.76%
iter 2780: loss 1.2060, time 123.41ms, mfu 2.78%
iter 2790: loss 1.2483, time 122.77ms, mfu 2.81%
iter 2800: loss 1.2414, time 121.05ms, mfu 2.84%
iter 2810: loss 1.2733, time 121.03ms, mfu 2.86%
iter 2820: loss 1.2448, time 122.12ms, mfu 2.88%
iter 2830: loss 1.2354, time 121.17ms, mfu 2.90%
iter 2840: loss 1.2295, time 123.22ms, mfu 2.91%
iter 2850: loss 1.2628, time 121.49ms, mfu 2.93%
iter 2860: loss 1.2340, time 121.94ms, mfu 2.94%
iter 2870: loss 1.2525, time 122.50ms, mfu 2.95%
iter 2880: loss 1.2162, time 122.06ms, mfu 2.96%
iter 2890: loss 1.2616, time 123.64ms, mfu 2.97%
iter 2900: loss 1.2651, time 123.03ms, mfu 2.97%
iter 2910: loss 1.2417, time 121.81ms, mfu 2.98%
iter 2920: loss 1.2618, time 122.86ms, mfu 2.99%
iter 2930: loss 1.1926, time 123.00ms, mfu 2.99%
iter 2940: loss 1.2524, time 125.67ms, mfu 2.99%
iter 2950: loss 1.2708, time 121.07ms, mfu 3.00%
iter 2960: loss 1.2217, time 123.70ms, mfu 3.00%
iter 2970: loss 1.2372, time 123.46ms, mfu 3.00%
iter 2980: loss 1.2607, time 124.51ms, mfu 3.00%
iter 2990: loss 1.2108, time 124.76ms, mfu 3.00%
step 3000: train loss 1.1649, val loss 1.5401
iter 3000: loss 1.2428, time 16333.78ms, mfu 2.70%
iter 3010: loss 1.2241, time 127.18ms, mfu 2.72%
iter 3020: loss 1.2418, time 123.65ms, mfu 2.75%
iter 3030: loss 1.2368, time 122.14ms, mfu 2.78%
iter 3040: loss 1.2266, time 125.28ms, mfu 2.80%
iter 3050: loss 1.2339, time 124.80ms, mfu 2.82%
iter 3060: loss 1.2138, time 125.60ms, mfu 2.83%
iter 3070: loss 1.2001, time 123.02ms, mfu 2.85%
iter 3080: loss 1.1983, time 125.39ms, mfu 2.87%
iter 3090: loss 1.2244, time 123.27ms, mfu 2.88%
iter 3100: loss 1.2157, time 123.12ms, mfu 2.90%
iter 3110: loss 1.2031, time 123.67ms, mfu 2.91%
iter 3120: loss 1.2330, time 122.02ms, mfu 2.92%
iter 3130: loss 1.1985, time 124.12ms, mfu 2.93%
iter 3140: loss 1.2038, time 123.05ms, mfu 2.94%
iter 3150: loss 1.2340, time 125.46ms, mfu 2.94%
iter 3160: loss 1.2141, time 123.46ms, mfu 2.95%
iter 3170: loss 1.2077, time 124.37ms, mfu 2.96%
iter 3180: loss 1.2102, time 122.45ms, mfu 2.96%
iter 3190: loss 1.2192, time 123.35ms, mfu 2.97%
iter 3200: loss 1.1825, time 122.53ms, mfu 2.98%
iter 3210: loss 1.2121, time 123.45ms, mfu 2.98%
iter 3220: loss 1.1859, time 125.63ms, mfu 2.98%
iter 3230: loss 1.2130, time 124.19ms, mfu 2.98%
iter 3240: loss 1.1969, time 123.72ms, mfu 2.98%
step 3250: train loss 1.1398, val loss 1.5367
iter 3250: loss 1.2006, time 16182.94ms, mfu 2.69%
iter 3260: loss 1.1968, time 122.71ms, mfu 2.72%
iter 3270: loss 1.1726, time 122.27ms, mfu 2.76%
iter 3280: loss 1.2144, time 122.67ms, mfu 2.78%
iter 3290: loss 1.1859, time 123.62ms, mfu 2.81%
iter 3300: loss 1.1814, time 122.66ms, mfu 2.83%
iter 3310: loss 1.1988, time 122.43ms, mfu 2.85%
iter 3320: loss 1.2028, time 125.17ms, mfu 2.86%
iter 3330: loss 1.2007, time 123.92ms, mfu 2.88%
iter 3340: loss 1.1871, time 123.83ms, mfu 2.89%
iter 3350: loss 1.1837, time 122.72ms, mfu 2.91%
iter 3360: loss 1.1749, time 122.84ms, mfu 2.92%
iter 3370: loss 1.1558, time 124.56ms, mfu 2.93%
iter 3380: loss 1.2031, time 120.80ms, mfu 2.94%
iter 3390: loss 1.1754, time 122.74ms, mfu 2.95%
iter 3400: loss 1.1604, time 123.02ms, mfu 2.96%
iter 3410: loss 1.1937, time 123.14ms, mfu 2.97%
iter 3420: loss 1.2104, time 124.04ms, mfu 2.97%
iter 3430: loss 1.2286, time 123.48ms, mfu 2.97%
iter 3440: loss 1.1765, time 125.64ms, mfu 2.97%
iter 3450: loss 1.1788, time 123.63ms, mfu 2.98%
iter 3460: loss 1.1794, time 120.26ms, mfu 2.99%
iter 3470: loss 1.1720, time 125.21ms, mfu 2.99%
iter 3480: loss 1.1710, time 126.60ms, mfu 2.98%
iter 3490: loss 1.1897, time 124.26ms, mfu 2.99%
step 3500: train loss 1.1606, val loss 1.5678
iter 3500: loss 1.1723, time 16093.28ms, mfu 2.69%
iter 3510: loss 1.2187, time 121.54ms, mfu 2.73%
iter 3520: loss 1.1820, time 122.20ms, mfu 2.76%
iter 3530: loss 1.1655, time 121.31ms, mfu 2.79%
iter 3540: loss 1.1976, time 121.66ms, mfu 2.82%
iter 3550: loss 1.1688, time 125.25ms, mfu 2.83%
iter 3560: loss 1.1908, time 121.83ms, mfu 2.86%
iter 3570: loss 1.1910, time 122.06ms, mfu 2.88%
iter 3580: loss 1.1737, time 121.47ms, mfu 2.89%
iter 3590: loss 1.1587, time 121.03ms, mfu 2.91%
iter 3600: loss 1.1743, time 124.31ms, mfu 2.92%
iter 3610: loss 1.1736, time 124.02ms, mfu 2.93%
iter 3620: loss 1.1791, time 123.11ms, mfu 2.94%
iter 3630: loss 1.1935, time 121.72ms, mfu 2.95%
iter 3640: loss 1.1739, time 121.66ms, mfu 2.96%
iter 3650: loss 1.1884, time 122.16ms, mfu 2.97%
iter 3660: loss 1.1771, time 120.77ms, mfu 2.98%
iter 3670: loss 1.1782, time 121.01ms, mfu 2.99%
iter 3680: loss 1.1792, time 122.66ms, mfu 3.00%
iter 3690: loss 1.1898, time 123.21ms, mfu 3.00%
iter 3700: loss 1.1968, time 121.10ms, mfu 3.01%
iter 3710: loss 1.1887, time 123.15ms, mfu 3.01%
iter 3720: loss 1.1682, time 123.05ms, mfu 3.01%
iter 3730: loss 1.1705, time 123.15ms, mfu 3.01%
iter 3740: loss 1.1555, time 123.48ms, mfu 3.01%
step 3750: train loss 1.1239, val loss 1.5560
iter 3750: loss 1.1853, time 16115.94ms, mfu 2.71%
iter 3760: loss 1.1430, time 120.26ms, mfu 2.75%
iter 3770: loss 1.1628, time 124.50ms, mfu 2.78%
iter 3780: loss 1.1584, time 120.61ms, mfu 2.81%
iter 3790: loss 1.1495, time 122.65ms, mfu 2.83%
iter 3800: loss 1.1748, time 120.94ms, mfu 2.86%
iter 3810: loss 1.1811, time 122.07ms, mfu 2.88%
iter 3820: loss 1.1393, time 121.96ms, mfu 2.89%
iter 3830: loss 1.1565, time 122.35ms, mfu 2.91%
iter 3840: loss 1.1721, time 123.16ms, mfu 2.92%
iter 3850: loss 1.1471, time 123.06ms, mfu 2.93%
iter 3860: loss 1.1361, time 121.86ms, mfu 2.94%
iter 3870: loss 1.1664, time 124.44ms, mfu 2.95%
iter 3880: loss 1.1535, time 122.47ms, mfu 2.96%
iter 3890: loss 1.1653, time 123.06ms, mfu 2.97%
iter 3900: loss 1.1669, time 120.86ms, mfu 2.98%
iter 3910: loss 1.1833, time 121.45ms, mfu 2.99%
iter 3920: loss 1.1401, time 123.60ms, mfu 2.99%
iter 3930: loss 1.1542, time 122.23ms, mfu 2.99%
iter 3940: loss 1.1354, time 121.95ms, mfu 3.00%
iter 3950: loss 1.1551, time 121.56ms, mfu 3.01%
iter 3960: loss 1.1701, time 120.09ms, mfu 3.02%
iter 3970: loss 1.1539, time 123.24ms, mfu 3.02%
iter 3980: loss 1.1598, time 124.12ms, mfu 3.02%
iter 3990: loss 1.1287, time 122.09ms, mfu 3.02%
step 4000: train loss 1.1020, val loss 1.5529
iter 4000: loss 1.1460, time 16048.12ms, mfu 2.72%
iter 4010: loss 1.1817, time 121.57ms, mfu 2.75%
iter 4020: loss 1.1521, time 123.10ms, mfu 2.78%
iter 4030: loss 1.1545, time 121.19ms, mfu 2.81%
iter 4040: loss 1.1530, time 121.90ms, mfu 2.84%
iter 4050: loss 1.1372, time 121.99ms, mfu 2.86%
iter 4060: loss 1.1467, time 124.10ms, mfu 2.87%
iter 4070: loss 1.1675, time 121.42ms, mfu 2.89%
iter 4080: loss 1.1405, time 123.11ms, mfu 2.91%
iter 4090: loss 1.1788, time 121.51ms, mfu 2.92%
iter 4100: loss 1.1278, time 121.40ms, mfu 2.94%
iter 4110: loss 1.1507, time 125.14ms, mfu 2.94%
iter 4120: loss 1.1203, time 120.96ms, mfu 2.95%
iter 4130: loss 1.1267, time 121.74ms, mfu 2.96%
iter 4140: loss 1.1397, time 123.58ms, mfu 2.97%
iter 4150: loss 1.1614, time 123.09ms, mfu 2.98%
iter 4160: loss 1.1468, time 122.02ms, mfu 2.98%
iter 4170: loss 1.1142, time 123.55ms, mfu 2.99%
iter 4180: loss 1.1324, time 122.45ms, mfu 2.99%
iter 4190: loss 1.1396, time 121.11ms, mfu 3.00%
iter 4200: loss 1.1360, time 121.73ms, mfu 3.01%
iter 4210: loss 1.1460, time 124.23ms, mfu 3.01%
iter 4220: loss 1.1445, time 123.11ms, mfu 3.01%
iter 4230: loss 1.1405, time 121.45ms, mfu 3.01%
iter 4240: loss 1.1521, time 123.62ms, mfu 3.01%
step 4250: train loss 1.1091, val loss 1.5765
iter 4250: loss 1.1343, time 16019.81ms, mfu 2.72%
iter 4260: loss 1.1449, time 121.78ms, mfu 2.75%
iter 4270: loss 1.1523, time 122.22ms, mfu 2.78%
iter 4280: loss 1.1414, time 121.67ms, mfu 2.81%
iter 4290: loss 1.1399, time 120.83ms, mfu 2.84%
iter 4300: loss 1.1402, time 121.52ms, mfu 2.86%
iter 4310: loss 1.1134, time 121.84ms, mfu 2.88%
iter 4320: loss 1.1579, time 122.15ms, mfu 2.90%
iter 4330: loss 1.1375, time 120.88ms, mfu 2.91%
iter 4340: loss 1.1233, time 121.48ms, mfu 2.93%
iter 4350: loss 1.1372, time 122.09ms, mfu 2.94%
iter 4360: loss 1.1271, time 123.18ms, mfu 2.95%
iter 4370: loss 1.1302, time 121.31ms, mfu 2.96%
iter 4380: loss 1.1531, time 123.71ms, mfu 2.97%
iter 4390: loss 1.1096, time 122.22ms, mfu 2.98%
iter 4400: loss 1.1255, time 123.59ms, mfu 2.98%
iter 4410: loss 1.1543, time 121.82ms, mfu 2.99%
iter 4420: loss 1.1436, time 119.95ms, mfu 3.00%
iter 4430: loss 1.1176, time 121.66ms, mfu 3.01%
iter 4440: loss 1.1422, time 121.80ms, mfu 3.01%
iter 4450: loss 1.1677, time 124.08ms, mfu 3.01%
iter 4460: loss 1.1279, time 124.81ms, mfu 3.01%
iter 4470: loss 1.1141, time 123.07ms, mfu 3.01%
iter 4480: loss 1.1372, time 122.00ms, mfu 3.01%
iter 4490: loss 1.1168, time 122.41ms, mfu 3.02%
step 4500: train loss 1.1076, val loss 1.5844
iter 4500: loss 1.1677, time 16072.53ms, mfu 2.72%
iter 4510: loss 1.1061, time 121.14ms, mfu 2.75%
iter 4520: loss 1.0955, time 122.97ms, mfu 2.78%
iter 4530: loss 1.1158, time 123.10ms, mfu 2.81%
iter 4540: loss 1.1340, time 124.24ms, mfu 2.83%
iter 4550: loss 1.1216, time 121.31ms, mfu 2.85%
iter 4560: loss 1.1226, time 121.76ms, mfu 2.87%
iter 4570: loss 1.1482, time 120.42ms, mfu 2.89%
iter 4580: loss 1.1211, time 122.90ms, mfu 2.91%
iter 4590: loss 1.1328, time 121.33ms, mfu 2.92%
iter 4600: loss 1.1187, time 122.07ms, mfu 2.94%
iter 4610: loss 1.1244, time 121.28ms, mfu 2.95%
iter 4620: loss 1.1173, time 120.49ms, mfu 2.96%
iter 4630: loss 1.1009, time 124.05ms, mfu 2.97%
iter 4640: loss 1.1096, time 124.59ms, mfu 2.97%
iter 4650: loss 1.1099, time 121.98ms, mfu 2.98%
iter 4660: loss 1.1345, time 123.00ms, mfu 2.98%
iter 4670: loss 1.1292, time 121.13ms, mfu 2.99%
iter 4680: loss 1.1124, time 122.28ms, mfu 3.00%
iter 4690: loss 1.1019, time 122.33ms, mfu 3.00%
iter 4700: loss 1.1477, time 122.27ms, mfu 3.01%
iter 4710: loss 1.1265, time 123.44ms, mfu 3.01%
iter 4720: loss 1.1318, time 124.66ms, mfu 3.01%
iter 4730: loss 1.1105, time 121.31ms, mfu 3.01%
iter 4740: loss 1.0885, time 122.80ms, mfu 3.02%
step 4750: train loss 1.0745, val loss 1.5776
iter 4750: loss 1.1381, time 16018.21ms, mfu 2.72%
iter 4760: loss 1.1315, time 122.69ms, mfu 2.75%
iter 4770: loss 1.1087, time 123.68ms, mfu 2.77%
iter 4780: loss 1.1323, time 121.98ms, mfu 2.80%
iter 4790: loss 1.1183, time 121.83ms, mfu 2.83%
iter 4800: loss 1.1416, time 121.01ms, mfu 2.85%
iter 4810: loss 1.1025, time 121.42ms, mfu 2.87%
iter 4820: loss 1.1209, time 122.68ms, mfu 2.89%
iter 4830: loss 1.0958, time 122.95ms, mfu 2.91%
iter 4840: loss 1.0901, time 124.43ms, mfu 2.91%
iter 4850: loss 1.1160, time 122.01ms, mfu 2.93%
iter 4860: loss 1.1070, time 123.03ms, mfu 2.94%
iter 4870: loss 1.1167, time 123.12ms, mfu 2.95%
iter 4880: loss 1.1006, time 122.70ms, mfu 2.96%
iter 4890: loss 1.1428, time 124.48ms, mfu 2.96%
iter 4900: loss 1.1273, time 123.12ms, mfu 2.97%
iter 4910: loss 1.0878, time 122.10ms, mfu 2.97%
iter 4920: loss 1.1005, time 122.63ms, mfu 2.98%
iter 4930: loss 1.1174, time 122.26ms, mfu 2.99%
iter 4940: loss 1.1175, time 121.67ms, mfu 3.00%
iter 4950: loss 1.1260, time 121.54ms, mfu 3.00%
iter 4960: loss 1.0924, time 125.19ms, mfu 3.00%
iter 4970: loss 1.0922, time 124.75ms, mfu 3.00%
iter 4980: loss 1.1130, time 122.61ms, mfu 3.00%
iter 4990: loss 1.1207, time 122.32ms, mfu 3.01%
step 5000: train loss 1.0710, val loss 1.5753
iter 5000: loss 1.1036, time 16039.65ms, mfu 2.71%
