Overriding config with config/train_shakespeare_char.py:
# train a miniature character-level shakespeare model
# good for debugging and playing on macbooks and such

out_dir = 'out-shakespeare-char'
eval_interval = 250 # keep frequent because we'll overfit
eval_iters = 200
log_interval = 10 # don't print too too often

# we expect to overfit on this small dataset, so only save when val improves
always_save_checkpoint = False

wandb_log = False # override via command line if you like
wandb_project = 'shakespeare-char'
wandb_run_name = 'mini-gpt'

dataset = 'shakespeare_char'
gradient_accumulation_steps = 1
batch_size = 64
block_size = 256 # context of up to 256 previous characters

# baby GPT model :)
n_layer = 6
n_head = 6
n_embd = 384
dropout = 0.2

learning_rate = 1e-3 # with baby networks can afford to go a bit higher
max_iters = 5000
lr_decay_iters = 5000 # make equal to max_iters usually
min_lr = 1e-4 # learning_rate / 10 usually
beta2 = 0.99 # make a bit bigger because number of tokens per iter is small

warmup_iters = 100 # not super necessary potentially

# on macbook also add
# device = 'cpu'  # run on cpu only
# compile = False # do not torch compile the model

Overriding: dtype = float16
Overriding: compile = False
Overriding: out_dir = /content/drive/MyDrive/Homework1_nanoGPT/out-rmsnorm
tokens per iteration will be: 16,384
found vocab_size = 65 (inside data/shakespeare_char/meta.pkl)
Initializing a new model from scratch
number of parameters: 10.65M
/content/nanoGPT/train.py:196: FutureWarning: `torch.cuda.amp.GradScaler(args...)` is deprecated. Please use `torch.amp.GradScaler('cuda', args...)` instead.
  scaler = torch.cuda.amp.GradScaler(enabled=(dtype == 'float16'))
num decayed parameter tensors: 26, with 10,740,096 parameters
num non-decayed parameter tensors: 13, with 4,992 parameters
using fused AdamW: True
step 0: train loss 4.2773, val loss 4.2724
iter 0: loss 4.2650, time 15008.98ms, mfu -100.00%
iter 10: loss 3.1451, time 121.94ms, mfu 3.06%
iter 20: loss 2.7306, time 122.06ms, mfu 3.06%
iter 30: loss 2.6163, time 122.28ms, mfu 3.05%
iter 40: loss 2.5666, time 85.67ms, mfu 3.18%
iter 50: loss 2.5240, time 122.37ms, mfu 3.17%
iter 60: loss 2.5118, time 124.10ms, mfu 3.15%
iter 70: loss 2.4930, time 124.14ms, mfu 3.14%
iter 80: loss 2.4980, time 124.44ms, mfu 3.12%
iter 90: loss 2.4638, time 123.97ms, mfu 3.11%
iter 100: loss 2.4567, time 124.96ms, mfu 3.10%
iter 110: loss 2.4524, time 125.03ms, mfu 3.09%
iter 120: loss 2.4247, time 124.28ms, mfu 3.08%
iter 130: loss 2.4167, time 124.43ms, mfu 3.07%
iter 140: loss 2.4033, time 122.30ms, mfu 3.07%
iter 150: loss 2.4032, time 126.20ms, mfu 3.06%
iter 160: loss 2.3706, time 124.35ms, mfu 3.05%
iter 170: loss 2.3538, time 125.85ms, mfu 3.04%
iter 180: loss 2.3075, time 125.69ms, mfu 3.03%
iter 190: loss 2.2461, time 126.77ms, mfu 3.02%
iter 200: loss 2.1928, time 126.58ms, mfu 3.02%
iter 210: loss 2.1366, time 125.12ms, mfu 3.01%
iter 220: loss 2.1406, time 125.68ms, mfu 3.01%
iter 230: loss 2.0712, time 126.46ms, mfu 3.00%
iter 240: loss 2.0832, time 126.36ms, mfu 3.00%
step 250: train loss 1.9598, val loss 2.0620
saving checkpoint to /content/drive/MyDrive/Homework1_nanoGPT/out-rmsnorm
iter 250: loss 2.0319, time 15765.63ms, mfu 2.70%
iter 260: loss 1.9687, time 128.91ms, mfu 2.72%
iter 270: loss 1.9751, time 128.50ms, mfu 2.74%
iter 280: loss 1.9867, time 129.16ms, mfu 2.75%
iter 290: loss 1.9165, time 128.51ms, mfu 2.77%
iter 300: loss 1.9005, time 128.94ms, mfu 2.78%
iter 310: loss 1.8576, time 131.46ms, mfu 2.78%
iter 320: loss 1.8540, time 132.64ms, mfu 2.79%
iter 330: loss 1.8244, time 131.02ms, mfu 2.79%
iter 340: loss 1.7884, time 130.58ms, mfu 2.80%
iter 350: loss 1.8328, time 131.28ms, mfu 2.80%
iter 360: loss 1.7704, time 132.88ms, mfu 2.80%
iter 370: loss 1.7384, time 132.65ms, mfu 2.80%
iter 380: loss 1.7267, time 131.41ms, mfu 2.81%
iter 390: loss 1.7387, time 131.77ms, mfu 2.81%
iter 400: loss 1.7592, time 135.16ms, mfu 2.80%
iter 410: loss 1.6974, time 133.74ms, mfu 2.80%
iter 420: loss 1.7171, time 135.04ms, mfu 2.80%
iter 430: loss 1.6901, time 135.34ms, mfu 2.79%
iter 440: loss 1.6529, time 135.85ms, mfu 2.79%
iter 450: loss 1.6460, time 134.66ms, mfu 2.79%
iter 460: loss 1.5981, time 135.48ms, mfu 2.78%
iter 470: loss 1.6652, time 135.56ms, mfu 2.78%
iter 480: loss 1.6224, time 136.10ms, mfu 2.77%
iter 490: loss 1.5939, time 135.09ms, mfu 2.77%
step 500: train loss 1.5275, val loss 1.7337
saving checkpoint to /content/drive/MyDrive/Homework1_nanoGPT/out-rmsnorm
iter 500: loss 1.6025, time 16785.33ms, mfu 2.50%
iter 510: loss 1.6019, time 139.26ms, mfu 2.52%
iter 520: loss 1.5865, time 138.64ms, mfu 2.53%
iter 530: loss 1.5552, time 140.25ms, mfu 2.55%
iter 540: loss 1.6108, time 141.06ms, mfu 2.56%
iter 550: loss 1.5594, time 141.29ms, mfu 2.56%
iter 560: loss 1.5614, time 137.89ms, mfu 2.58%
iter 570: loss 1.5669, time 143.04ms, mfu 2.58%
iter 580: loss 1.5200, time 141.89ms, mfu 2.58%
iter 590: loss 1.5000, time 142.28ms, mfu 2.59%
iter 600: loss 1.5069, time 143.01ms, mfu 2.59%
iter 610: loss 1.5333, time 141.98ms, mfu 2.59%
iter 620: loss 1.5220, time 141.36ms, mfu 2.60%
iter 630: loss 1.5082, time 147.74ms, mfu 2.59%
iter 640: loss 1.4631, time 142.66ms, mfu 2.59%
iter 650: loss 1.4951, time 145.82ms, mfu 2.59%
iter 660: loss 1.5125, time 144.95ms, mfu 2.59%
iter 670: loss 1.4462, time 147.15ms, mfu 2.58%
iter 680: loss 1.5099, time 144.57ms, mfu 2.58%
iter 690: loss 1.4584, time 145.06ms, mfu 2.58%
iter 700: loss 1.4866, time 146.61ms, mfu 2.58%
iter 710: loss 1.4614, time 145.91ms, mfu 2.57%
iter 720: loss 1.4373, time 147.14ms, mfu 2.57%
iter 730: loss 1.4172, time 144.87ms, mfu 2.57%
iter 740: loss 1.4199, time 147.50ms, mfu 2.57%
step 750: train loss 1.3642, val loss 1.5968
saving checkpoint to /content/drive/MyDrive/Homework1_nanoGPT/out-rmsnorm
iter 750: loss 1.4210, time 17766.83ms, mfu 2.31%
iter 760: loss 1.4409, time 150.18ms, mfu 2.33%
iter 770: loss 1.4245, time 148.85ms, mfu 2.35%
iter 780: loss 1.4221, time 147.97ms, mfu 2.36%
iter 790: loss 1.4136, time 146.38ms, mfu 2.38%
iter 800: loss 1.4248, time 147.85ms, mfu 2.40%
iter 810: loss 1.3983, time 146.50ms, mfu 2.41%
iter 820: loss 1.4090, time 144.54ms, mfu 2.43%
iter 830: loss 1.3967, time 147.37ms, mfu 2.44%
iter 840: loss 1.4023, time 143.17ms, mfu 2.45%
iter 850: loss 1.3889, time 143.86ms, mfu 2.47%
iter 860: loss 1.3924, time 146.46ms, mfu 2.47%
iter 870: loss 1.3939, time 145.84ms, mfu 2.48%
iter 880: loss 1.3714, time 146.33ms, mfu 2.49%
iter 890: loss 1.3885, time 144.52ms, mfu 2.50%
iter 900: loss 1.3779, time 145.47ms, mfu 2.50%
iter 910: loss 1.3122, time 144.70ms, mfu 2.51%
iter 920: loss 1.3614, time 143.02ms, mfu 2.52%
iter 930: loss 1.3706, time 145.56ms, mfu 2.52%
iter 940: loss 1.3457, time 146.97ms, mfu 2.53%
iter 950: loss 1.3585, time 145.99ms, mfu 2.53%
iter 960: loss 1.3634, time 145.46ms, mfu 2.53%
iter 970: loss 1.3522, time 142.77ms, mfu 2.54%
iter 980: loss 1.3557, time 145.70ms, mfu 2.54%
iter 990: loss 1.3326, time 146.54ms, mfu 2.54%
step 1000: train loss 1.2727, val loss 1.5247
saving checkpoint to /content/drive/MyDrive/Homework1_nanoGPT/out-rmsnorm
iter 1000: loss 1.3322, time 17146.97ms, mfu 2.29%
iter 1010: loss 1.3354, time 146.12ms, mfu 2.32%
iter 1020: loss 1.3110, time 143.43ms, mfu 2.34%
iter 1030: loss 1.3392, time 144.37ms, mfu 2.37%
iter 1040: loss 1.3522, time 145.92ms, mfu 2.39%
iter 1050: loss 1.2887, time 147.71ms, mfu 2.40%
iter 1060: loss 1.3376, time 145.88ms, mfu 2.42%
iter 1070: loss 1.3318, time 148.48ms, mfu 2.42%
iter 1080: loss 1.3417, time 145.16ms, mfu 2.44%
iter 1090: loss 1.3440, time 148.26ms, mfu 2.45%
iter 1100: loss 1.3080, time 147.27ms, mfu 2.45%
iter 1110: loss 1.2950, time 148.82ms, mfu 2.46%
iter 1120: loss 1.2936, time 147.05ms, mfu 2.47%
iter 1130: loss 1.2914, time 147.60ms, mfu 2.47%
iter 1140: loss 1.2972, time 145.07ms, mfu 2.48%
iter 1150: loss 1.3115, time 147.46ms, mfu 2.49%
iter 1160: loss 1.3183, time 148.20ms, mfu 2.49%
iter 1170: loss 1.2935, time 146.45ms, mfu 2.50%
iter 1180: loss 1.3164, time 144.11ms, mfu 2.50%
iter 1190: loss 1.2736, time 148.43ms, mfu 2.50%
iter 1200: loss 1.2891, time 148.25ms, mfu 2.51%
iter 1210: loss 1.2613, time 147.33ms, mfu 2.51%
iter 1220: loss 1.3068, time 147.75ms, mfu 2.51%
iter 1230: loss 1.2963, time 145.90ms, mfu 2.51%
iter 1240: loss 1.2962, time 146.72ms, mfu 2.52%
step 1250: train loss 1.2055, val loss 1.4962
saving checkpoint to /content/drive/MyDrive/Homework1_nanoGPT/out-rmsnorm
iter 1250: loss 1.2699, time 17303.34ms, mfu 2.27%
iter 1260: loss 1.2873, time 145.95ms, mfu 2.30%
iter 1270: loss 1.2659, time 142.31ms, mfu 2.33%
iter 1280: loss 1.2540, time 145.93ms, mfu 2.35%
iter 1290: loss 1.2790, time 144.01ms, mfu 2.37%
iter 1300: loss 1.3028, time 144.76ms, mfu 2.39%
iter 1310: loss 1.2411, time 145.02ms, mfu 2.41%
iter 1320: loss 1.3043, time 146.68ms, mfu 2.42%
iter 1330: loss 1.2604, time 141.92ms, mfu 2.44%
iter 1340: loss 1.2970, time 142.68ms, mfu 2.46%
iter 1350: loss 1.2564, time 144.10ms, mfu 2.47%
iter 1360: loss 1.2704, time 143.83ms, mfu 2.49%
iter 1370: loss 1.2543, time 143.48ms, mfu 2.50%
iter 1380: loss 1.2626, time 145.39ms, mfu 2.50%
iter 1390: loss 1.2508, time 143.62ms, mfu 2.51%
iter 1400: loss 1.2553, time 143.63ms, mfu 2.52%
iter 1410: loss 1.2480, time 145.55ms, mfu 2.52%
iter 1420: loss 1.2719, time 144.42ms, mfu 2.53%
iter 1430: loss 1.2385, time 147.06ms, mfu 2.53%
iter 1440: loss 1.2531, time 145.52ms, mfu 2.53%
iter 1450: loss 1.2245, time 146.40ms, mfu 2.53%
iter 1460: loss 1.2388, time 146.17ms, mfu 2.54%
iter 1470: loss 1.2134, time 146.68ms, mfu 2.54%
iter 1480: loss 1.2124, time 147.37ms, mfu 2.54%
iter 1490: loss 1.2314, time 148.98ms, mfu 2.53%
step 1500: train loss 1.1528, val loss 1.4718
saving checkpoint to /content/drive/MyDrive/Homework1_nanoGPT/out-rmsnorm
iter 1500: loss 1.1759, time 18123.18ms, mfu 2.28%
iter 1510: loss 1.2365, time 148.46ms, mfu 2.30%
iter 1520: loss 1.2248, time 146.39ms, mfu 2.33%
iter 1530: loss 1.2549, time 143.50ms, mfu 2.35%
iter 1540: loss 1.1935, time 148.21ms, mfu 2.37%
iter 1550: loss 1.2288, time 147.61ms, mfu 2.39%
iter 1560: loss 1.2111, time 143.55ms, mfu 2.41%
iter 1570: loss 1.2293, time 147.56ms, mfu 2.42%
iter 1580: loss 1.2041, time 146.15ms, mfu 2.43%
iter 1590: loss 1.1881, time 141.44ms, mfu 2.45%
iter 1600: loss 1.1936, time 146.38ms, mfu 2.46%
iter 1610: loss 1.2341, time 147.42ms, mfu 2.47%
iter 1620: loss 1.1864, time 145.81ms, mfu 2.48%
iter 1630: loss 1.2114, time 146.10ms, mfu 2.48%
iter 1640: loss 1.2023, time 146.51ms, mfu 2.49%
iter 1650: loss 1.1883, time 146.89ms, mfu 2.49%
iter 1660: loss 1.2159, time 146.62ms, mfu 2.50%
iter 1670: loss 1.1975, time 147.02ms, mfu 2.50%
iter 1680: loss 1.1976, time 145.96ms, mfu 2.51%
iter 1690: loss 1.2044, time 144.42ms, mfu 2.52%
iter 1700: loss 1.1802, time 145.56ms, mfu 2.52%
iter 1710: loss 1.1861, time 147.85ms, mfu 2.52%
iter 1720: loss 1.1842, time 143.76ms, mfu 2.53%
iter 1730: loss 1.2045, time 147.46ms, mfu 2.53%
iter 1740: loss 1.1679, time 145.68ms, mfu 2.53%
step 1750: train loss 1.1012, val loss 1.4665
saving checkpoint to /content/drive/MyDrive/Homework1_nanoGPT/out-rmsnorm
iter 1750: loss 1.1824, time 17245.95ms, mfu 2.28%
iter 1760: loss 1.1799, time 143.59ms, mfu 2.31%
iter 1770: loss 1.2015, time 145.50ms, mfu 2.34%
iter 1780: loss 1.1842, time 145.33ms, mfu 2.36%
iter 1790: loss 1.1915, time 144.69ms, mfu 2.38%
iter 1800: loss 1.1772, time 144.01ms, mfu 2.40%
iter 1810: loss 1.1597, time 146.56ms, mfu 2.42%
iter 1820: loss 1.1639, time 144.85ms, mfu 2.43%
iter 1830: loss 1.1653, time 143.71ms, mfu 2.45%
iter 1840: loss 1.1554, time 146.32ms, mfu 2.46%
iter 1850: loss 1.1548, time 147.55ms, mfu 2.46%
iter 1860: loss 1.1727, time 143.85ms, mfu 2.48%
iter 1870: loss 1.1413, time 144.02ms, mfu 2.49%
iter 1880: loss 1.1750, time 143.09ms, mfu 2.50%
iter 1890: loss 1.1748, time 146.08ms, mfu 2.50%
iter 1900: loss 1.1250, time 141.79ms, mfu 2.52%
iter 1910: loss 1.1702, time 143.85ms, mfu 2.52%
iter 1920: loss 1.1627, time 145.49ms, mfu 2.53%
iter 1930: loss 1.1469, time 143.28ms, mfu 2.54%
iter 1940: loss 1.1196, time 144.37ms, mfu 2.54%
iter 1950: loss 1.1363, time 143.33ms, mfu 2.55%
iter 1960: loss 1.1524, time 147.73ms, mfu 2.54%
iter 1970: loss 1.1474, time 146.58ms, mfu 2.54%
iter 1980: loss 1.1519, time 145.48ms, mfu 2.55%
iter 1990: loss 1.1524, time 145.24ms, mfu 2.55%
step 2000: train loss 1.0564, val loss 1.4762
iter 2000: loss 1.1238, time 17119.21ms, mfu 2.29%
iter 2010: loss 1.1251, time 148.43ms, mfu 2.32%
iter 2020: loss 1.1191, time 145.80ms, mfu 2.34%
iter 2030: loss 1.1447, time 149.38ms, mfu 2.36%
iter 2040: loss 1.1445, time 146.30ms, mfu 2.37%
iter 2050: loss 1.1183, time 145.53ms, mfu 2.39%
iter 2060: loss 1.1010, time 143.61ms, mfu 2.41%
iter 2070: loss 1.1284, time 145.96ms, mfu 2.43%
iter 2080: loss 1.1230, time 148.70ms, mfu 2.44%
iter 2090: loss 1.1372, time 146.47ms, mfu 2.45%
iter 2100: loss 1.1299, time 147.98ms, mfu 2.45%
iter 2110: loss 1.1240, time 147.68ms, mfu 2.46%
iter 2120: loss 1.1325, time 146.12ms, mfu 2.47%
iter 2130: loss 1.1295, time 146.00ms, mfu 2.48%
iter 2140: loss 1.1384, time 146.28ms, mfu 2.48%
iter 2150: loss 1.1148, time 145.79ms, mfu 2.49%
iter 2160: loss 1.1355, time 144.92ms, mfu 2.50%
iter 2170: loss 1.1259, time 147.45ms, mfu 2.50%
iter 2180: loss 1.1094, time 147.10ms, mfu 2.51%
iter 2190: loss 1.1042, time 147.45ms, mfu 2.51%
iter 2200: loss 1.1228, time 148.97ms, mfu 2.51%
iter 2210: loss 1.1065, time 146.53ms, mfu 2.51%
iter 2220: loss 1.1133, time 146.34ms, mfu 2.51%
iter 2230: loss 1.1201, time 145.93ms, mfu 2.52%
iter 2240: loss 1.1248, time 147.19ms, mfu 2.52%
step 2250: train loss 1.0088, val loss 1.4791
iter 2250: loss 1.1128, time 16741.89ms, mfu 2.27%
iter 2260: loss 1.1079, time 144.50ms, mfu 2.30%
iter 2270: loss 1.1245, time 146.59ms, mfu 2.32%
iter 2280: loss 1.0947, time 146.69ms, mfu 2.35%
iter 2290: loss 1.1472, time 147.04ms, mfu 2.37%
iter 2300: loss 1.1196, time 145.90ms, mfu 2.38%
iter 2310: loss 1.0976, time 147.55ms, mfu 2.40%
iter 2320: loss 1.0899, time 147.51ms, mfu 2.41%
iter 2330: loss 1.0976, time 143.80ms, mfu 2.43%
iter 2340: loss 1.1214, time 144.64ms, mfu 2.44%
iter 2350: loss 1.1058, time 145.80ms, mfu 2.45%
iter 2360: loss 1.1026, time 146.21ms, mfu 2.46%
iter 2370: loss 1.0883, time 145.37ms, mfu 2.47%
iter 2380: loss 1.0746, time 144.20ms, mfu 2.49%
iter 2390: loss 1.0766, time 144.01ms, mfu 2.50%
iter 2400: loss 1.0865, time 145.89ms, mfu 2.50%
iter 2410: loss 1.0664, time 147.52ms, mfu 2.50%
iter 2420: loss 1.0827, time 144.35ms, mfu 2.51%
iter 2430: loss 1.0561, time 146.68ms, mfu 2.51%
iter 2440: loss 1.0508, time 146.35ms, mfu 2.52%
iter 2450: loss 1.0687, time 143.47ms, mfu 2.53%
iter 2460: loss 1.0920, time 144.63ms, mfu 2.53%
iter 2470: loss 1.0802, time 145.76ms, mfu 2.53%
iter 2480: loss 1.0736, time 145.44ms, mfu 2.54%
iter 2490: loss 1.0535, time 145.41ms, mfu 2.54%
step 2500: train loss 0.9587, val loss 1.4941
iter 2500: loss 1.0872, time 16788.39ms, mfu 2.29%
iter 2510: loss 1.0731, time 147.71ms, mfu 2.31%
iter 2520: loss 1.0435, time 143.96ms, mfu 2.34%
iter 2530: loss 1.0454, time 144.82ms, mfu 2.36%
iter 2540: loss 1.0507, time 145.13ms, mfu 2.38%
iter 2550: loss 1.0645, time 148.35ms, mfu 2.40%
iter 2560: loss 1.0589, time 148.40ms, mfu 2.41%
iter 2570: loss 1.0686, time 146.06ms, mfu 2.42%
iter 2580: loss 1.0673, time 143.99ms, mfu 2.44%
iter 2590: loss 1.0636, time 147.38ms, mfu 2.45%
iter 2600: loss 1.0593, time 145.44ms, mfu 2.46%
iter 2610: loss 1.0453, time 145.59ms, mfu 2.47%
iter 2620: loss 1.0468, time 147.30ms, mfu 2.47%
iter 2630: loss 1.0207, time 145.43ms, mfu 2.48%
iter 2640: loss 1.0470, time 145.18ms, mfu 2.49%
iter 2650: loss 1.0554, time 145.86ms, mfu 2.50%
iter 2660: loss 1.0418, time 145.00ms, mfu 2.51%
iter 2670: loss 1.0130, time 146.96ms, mfu 2.51%
iter 2680: loss 1.0488, time 145.13ms, mfu 2.51%
iter 2690: loss 1.0574, time 146.85ms, mfu 2.52%
iter 2700: loss 1.0253, time 145.98ms, mfu 2.52%
iter 2710: loss 1.0446, time 146.00ms, mfu 2.52%
iter 2720: loss 1.0431, time 145.60ms, mfu 2.53%
iter 2730: loss 1.0468, time 146.41ms, mfu 2.53%
iter 2740: loss 1.0147, time 147.83ms, mfu 2.53%
step 2750: train loss 0.9109, val loss 1.5222
iter 2750: loss 1.0373, time 16918.74ms, mfu 2.28%
iter 2760: loss 1.0286, time 145.92ms, mfu 2.30%
iter 2770: loss 1.0209, time 145.52ms, mfu 2.33%
iter 2780: loss 1.0145, time 145.77ms, mfu 2.35%
iter 2790: loss 1.0368, time 147.14ms, mfu 2.37%
iter 2800: loss 1.0049, time 145.70ms, mfu 2.39%
iter 2810: loss 1.0318, time 148.02ms, mfu 2.40%
iter 2820: loss 1.0152, time 145.40ms, mfu 2.42%
iter 2830: loss 1.0261, time 146.41ms, mfu 2.43%
iter 2840: loss 0.9917, time 145.83ms, mfu 2.44%
iter 2850: loss 1.0264, time 146.93ms, mfu 2.45%
iter 2860: loss 1.0176, time 147.04ms, mfu 2.46%
iter 2870: loss 0.9964, time 146.68ms, mfu 2.47%
iter 2880: loss 1.0363, time 145.79ms, mfu 2.48%
iter 2890: loss 1.0016, time 145.62ms, mfu 2.49%
iter 2900: loss 0.9897, time 145.99ms, mfu 2.49%
iter 2910: loss 1.0325, time 146.13ms, mfu 2.50%
iter 2920: loss 1.0050, time 144.16ms, mfu 2.51%
iter 2930: loss 0.9901, time 144.84ms, mfu 2.51%
iter 2940: loss 0.9870, time 144.34ms, mfu 2.52%
iter 2950: loss 1.0140, time 144.23ms, mfu 2.53%
iter 2960: loss 0.9905, time 142.85ms, mfu 2.53%
iter 2970: loss 0.9831, time 147.18ms, mfu 2.53%
iter 2980: loss 0.9948, time 144.72ms, mfu 2.54%
iter 2990: loss 0.9821, time 143.44ms, mfu 2.54%
step 3000: train loss 0.8646, val loss 1.5278
iter 3000: loss 0.9729, time 16907.26ms, mfu 2.29%
iter 3010: loss 0.9904, time 145.93ms, mfu 2.32%
iter 3020: loss 0.9997, time 146.80ms, mfu 2.34%
iter 3030: loss 0.9962, time 144.00ms, mfu 2.37%
iter 3040: loss 1.0229, time 147.28ms, mfu 2.38%
iter 3050: loss 0.9773, time 146.15ms, mfu 2.40%
iter 3060: loss 0.9965, time 145.78ms, mfu 2.41%
iter 3070: loss 1.0084, time 145.12ms, mfu 2.43%
iter 3080: loss 0.9869, time 145.74ms, mfu 2.44%
iter 3090: loss 0.9745, time 145.50ms, mfu 2.45%
iter 3100: loss 0.9855, time 148.30ms, mfu 2.46%
iter 3110: loss 0.9695, time 149.01ms, mfu 2.46%
iter 3120: loss 0.9878, time 146.12ms, mfu 2.47%
iter 3130: loss 0.9795, time 148.47ms, mfu 2.48%
iter 3140: loss 0.9678, time 145.61ms, mfu 2.48%
iter 3150: loss 0.9952, time 146.82ms, mfu 2.49%
iter 3160: loss 1.0011, time 147.17ms, mfu 2.49%
iter 3170: loss 0.9581, time 146.00ms, mfu 2.50%
iter 3180: loss 0.9712, time 145.86ms, mfu 2.51%
iter 3190: loss 0.9931, time 147.16ms, mfu 2.51%
iter 3200: loss 0.9599, time 146.63ms, mfu 2.51%
iter 3210: loss 0.9608, time 143.36ms, mfu 2.52%
iter 3220: loss 0.9522, time 144.62ms, mfu 2.53%
iter 3230: loss 0.9539, time 145.76ms, mfu 2.53%
iter 3240: loss 0.9615, time 148.43ms, mfu 2.53%
step 3250: train loss 0.8196, val loss 1.5693
iter 3250: loss 0.9621, time 16839.02ms, mfu 2.28%
iter 3260: loss 0.9532, time 146.65ms, mfu 2.30%
iter 3270: loss 0.9657, time 145.66ms, mfu 2.33%
iter 3280: loss 0.9430, time 146.85ms, mfu 2.35%
iter 3290: loss 0.9441, time 144.04ms, mfu 2.37%
iter 3300: loss 0.9285, time 146.73ms, mfu 2.39%
iter 3310: loss 0.9436, time 141.97ms, mfu 2.41%
iter 3320: loss 0.9618, time 143.21ms, mfu 2.43%
iter 3330: loss 0.9506, time 145.62ms, mfu 2.44%
iter 3340: loss 0.9531, time 143.77ms, mfu 2.46%
iter 3350: loss 0.9487, time 146.69ms, mfu 2.47%
iter 3360: loss 0.9204, time 144.28ms, mfu 2.48%
iter 3370: loss 0.9587, time 145.80ms, mfu 2.49%
iter 3380: loss 0.9446, time 145.62ms, mfu 2.49%
iter 3390: loss 0.9513, time 145.37ms, mfu 2.50%
iter 3400: loss 0.9489, time 146.34ms, mfu 2.51%
iter 3410: loss 0.9390, time 147.30ms, mfu 2.51%
iter 3420: loss 0.9378, time 146.34ms, mfu 2.51%
iter 3430: loss 0.9410, time 145.84ms, mfu 2.52%
iter 3440: loss 0.9725, time 147.73ms, mfu 2.52%
iter 3450: loss 0.9477, time 148.13ms, mfu 2.52%
iter 3460: loss 0.9479, time 145.55ms, mfu 2.52%
iter 3470: loss 0.9318, time 147.96ms, mfu 2.52%
iter 3480: loss 0.9386, time 148.63ms, mfu 2.52%
iter 3490: loss 0.9160, time 148.50ms, mfu 2.52%
step 3500: train loss 0.7770, val loss 1.5860
iter 3500: loss 0.9064, time 17322.46ms, mfu 2.27%
iter 3510: loss 0.9189, time 147.52ms, mfu 2.29%
iter 3520: loss 0.9173, time 147.14ms, mfu 2.32%
iter 3530: loss 0.9437, time 145.74ms, mfu 2.34%
iter 3540: loss 0.9200, time 146.15ms, mfu 2.36%
iter 3550: loss 0.9289, time 146.47ms, mfu 2.38%
iter 3560: loss 0.9513, time 145.23ms, mfu 2.40%
iter 3570: loss 0.9309, time 147.57ms, mfu 2.41%
iter 3580: loss 0.9153, time 145.95ms, mfu 2.43%
iter 3590: loss 0.9234, time 146.39ms, mfu 2.44%
iter 3600: loss 0.9163, time 144.02ms, mfu 2.45%
iter 3610: loss 0.9090, time 145.59ms, mfu 2.46%
iter 3620: loss 0.9069, time 147.58ms, mfu 2.47%
iter 3630: loss 0.9162, time 143.65ms, mfu 2.48%
iter 3640: loss 0.9131, time 145.15ms, mfu 2.49%
iter 3650: loss 0.9088, time 146.05ms, mfu 2.50%
iter 3660: loss 0.9293, time 145.02ms, mfu 2.50%
iter 3670: loss 0.9341, time 147.43ms, mfu 2.51%
iter 3680: loss 0.9067, time 143.90ms, mfu 2.51%
iter 3690: loss 0.9251, time 146.78ms, mfu 2.52%
iter 3700: loss 0.8710, time 143.98ms, mfu 2.52%
iter 3710: loss 0.8862, time 144.63ms, mfu 2.53%
iter 3720: loss 0.9021, time 144.00ms, mfu 2.54%
iter 3730: loss 0.9009, time 144.79ms, mfu 2.54%
iter 3740: loss 0.8947, time 147.37ms, mfu 2.54%
step 3750: train loss 0.7355, val loss 1.6149
iter 3750: loss 0.8951, time 16760.08ms, mfu 2.29%
iter 3760: loss 0.9196, time 144.72ms, mfu 2.32%
iter 3770: loss 0.9238, time 146.67ms, mfu 2.34%
iter 3780: loss 0.9155, time 145.93ms, mfu 2.36%
iter 3790: loss 0.8927, time 148.34ms, mfu 2.37%
iter 3800: loss 0.9043, time 146.60ms, mfu 2.39%
iter 3810: loss 0.9129, time 146.00ms, mfu 2.41%
iter 3820: loss 0.8847, time 147.37ms, mfu 2.42%
iter 3830: loss 0.8923, time 147.45ms, mfu 2.43%
iter 3840: loss 0.8837, time 145.63ms, mfu 2.44%
iter 3850: loss 0.8874, time 146.52ms, mfu 2.45%
iter 3860: loss 0.8713, time 148.28ms, mfu 2.46%
iter 3870: loss 0.8838, time 145.45ms, mfu 2.47%
iter 3880: loss 0.8809, time 146.70ms, mfu 2.48%
iter 3890: loss 0.8906, time 147.58ms, mfu 2.48%
iter 3900: loss 0.8895, time 147.16ms, mfu 2.49%
iter 3910: loss 0.8778, time 144.20ms, mfu 2.50%
iter 3920: loss 0.8642, time 143.81ms, mfu 2.51%
iter 3930: loss 0.8874, time 145.98ms, mfu 2.51%
iter 3940: loss 0.8683, time 148.44ms, mfu 2.51%
iter 3950: loss 0.8739, time 147.37ms, mfu 2.51%
iter 3960: loss 0.9033, time 147.06ms, mfu 2.51%
iter 3970: loss 0.8874, time 144.82ms, mfu 2.52%
iter 3980: loss 0.8918, time 144.73ms, mfu 2.53%
iter 3990: loss 0.8714, time 145.52ms, mfu 2.53%
step 4000: train loss 0.7031, val loss 1.6374
iter 4000: loss 0.8551, time 16955.49ms, mfu 2.28%
iter 4010: loss 0.8749, time 149.01ms, mfu 2.30%
iter 4020: loss 0.8916, time 148.00ms, mfu 2.32%
iter 4030: loss 0.8729, time 147.28ms, mfu 2.34%
iter 4040: loss 0.8704, time 145.76ms, mfu 2.36%
iter 4050: loss 0.8621, time 146.07ms, mfu 2.38%
iter 4060: loss 0.8592, time 146.05ms, mfu 2.40%
iter 4070: loss 0.8579, time 147.89ms, mfu 2.41%
iter 4080: loss 0.8826, time 148.36ms, mfu 2.42%
iter 4090: loss 0.8496, time 148.30ms, mfu 2.43%
iter 4100: loss 0.8959, time 148.32ms, mfu 2.44%
iter 4110: loss 0.8612, time 147.01ms, mfu 2.45%
iter 4120: loss 0.8696, time 147.29ms, mfu 2.46%
iter 4130: loss 0.8589, time 146.01ms, mfu 2.47%
iter 4140: loss 0.8728, time 147.16ms, mfu 2.47%
iter 4150: loss 0.8678, time 144.69ms, mfu 2.48%
iter 4160: loss 0.8519, time 148.18ms, mfu 2.49%
iter 4170: loss 0.8609, time 146.14ms, mfu 2.49%
iter 4180: loss 0.8589, time 146.43ms, mfu 2.50%
iter 4190: loss 0.8632, time 146.80ms, mfu 2.50%
iter 4200: loss 0.8459, time 147.82ms, mfu 2.50%
iter 4210: loss 0.8675, time 144.82ms, mfu 2.51%
iter 4220: loss 0.8571, time 145.28ms, mfu 2.52%
iter 4230: loss 0.8838, time 143.84ms, mfu 2.52%
iter 4240: loss 0.8525, time 148.47ms, mfu 2.52%
step 4250: train loss 0.6719, val loss 1.6587
iter 4250: loss 0.8652, time 16925.91ms, mfu 2.27%
iter 4260: loss 0.8550, time 142.98ms, mfu 2.31%
iter 4270: loss 0.8684, time 147.47ms, mfu 2.33%
iter 4280: loss 0.8589, time 144.18ms, mfu 2.35%
iter 4290: loss 0.8310, time 145.94ms, mfu 2.37%
iter 4300: loss 0.8285, time 145.45ms, mfu 2.39%
iter 4310: loss 0.8495, time 145.64ms, mfu 2.41%
iter 4320: loss 0.8375, time 144.61ms, mfu 2.43%
iter 4330: loss 0.8602, time 145.00ms, mfu 2.44%
iter 4340: loss 0.8329, time 142.95ms, mfu 2.46%
iter 4350: loss 0.8406, time 147.08ms, mfu 2.46%
iter 4360: loss 0.8527, time 145.47ms, mfu 2.47%
iter 4370: loss 0.8595, time 144.70ms, mfu 2.48%
iter 4380: loss 0.8321, time 143.17ms, mfu 2.50%
iter 4390: loss 0.8652, time 145.34ms, mfu 2.50%
iter 4400: loss 0.8380, time 145.96ms, mfu 2.51%
iter 4410: loss 0.8525, time 143.52ms, mfu 2.52%
iter 4420: loss 0.8590, time 145.39ms, mfu 2.52%
iter 4430: loss 0.8486, time 144.47ms, mfu 2.53%
iter 4440: loss 0.8525, time 145.30ms, mfu 2.53%
iter 4450: loss 0.8429, time 144.26ms, mfu 2.54%
iter 4460: loss 0.8313, time 148.07ms, mfu 2.53%
iter 4470: loss 0.8532, time 147.64ms, mfu 2.53%
iter 4480: loss 0.8231, time 146.82ms, mfu 2.53%
iter 4490: loss 0.8379, time 149.86ms, mfu 2.53%
step 4500: train loss 0.6475, val loss 1.6797
iter 4500: loss 0.8504, time 17281.67ms, mfu 2.28%
iter 4510: loss 0.8418, time 148.26ms, mfu 2.30%
iter 4520: loss 0.8366, time 146.98ms, mfu 2.33%
iter 4530: loss 0.8494, time 147.35ms, mfu 2.35%
iter 4540: loss 0.8391, time 145.87ms, mfu 2.37%
iter 4550: loss 0.8664, time 146.71ms, mfu 2.38%
iter 4560: loss 0.8302, time 145.50ms, mfu 2.40%
iter 4570: loss 0.8404, time 148.06ms, mfu 2.41%
iter 4580: loss 0.8511, time 146.55ms, mfu 2.43%
iter 4590: loss 0.8534, time 150.93ms, mfu 2.43%
iter 4600: loss 0.8237, time 145.87ms, mfu 2.44%
iter 4610: loss 0.8580, time 147.85ms, mfu 2.45%
iter 4620: loss 0.8287, time 146.06ms, mfu 2.46%
iter 4630: loss 0.8165, time 147.66ms, mfu 2.47%
iter 4640: loss 0.8485, time 145.12ms, mfu 2.48%
iter 4650: loss 0.8637, time 147.39ms, mfu 2.48%
iter 4660: loss 0.8364, time 144.76ms, mfu 2.49%
iter 4670: loss 0.8346, time 146.36ms, mfu 2.50%
iter 4680: loss 0.8526, time 144.83ms, mfu 2.50%
iter 4690: loss 0.8426, time 146.30ms, mfu 2.51%
iter 4700: loss 0.8265, time 145.24ms, mfu 2.51%
iter 4710: loss 0.7927, time 144.42ms, mfu 2.52%
iter 4720: loss 0.8263, time 145.22ms, mfu 2.53%
iter 4730: loss 0.8191, time 147.17ms, mfu 2.53%
iter 4740: loss 0.8220, time 143.97ms, mfu 2.53%
step 4750: train loss 0.6297, val loss 1.6939
iter 4750: loss 0.7993, time 16784.69ms, mfu 2.28%
iter 4760: loss 0.8200, time 145.69ms, mfu 2.31%
iter 4770: loss 0.7971, time 145.62ms, mfu 2.33%
iter 4780: loss 0.8109, time 147.34ms, mfu 2.35%
iter 4790: loss 0.8228, time 146.39ms, mfu 2.37%
iter 4800: loss 0.8146, time 145.43ms, mfu 2.39%
iter 4810: loss 0.8309, time 145.21ms, mfu 2.41%
iter 4820: loss 0.8201, time 145.35ms, mfu 2.42%
iter 4830: loss 0.8212, time 147.07ms, mfu 2.44%
iter 4840: loss 0.8289, time 147.31ms, mfu 2.44%
iter 4850: loss 0.8122, time 145.56ms, mfu 2.46%
iter 4860: loss 0.8087, time 144.48ms, mfu 2.47%
iter 4870: loss 0.8040, time 146.09ms, mfu 2.48%
iter 4880: loss 0.8190, time 146.04ms, mfu 2.48%
iter 4890: loss 0.8054, time 144.43ms, mfu 2.49%
iter 4900: loss 0.8048, time 148.57ms, mfu 2.50%
iter 4910: loss 0.8226, time 146.70ms, mfu 2.50%
iter 4920: loss 0.8098, time 144.39ms, mfu 2.51%
iter 4930: loss 0.8073, time 147.89ms, mfu 2.51%
iter 4940: loss 0.7954, time 145.99ms, mfu 2.51%
iter 4950: loss 0.8153, time 145.78ms, mfu 2.52%
iter 4960: loss 0.8251, time 145.94ms, mfu 2.52%
iter 4970: loss 0.7892, time 148.48ms, mfu 2.52%
iter 4980: loss 0.7961, time 148.32ms, mfu 2.52%
iter 4990: loss 0.8265, time 143.71ms, mfu 2.53%
step 5000: train loss 0.6154, val loss 1.7168
iter 5000: loss 0.8130, time 17104.07ms, mfu 2.28%
