Overriding config with config/train_shakespeare_char.py:
# train a miniature character-level shakespeare model
# good for debugging and playing on macbooks and such

out_dir = 'out-shakespeare-char'
eval_interval = 250 # keep frequent because we'll overfit
eval_iters = 200
log_interval = 10 # don't print too too often

# we expect to overfit on this small dataset, so only save when val improves
always_save_checkpoint = False

wandb_log = False # override via command line if you like
wandb_project = 'shakespeare-char'
wandb_run_name = 'mini-gpt'

dataset = 'shakespeare_char'
gradient_accumulation_steps = 1
batch_size = 64
block_size = 256 # context of up to 256 previous characters

# baby GPT model :)
n_layer = 6
n_head = 6
n_embd = 384
dropout = 0.2

learning_rate = 1e-3 # with baby networks can afford to go a bit higher
max_iters = 5000
lr_decay_iters = 5000 # make equal to max_iters usually
min_lr = 1e-4 # learning_rate / 10 usually
beta2 = 0.99 # make a bit bigger because number of tokens per iter is small

warmup_iters = 100 # not super necessary potentially

# on macbook also add
# device = 'cpu'  # run on cpu only
# compile = False # do not torch compile the model

Overriding: dtype = float16
Overriding: compile = False
Overriding: out_dir = /content/drive/MyDrive/Homework1_nanoGPT/out-rope
tokens per iteration will be: 16,384
found vocab_size = 65 (inside data/shakespeare_char/meta.pkl)
Initializing a new model from scratch
number of parameters: 10.65M
/content/nanoGPT/train.py:196: FutureWarning: `torch.cuda.amp.GradScaler(args...)` is deprecated. Please use `torch.amp.GradScaler('cuda', args...)` instead.
  scaler = torch.cuda.amp.GradScaler(enabled=(dtype == 'float16'))
num decayed parameter tensors: 25, with 10,641,792 parameters
num non-decayed parameter tensors: 13, with 4,992 parameters
using fused AdamW: True
step 0: train loss 4.1937, val loss 4.2006
iter 0: loss 4.2137, time 20914.86ms, mfu -100.00%
iter 10: loss 3.0460, time 144.80ms, mfu 2.57%
iter 20: loss 2.6900, time 145.09ms, mfu 2.57%
iter 30: loss 2.5580, time 145.16ms, mfu 2.57%
iter 40: loss 2.4916, time 144.06ms, mfu 2.57%
iter 50: loss 2.4149, time 145.15ms, mfu 2.57%
iter 60: loss 2.3220, time 144.96ms, mfu 2.57%
iter 70: loss 2.2844, time 147.39ms, mfu 2.57%
iter 80: loss 2.1967, time 147.78ms, mfu 2.56%
iter 90: loss 2.1341, time 146.69ms, mfu 2.56%
iter 100: loss 2.0613, time 146.79ms, mfu 2.56%
iter 110: loss 2.0400, time 148.01ms, mfu 2.55%
iter 120: loss 2.0011, time 148.85ms, mfu 2.55%
iter 130: loss 1.9237, time 152.13ms, mfu 2.54%
iter 140: loss 1.9291, time 148.11ms, mfu 2.54%
iter 150: loss 1.8819, time 150.10ms, mfu 2.53%
iter 160: loss 1.8282, time 149.10ms, mfu 2.53%
iter 170: loss 1.8023, time 148.54ms, mfu 2.53%
iter 180: loss 1.8128, time 150.54ms, mfu 2.52%
iter 190: loss 1.7873, time 152.61ms, mfu 2.51%
iter 200: loss 1.7493, time 152.47ms, mfu 2.51%
iter 210: loss 1.7204, time 150.62ms, mfu 2.50%
iter 220: loss 1.7372, time 153.24ms, mfu 2.50%
iter 230: loss 1.7013, time 150.96ms, mfu 2.49%
iter 240: loss 1.6714, time 154.59ms, mfu 2.49%
step 250: train loss 1.5869, val loss 1.7672
saving checkpoint to /content/drive/MyDrive/Homework1_nanoGPT/out-rope
iter 250: loss 1.6621, time 22400.62ms, mfu 2.24%
iter 260: loss 1.6226, time 166.75ms, mfu 2.24%
iter 270: loss 1.6438, time 166.48ms, mfu 2.24%
iter 280: loss 1.6766, time 167.45ms, mfu 2.24%
iter 290: loss 1.6348, time 167.17ms, mfu 2.24%
iter 300: loss 1.6426, time 169.57ms, mfu 2.23%
iter 310: loss 1.5878, time 168.18ms, mfu 2.23%
iter 320: loss 1.5970, time 168.04ms, mfu 2.23%
iter 330: loss 1.5641, time 174.70ms, mfu 2.22%
iter 340: loss 1.5595, time 174.05ms, mfu 2.21%
iter 350: loss 1.5688, time 175.30ms, mfu 2.20%
iter 360: loss 1.5680, time 171.97ms, mfu 2.20%
iter 370: loss 1.5605, time 174.72ms, mfu 2.19%
iter 380: loss 1.5410, time 177.47ms, mfu 2.18%
iter 390: loss 1.5177, time 179.56ms, mfu 2.17%
iter 400: loss 1.4795, time 174.71ms, mfu 2.17%
iter 410: loss 1.5209, time 172.52ms, mfu 2.17%
iter 420: loss 1.4632, time 178.11ms, mfu 2.16%
iter 430: loss 1.4614, time 170.45ms, mfu 2.16%
iter 440: loss 1.5084, time 170.15ms, mfu 2.17%
iter 450: loss 1.4808, time 172.57ms, mfu 2.16%
iter 460: loss 1.4345, time 172.19ms, mfu 2.16%
iter 470: loss 1.4369, time 167.05ms, mfu 2.17%
iter 480: loss 1.4426, time 172.89ms, mfu 2.17%
iter 490: loss 1.4398, time 167.40ms, mfu 2.18%
step 500: train loss 1.3593, val loss 1.5947
saving checkpoint to /content/drive/MyDrive/Homework1_nanoGPT/out-rope
iter 500: loss 1.5070, time 23066.52ms, mfu 1.96%
iter 510: loss 1.4457, time 160.07ms, mfu 2.00%
iter 520: loss 1.4343, time 162.46ms, mfu 2.03%
iter 530: loss 1.4388, time 160.42ms, mfu 2.06%
iter 540: loss 1.4247, time 163.46ms, mfu 2.08%
iter 550: loss 1.4210, time 164.49ms, mfu 2.10%
iter 560: loss 1.3995, time 161.31ms, mfu 2.12%
iter 570: loss 1.4102, time 162.89ms, mfu 2.14%
iter 580: loss 1.3910, time 162.26ms, mfu 2.15%
iter 590: loss 1.4331, time 165.67ms, mfu 2.16%
iter 600: loss 1.3980, time 166.64ms, mfu 2.17%
iter 610: loss 1.3610, time 163.05ms, mfu 2.18%
iter 620: loss 1.3877, time 164.08ms, mfu 2.19%
iter 630: loss 1.3961, time 167.33ms, mfu 2.19%
iter 640: loss 1.3754, time 167.51ms, mfu 2.20%
iter 650: loss 1.3816, time 164.64ms, mfu 2.20%
iter 660: loss 1.3335, time 168.04ms, mfu 2.20%
iter 670: loss 1.3618, time 165.25ms, mfu 2.21%
iter 680: loss 1.3180, time 171.48ms, mfu 2.21%
iter 690: loss 1.3469, time 167.62ms, mfu 2.21%
iter 700: loss 1.3059, time 170.15ms, mfu 2.21%
iter 710: loss 1.3162, time 165.38ms, mfu 2.21%
iter 720: loss 1.3339, time 168.05ms, mfu 2.21%
iter 730: loss 1.3600, time 170.81ms, mfu 2.21%
iter 740: loss 1.3270, time 169.35ms, mfu 2.21%
step 750: train loss 1.2638, val loss 1.5300
saving checkpoint to /content/drive/MyDrive/Homework1_nanoGPT/out-rope
iter 750: loss 1.2989, time 23567.87ms, mfu 1.99%
iter 760: loss 1.3388, time 162.63ms, mfu 2.02%
iter 770: loss 1.3108, time 166.89ms, mfu 2.04%
iter 780: loss 1.2941, time 160.84ms, mfu 2.07%
iter 790: loss 1.3317, time 162.15ms, mfu 2.09%
iter 800: loss 1.2926, time 162.89ms, mfu 2.11%
iter 810: loss 1.2942, time 164.08ms, mfu 2.13%
iter 820: loss 1.3130, time 166.17ms, mfu 2.14%
iter 830: loss 1.2665, time 163.80ms, mfu 2.15%
iter 840: loss 1.2759, time 163.38ms, mfu 2.16%
iter 850: loss 1.3080, time 163.70ms, mfu 2.18%
iter 860: loss 1.2717, time 162.05ms, mfu 2.19%
iter 870: loss 1.2707, time 164.60ms, mfu 2.20%
iter 880: loss 1.2733, time 164.63ms, mfu 2.20%
iter 890: loss 1.2973, time 165.02ms, mfu 2.21%
iter 900: loss 1.2820, time 165.37ms, mfu 2.21%
iter 910: loss 1.2862, time 164.81ms, mfu 2.22%
iter 920: loss 1.2617, time 165.18ms, mfu 2.22%
iter 930: loss 1.2812, time 164.09ms, mfu 2.23%
iter 940: loss 1.2744, time 164.81ms, mfu 2.23%
iter 950: loss 1.2216, time 166.47ms, mfu 2.23%
iter 960: loss 1.2560, time 163.74ms, mfu 2.24%
iter 970: loss 1.2763, time 167.65ms, mfu 2.23%
iter 980: loss 1.2727, time 164.26ms, mfu 2.24%
iter 990: loss 1.2643, time 169.92ms, mfu 2.23%
step 1000: train loss 1.1866, val loss 1.4831
saving checkpoint to /content/drive/MyDrive/Homework1_nanoGPT/out-rope
iter 1000: loss 1.2660, time 23584.42ms, mfu 2.01%
iter 1010: loss 1.2413, time 165.71ms, mfu 2.03%
iter 1020: loss 1.2495, time 163.77ms, mfu 2.06%
iter 1030: loss 1.2430, time 167.29ms, mfu 2.08%
iter 1040: loss 1.2167, time 169.81ms, mfu 2.09%
iter 1050: loss 1.2541, time 167.51ms, mfu 2.10%
iter 1060: loss 1.2577, time 171.20ms, mfu 2.11%
iter 1070: loss 1.2419, time 165.89ms, mfu 2.12%
iter 1080: loss 1.2613, time 165.32ms, mfu 2.14%
iter 1090: loss 1.2518, time 170.11ms, mfu 2.14%
iter 1100: loss 1.2293, time 167.10ms, mfu 2.15%
iter 1110: loss 1.2238, time 165.13ms, mfu 2.16%
iter 1120: loss 1.2361, time 164.02ms, mfu 2.17%
iter 1130: loss 1.2097, time 166.88ms, mfu 2.18%
iter 1140: loss 1.2324, time 166.82ms, mfu 2.18%
iter 1150: loss 1.2614, time 167.85ms, mfu 2.19%
iter 1160: loss 1.2160, time 163.32ms, mfu 2.20%
iter 1170: loss 1.2150, time 167.12ms, mfu 2.20%
iter 1180: loss 1.2203, time 168.16ms, mfu 2.20%
iter 1190: loss 1.2337, time 166.59ms, mfu 2.21%
iter 1200: loss 1.2293, time 166.10ms, mfu 2.21%
iter 1210: loss 1.1981, time 165.10ms, mfu 2.21%
iter 1220: loss 1.2151, time 165.53ms, mfu 2.22%
iter 1230: loss 1.1562, time 166.42ms, mfu 2.22%
iter 1240: loss 1.2000, time 163.46ms, mfu 2.23%
step 1250: train loss 1.1273, val loss 1.4824
saving checkpoint to /content/drive/MyDrive/Homework1_nanoGPT/out-rope
iter 1250: loss 1.1962, time 23473.69ms, mfu 2.00%
iter 1260: loss 1.2190, time 166.76ms, mfu 2.03%
iter 1270: loss 1.1860, time 162.84ms, mfu 2.05%
iter 1280: loss 1.2174, time 164.90ms, mfu 2.07%
iter 1290: loss 1.2003, time 168.02ms, mfu 2.09%
iter 1300: loss 1.1763, time 164.02ms, mfu 2.11%
iter 1310: loss 1.1999, time 165.67ms, mfu 2.12%
iter 1320: loss 1.1975, time 163.26ms, mfu 2.14%
iter 1330: loss 1.1871, time 165.77ms, mfu 2.15%
iter 1340: loss 1.1911, time 164.63ms, mfu 2.16%
iter 1350: loss 1.1632, time 164.37ms, mfu 2.17%
iter 1360: loss 1.1836, time 165.61ms, mfu 2.18%
iter 1370: loss 1.1919, time 163.88ms, mfu 2.19%
iter 1380: loss 1.1480, time 167.14ms, mfu 2.19%
iter 1390: loss 1.1664, time 169.04ms, mfu 2.19%
iter 1400: loss 1.1812, time 168.06ms, mfu 2.20%
iter 1410: loss 1.1839, time 165.05ms, mfu 2.20%
iter 1420: loss 1.1773, time 164.18ms, mfu 2.21%
iter 1430: loss 1.1716, time 165.02ms, mfu 2.21%
iter 1440: loss 1.1736, time 166.10ms, mfu 2.22%
iter 1450: loss 1.1460, time 165.23ms, mfu 2.22%
iter 1460: loss 1.1498, time 167.29ms, mfu 2.22%
iter 1470: loss 1.1584, time 165.51ms, mfu 2.22%
iter 1480: loss 1.1623, time 167.04ms, mfu 2.22%
iter 1490: loss 1.1903, time 164.04ms, mfu 2.23%
step 1500: train loss 1.0785, val loss 1.4741
saving checkpoint to /content/drive/MyDrive/Homework1_nanoGPT/out-rope
iter 1500: loss 1.1456, time 23488.95ms, mfu 2.01%
iter 1510: loss 1.1660, time 166.31ms, mfu 2.03%
iter 1520: loss 1.1556, time 162.06ms, mfu 2.06%
iter 1530: loss 1.1460, time 166.65ms, mfu 2.08%
iter 1540: loss 1.1644, time 162.69ms, mfu 2.10%
iter 1550: loss 1.1402, time 163.98ms, mfu 2.11%
iter 1560: loss 1.1591, time 166.14ms, mfu 2.13%
iter 1570: loss 1.1571, time 167.87ms, mfu 2.14%
iter 1580: loss 1.1249, time 170.23ms, mfu 2.14%
iter 1590: loss 1.1257, time 166.50ms, mfu 2.15%
iter 1600: loss 1.0926, time 165.13ms, mfu 2.16%
iter 1610: loss 1.1251, time 171.40ms, mfu 2.16%
iter 1620: loss 1.1260, time 170.41ms, mfu 2.17%
iter 1630: loss 1.1446, time 165.08ms, mfu 2.17%
iter 1640: loss 1.1537, time 164.66ms, mfu 2.18%
iter 1650: loss 1.1520, time 166.58ms, mfu 2.19%
iter 1660: loss 1.1206, time 164.22ms, mfu 2.20%
iter 1670: loss 1.1639, time 164.05ms, mfu 2.20%
iter 1680: loss 1.1395, time 163.81ms, mfu 2.21%
iter 1690: loss 1.1110, time 168.74ms, mfu 2.21%
iter 1700: loss 1.1246, time 165.46ms, mfu 2.22%
iter 1710: loss 1.1199, time 163.38ms, mfu 2.22%
iter 1720: loss 1.1223, time 169.13ms, mfu 2.22%
iter 1730: loss 1.0925, time 166.12ms, mfu 2.22%
iter 1740: loss 1.1060, time 164.18ms, mfu 2.23%
step 1750: train loss 1.0283, val loss 1.4839
iter 1750: loss 1.1110, time 23123.93ms, mfu 2.01%
iter 1760: loss 1.1465, time 164.60ms, mfu 2.03%
iter 1770: loss 1.1037, time 164.47ms, mfu 2.06%
iter 1780: loss 1.1189, time 164.07ms, mfu 2.08%
iter 1790: loss 1.1130, time 170.64ms, mfu 2.09%
iter 1800: loss 1.1136, time 163.93ms, mfu 2.11%
iter 1810: loss 1.1193, time 165.13ms, mfu 2.12%
iter 1820: loss 1.1338, time 167.45ms, mfu 2.13%
iter 1830: loss 1.0885, time 165.35ms, mfu 2.14%
iter 1840: loss 1.0779, time 164.46ms, mfu 2.16%
iter 1850: loss 1.1061, time 165.00ms, mfu 2.17%
iter 1860: loss 1.1211, time 165.01ms, mfu 2.18%
iter 1870: loss 1.0566, time 167.43ms, mfu 2.18%
iter 1880: loss 1.1305, time 165.49ms, mfu 2.19%
iter 1890: loss 1.0952, time 168.35ms, mfu 2.19%
iter 1900: loss 1.1108, time 164.28ms, mfu 2.20%
iter 1910: loss 1.1057, time 167.32ms, mfu 2.20%
iter 1920: loss 1.0970, time 167.77ms, mfu 2.20%
iter 1930: loss 1.0872, time 165.14ms, mfu 2.21%
iter 1940: loss 1.0810, time 168.14ms, mfu 2.21%
iter 1950: loss 1.1048, time 170.20ms, mfu 2.21%
iter 1960: loss 1.0762, time 169.33ms, mfu 2.21%
iter 1970: loss 1.0953, time 164.71ms, mfu 2.21%
iter 1980: loss 1.1090, time 165.54ms, mfu 2.22%
iter 1990: loss 1.0970, time 165.26ms, mfu 2.22%
step 2000: train loss 0.9765, val loss 1.4917
iter 2000: loss 1.1163, time 23283.19ms, mfu 2.00%
iter 2010: loss 1.1018, time 164.23ms, mfu 2.03%
iter 2020: loss 1.0840, time 170.81ms, mfu 2.04%
iter 2030: loss 1.0932, time 165.74ms, mfu 2.06%
iter 2040: loss 1.0458, time 168.74ms, mfu 2.08%
iter 2050: loss 1.0688, time 166.40ms, mfu 2.09%
iter 2060: loss 1.0748, time 164.97ms, mfu 2.11%
iter 2070: loss 1.0677, time 166.21ms, mfu 2.12%
iter 2080: loss 1.0761, time 165.45ms, mfu 2.14%
iter 2090: loss 1.0604, time 168.05ms, mfu 2.14%
iter 2100: loss 1.0896, time 169.99ms, mfu 2.15%
iter 2110: loss 1.0972, time 169.64ms, mfu 2.15%
iter 2120: loss 1.0570, time 166.22ms, mfu 2.16%
iter 2130: loss 1.0437, time 170.81ms, mfu 2.16%
iter 2140: loss 1.0464, time 167.00ms, mfu 2.17%
iter 2150: loss 1.0564, time 166.48ms, mfu 2.18%
iter 2160: loss 1.0392, time 166.87ms, mfu 2.18%
iter 2170: loss 1.0457, time 169.25ms, mfu 2.19%
iter 2180: loss 1.0455, time 165.23ms, mfu 2.19%
iter 2190: loss 1.0450, time 163.86ms, mfu 2.20%
iter 2200: loss 1.0414, time 166.56ms, mfu 2.20%
iter 2210: loss 1.0366, time 165.59ms, mfu 2.21%
iter 2220: loss 1.0373, time 166.96ms, mfu 2.21%
iter 2230: loss 1.0444, time 166.66ms, mfu 2.21%
iter 2240: loss 1.0378, time 166.96ms, mfu 2.22%
step 2250: train loss 0.9251, val loss 1.5074
iter 2250: loss 1.0314, time 23276.92ms, mfu 2.00%
iter 2260: loss 1.0134, time 170.17ms, mfu 2.01%
iter 2270: loss 1.0328, time 166.83ms, mfu 2.04%
iter 2280: loss 1.0317, time 168.51ms, mfu 2.05%
iter 2290: loss 1.0391, time 165.96ms, mfu 2.07%
iter 2300: loss 1.0270, time 168.75ms, mfu 2.09%
iter 2310: loss 1.0542, time 169.47ms, mfu 2.10%
iter 2320: loss 1.0260, time 171.00ms, mfu 2.11%
iter 2330: loss 1.0262, time 163.18ms, mfu 2.12%
iter 2340: loss 1.0177, time 166.10ms, mfu 2.14%
iter 2350: loss 1.0201, time 167.75ms, mfu 2.14%
iter 2360: loss 1.0259, time 166.99ms, mfu 2.15%
iter 2370: loss 1.0289, time 165.04ms, mfu 2.16%
iter 2380: loss 1.0252, time 167.37ms, mfu 2.17%
iter 2390: loss 1.0322, time 169.44ms, mfu 2.17%
iter 2400: loss 1.0177, time 167.60ms, mfu 2.18%
iter 2410: loss 1.0312, time 170.88ms, mfu 2.18%
iter 2420: loss 1.0062, time 164.98ms, mfu 2.19%
iter 2430: loss 1.0047, time 165.59ms, mfu 2.19%
iter 2440: loss 0.9857, time 167.29ms, mfu 2.20%
iter 2450: loss 0.9823, time 169.91ms, mfu 2.20%
iter 2460: loss 1.0186, time 163.00ms, mfu 2.20%
iter 2470: loss 1.0046, time 167.06ms, mfu 2.21%
iter 2480: loss 1.0089, time 164.39ms, mfu 2.21%
iter 2490: loss 0.9724, time 167.00ms, mfu 2.22%
step 2500: train loss 0.8769, val loss 1.5274
iter 2500: loss 0.9983, time 23140.82ms, mfu 2.00%
iter 2510: loss 1.0188, time 164.80ms, mfu 2.02%
iter 2520: loss 1.0187, time 164.69ms, mfu 2.05%
iter 2530: loss 1.0181, time 164.49ms, mfu 2.07%
iter 2540: loss 1.0169, time 165.94ms, mfu 2.09%
iter 2550: loss 1.0147, time 165.82ms, mfu 2.10%
iter 2560: loss 0.9785, time 167.14ms, mfu 2.11%
iter 2570: loss 1.0097, time 168.22ms, mfu 2.12%
iter 2580: loss 0.9986, time 167.58ms, mfu 2.13%
iter 2590: loss 1.0027, time 164.82ms, mfu 2.15%
iter 2600: loss 0.9920, time 165.83ms, mfu 2.16%
iter 2610: loss 1.0095, time 166.44ms, mfu 2.17%
iter 2620: loss 0.9916, time 162.18ms, mfu 2.18%
iter 2630: loss 0.9949, time 166.52ms, mfu 2.18%
iter 2640: loss 0.9922, time 167.90ms, mfu 2.19%
iter 2650: loss 0.9708, time 166.05ms, mfu 2.19%
iter 2660: loss 1.0216, time 163.25ms, mfu 2.20%
iter 2670: loss 1.0131, time 165.80ms, mfu 2.21%
iter 2680: loss 0.9830, time 171.37ms, mfu 2.20%
iter 2690: loss 0.9875, time 163.77ms, mfu 2.21%
iter 2700: loss 0.9547, time 168.91ms, mfu 2.21%
iter 2710: loss 0.9839, time 168.25ms, mfu 2.21%
iter 2720: loss 0.9663, time 165.14ms, mfu 2.22%
iter 2730: loss 0.9726, time 163.67ms, mfu 2.22%
iter 2740: loss 0.9725, time 164.85ms, mfu 2.23%
step 2750: train loss 0.8297, val loss 1.5459
iter 2750: loss 0.9955, time 23133.53ms, mfu 2.00%
iter 2760: loss 0.9492, time 166.63ms, mfu 2.03%
iter 2770: loss 0.9792, time 166.13ms, mfu 2.05%
iter 2780: loss 0.9263, time 166.69ms, mfu 2.07%
iter 2790: loss 0.9685, time 166.55ms, mfu 2.08%
iter 2800: loss 0.9554, time 166.24ms, mfu 2.10%
iter 2810: loss 0.9745, time 165.72ms, mfu 2.12%
iter 2820: loss 0.9635, time 167.37ms, mfu 2.13%
iter 2830: loss 0.9417, time 167.67ms, mfu 2.14%
iter 2840: loss 0.9509, time 162.89ms, mfu 2.15%
iter 2850: loss 0.9503, time 164.64ms, mfu 2.16%
iter 2860: loss 0.9443, time 165.36ms, mfu 2.17%
iter 2870: loss 0.9546, time 166.59ms, mfu 2.18%
iter 2880: loss 0.9472, time 166.12ms, mfu 2.18%
iter 2890: loss 0.9690, time 165.01ms, mfu 2.19%
iter 2900: loss 0.9656, time 162.38ms, mfu 2.20%
iter 2910: loss 0.9580, time 163.35ms, mfu 2.21%
iter 2920: loss 0.9594, time 167.34ms, mfu 2.21%
iter 2930: loss 0.9169, time 165.01ms, mfu 2.22%
iter 2940: loss 0.9511, time 164.21ms, mfu 2.22%
iter 2950: loss 0.9604, time 165.57ms, mfu 2.22%
iter 2960: loss 0.9193, time 165.47ms, mfu 2.23%
iter 2970: loss 0.9442, time 164.52ms, mfu 2.23%
iter 2980: loss 0.9455, time 166.65ms, mfu 2.23%
iter 2990: loss 0.9214, time 165.82ms, mfu 2.23%
step 3000: train loss 0.7814, val loss 1.5755
iter 3000: loss 0.9496, time 23083.75ms, mfu 2.01%
iter 3010: loss 0.9309, time 163.97ms, mfu 2.04%
iter 3020: loss 0.9374, time 166.28ms, mfu 2.06%
iter 3030: loss 0.9385, time 168.50ms, mfu 2.07%
iter 3040: loss 0.9241, time 162.62ms, mfu 2.10%
iter 3050: loss 0.9444, time 169.21ms, mfu 2.11%
iter 3060: loss 0.9279, time 167.09ms, mfu 2.12%
iter 3070: loss 0.9205, time 166.52ms, mfu 2.13%
iter 3080: loss 0.9151, time 165.27ms, mfu 2.14%
iter 3090: loss 0.9209, time 166.44ms, mfu 2.15%
iter 3100: loss 0.9180, time 166.53ms, mfu 2.16%
iter 3110: loss 0.8996, time 165.79ms, mfu 2.17%
iter 3120: loss 0.9375, time 162.70ms, mfu 2.18%
iter 3130: loss 0.8970, time 164.40ms, mfu 2.19%
iter 3140: loss 0.9099, time 166.53ms, mfu 2.19%
iter 3150: loss 0.9276, time 163.18ms, mfu 2.20%
iter 3160: loss 0.9095, time 165.91ms, mfu 2.21%
iter 3170: loss 0.9073, time 161.04ms, mfu 2.22%
iter 3180: loss 0.9262, time 166.20ms, mfu 2.22%
iter 3190: loss 0.9056, time 166.83ms, mfu 2.22%
iter 3200: loss 0.8892, time 163.88ms, mfu 2.23%
iter 3210: loss 0.9225, time 168.57ms, mfu 2.23%
iter 3220: loss 0.8975, time 164.95ms, mfu 2.23%
iter 3230: loss 0.9108, time 166.20ms, mfu 2.23%
iter 3240: loss 0.9022, time 166.13ms, mfu 2.23%
step 3250: train loss 0.7405, val loss 1.6085
iter 3250: loss 0.8929, time 23027.40ms, mfu 2.01%
iter 3260: loss 0.9013, time 166.17ms, mfu 2.03%
iter 3270: loss 0.8740, time 164.86ms, mfu 2.06%
iter 3280: loss 0.9023, time 162.52ms, mfu 2.08%
iter 3290: loss 0.8814, time 166.27ms, mfu 2.10%
iter 3300: loss 0.8878, time 166.27ms, mfu 2.11%
iter 3310: loss 0.8953, time 166.17ms, mfu 2.12%
iter 3320: loss 0.8963, time 164.84ms, mfu 2.14%
iter 3330: loss 0.8851, time 167.96ms, mfu 2.15%
iter 3340: loss 0.8745, time 164.13ms, mfu 2.16%
iter 3350: loss 0.8864, time 164.64ms, mfu 2.17%
iter 3360: loss 0.8680, time 166.22ms, mfu 2.18%
iter 3370: loss 0.8607, time 164.78ms, mfu 2.18%
iter 3380: loss 0.8843, time 168.07ms, mfu 2.19%
iter 3390: loss 0.8638, time 164.98ms, mfu 2.19%
iter 3400: loss 0.8662, time 165.29ms, mfu 2.20%
iter 3410: loss 0.8779, time 164.11ms, mfu 2.21%
iter 3420: loss 0.8936, time 164.12ms, mfu 2.21%
iter 3430: loss 0.9075, time 164.06ms, mfu 2.22%
iter 3440: loss 0.8586, time 164.59ms, mfu 2.22%
iter 3450: loss 0.8646, time 165.70ms, mfu 2.23%
iter 3460: loss 0.8619, time 164.51ms, mfu 2.23%
iter 3470: loss 0.8584, time 164.43ms, mfu 2.23%
iter 3480: loss 0.8711, time 168.55ms, mfu 2.23%
iter 3490: loss 0.8723, time 165.61ms, mfu 2.23%
step 3500: train loss 0.6946, val loss 1.6481
iter 3500: loss 0.8524, time 23275.55ms, mfu 2.01%
iter 3510: loss 0.9082, time 169.89ms, mfu 2.03%
iter 3520: loss 0.8641, time 162.39ms, mfu 2.06%
iter 3530: loss 0.8558, time 171.50ms, mfu 2.07%
iter 3540: loss 0.8771, time 165.60ms, mfu 2.09%
iter 3550: loss 0.8535, time 165.53ms, mfu 2.10%
iter 3560: loss 0.8754, time 163.60ms, mfu 2.12%
iter 3570: loss 0.8714, time 166.82ms, mfu 2.13%
iter 3580: loss 0.8665, time 169.78ms, mfu 2.14%
iter 3590: loss 0.8484, time 168.38ms, mfu 2.15%
iter 3600: loss 0.8539, time 167.01ms, mfu 2.15%
iter 3610: loss 0.8479, time 169.22ms, mfu 2.16%
iter 3620: loss 0.8574, time 165.09ms, mfu 2.17%
iter 3630: loss 0.8719, time 171.62ms, mfu 2.17%
iter 3640: loss 0.8497, time 166.01ms, mfu 2.18%
iter 3650: loss 0.8545, time 170.86ms, mfu 2.18%
iter 3660: loss 0.8529, time 169.08ms, mfu 2.18%
iter 3670: loss 0.8464, time 163.15ms, mfu 2.19%
iter 3680: loss 0.8466, time 165.45ms, mfu 2.20%
iter 3690: loss 0.8680, time 170.24ms, mfu 2.20%
iter 3700: loss 0.8658, time 165.49ms, mfu 2.20%
iter 3710: loss 0.8588, time 164.42ms, mfu 2.21%
iter 3720: loss 0.8443, time 165.42ms, mfu 2.21%
iter 3730: loss 0.8393, time 168.28ms, mfu 2.21%
iter 3740: loss 0.8489, time 167.35ms, mfu 2.21%
step 3750: train loss 0.6555, val loss 1.6662
iter 3750: loss 0.8405, time 23276.98ms, mfu 1.99%
iter 3760: loss 0.8290, time 163.98ms, mfu 2.02%
iter 3770: loss 0.8503, time 167.47ms, mfu 2.04%
iter 3780: loss 0.8325, time 169.23ms, mfu 2.06%
iter 3790: loss 0.8215, time 167.77ms, mfu 2.07%
iter 3800: loss 0.8430, time 170.92ms, mfu 2.08%
iter 3810: loss 0.8418, time 169.10ms, mfu 2.10%
iter 3820: loss 0.8192, time 165.06ms, mfu 2.11%
iter 3830: loss 0.8328, time 170.55ms, mfu 2.12%
iter 3840: loss 0.8294, time 167.73ms, mfu 2.13%
iter 3850: loss 0.8193, time 163.98ms, mfu 2.14%
iter 3860: loss 0.8170, time 166.75ms, mfu 2.15%
iter 3870: loss 0.8418, time 167.08ms, mfu 2.16%
iter 3880: loss 0.8436, time 166.15ms, mfu 2.17%
iter 3890: loss 0.8410, time 165.88ms, mfu 2.18%
iter 3900: loss 0.8383, time 165.80ms, mfu 2.18%
iter 3910: loss 0.8497, time 162.76ms, mfu 2.19%
iter 3920: loss 0.8106, time 166.74ms, mfu 2.20%
iter 3930: loss 0.8261, time 165.62ms, mfu 2.20%
iter 3940: loss 0.8062, time 161.85ms, mfu 2.21%
iter 3950: loss 0.8237, time 165.12ms, mfu 2.22%
iter 3960: loss 0.8327, time 165.59ms, mfu 2.22%
iter 3970: loss 0.8164, time 165.74ms, mfu 2.22%
iter 3980: loss 0.8313, time 171.39ms, mfu 2.22%
iter 3990: loss 0.7986, time 169.40ms, mfu 2.22%
step 4000: train loss 0.6247, val loss 1.6860
iter 4000: loss 0.8341, time 23201.06ms, mfu 2.00%
iter 4010: loss 0.8381, time 166.12ms, mfu 2.02%
iter 4020: loss 0.8351, time 164.85ms, mfu 2.05%
iter 4030: loss 0.8282, time 164.11ms, mfu 2.07%
iter 4040: loss 0.8277, time 165.51ms, mfu 2.09%
iter 4050: loss 0.7949, time 163.70ms, mfu 2.11%
iter 4060: loss 0.8184, time 166.87ms, mfu 2.12%
iter 4070: loss 0.8375, time 166.72ms, mfu 2.13%
iter 4080: loss 0.8095, time 166.00ms, mfu 2.14%
iter 4090: loss 0.8358, time 165.14ms, mfu 2.15%
iter 4100: loss 0.8077, time 163.05ms, mfu 2.17%
iter 4110: loss 0.8079, time 168.51ms, mfu 2.17%
iter 4120: loss 0.7985, time 166.72ms, mfu 2.18%
iter 4130: loss 0.8052, time 171.00ms, mfu 2.18%
iter 4140: loss 0.7956, time 162.73ms, mfu 2.19%
iter 4150: loss 0.8253, time 169.15ms, mfu 2.19%
iter 4160: loss 0.8097, time 164.32ms, mfu 2.20%
iter 4170: loss 0.7808, time 165.90ms, mfu 2.20%
iter 4180: loss 0.7933, time 169.19ms, mfu 2.20%
iter 4190: loss 0.8116, time 165.32ms, mfu 2.21%
iter 4200: loss 0.7959, time 166.55ms, mfu 2.21%
iter 4210: loss 0.8219, time 165.04ms, mfu 2.22%
iter 4220: loss 0.8105, time 164.87ms, mfu 2.22%
iter 4230: loss 0.8067, time 163.43ms, mfu 2.23%
iter 4240: loss 0.8187, time 171.41ms, mfu 2.22%
step 4250: train loss 0.5963, val loss 1.7228
iter 4250: loss 0.7923, time 23166.92ms, mfu 2.00%
iter 4260: loss 0.8013, time 167.35ms, mfu 2.02%
iter 4270: loss 0.7976, time 167.04ms, mfu 2.04%
iter 4280: loss 0.8240, time 171.57ms, mfu 2.06%
iter 4290: loss 0.8059, time 171.32ms, mfu 2.07%
iter 4300: loss 0.7870, time 162.51ms, mfu 2.09%
iter 4310: loss 0.7875, time 166.54ms, mfu 2.11%
iter 4320: loss 0.8133, time 164.46ms, mfu 2.12%
iter 4330: loss 0.7989, time 164.51ms, mfu 2.14%
iter 4340: loss 0.7945, time 166.32ms, mfu 2.15%
iter 4350: loss 0.8005, time 164.89ms, mfu 2.16%
iter 4360: loss 0.7890, time 164.87ms, mfu 2.17%
iter 4370: loss 0.7977, time 167.30ms, mfu 2.17%
iter 4380: loss 0.8057, time 163.58ms, mfu 2.18%
iter 4390: loss 0.7865, time 162.41ms, mfu 2.20%
iter 4400: loss 0.7778, time 162.78ms, mfu 2.20%
iter 4410: loss 0.8082, time 165.91ms, mfu 2.21%
iter 4420: loss 0.7960, time 162.09ms, mfu 2.22%
iter 4430: loss 0.7790, time 165.53ms, mfu 2.22%
iter 4440: loss 0.7928, time 164.63ms, mfu 2.23%
iter 4450: loss 0.8002, time 164.08ms, mfu 2.23%
iter 4460: loss 0.7852, time 164.38ms, mfu 2.23%
iter 4470: loss 0.7956, time 163.86ms, mfu 2.24%
iter 4480: loss 0.7874, time 164.92ms, mfu 2.24%
iter 4490: loss 0.7786, time 163.66ms, mfu 2.24%
step 4500: train loss 0.5708, val loss 1.7350
iter 4500: loss 0.8089, time 23031.28ms, mfu 2.02%
iter 4510: loss 0.7711, time 164.52ms, mfu 2.05%
iter 4520: loss 0.7676, time 163.29ms, mfu 2.07%
iter 4530: loss 0.7853, time 162.83ms, mfu 2.09%
iter 4540: loss 0.7915, time 163.63ms, mfu 2.11%
iter 4550: loss 0.7846, time 168.09ms, mfu 2.12%
iter 4560: loss 0.7819, time 165.78ms, mfu 2.13%
iter 4570: loss 0.8038, time 163.56ms, mfu 2.15%
iter 4580: loss 0.7965, time 166.05ms, mfu 2.16%
iter 4590: loss 0.7885, time 164.14ms, mfu 2.17%
iter 4600: loss 0.7806, time 165.73ms, mfu 2.18%
iter 4610: loss 0.7786, time 163.32ms, mfu 2.19%
iter 4620: loss 0.7708, time 164.21ms, mfu 2.20%
iter 4630: loss 0.7667, time 167.60ms, mfu 2.20%
iter 4640: loss 0.7736, time 164.52ms, mfu 2.20%
iter 4650: loss 0.7683, time 164.77ms, mfu 2.21%
iter 4660: loss 0.7821, time 163.74ms, mfu 2.22%
iter 4670: loss 0.7744, time 165.35ms, mfu 2.22%
iter 4680: loss 0.7587, time 164.68ms, mfu 2.22%
iter 4690: loss 0.7577, time 165.38ms, mfu 2.23%
iter 4700: loss 0.7798, time 163.13ms, mfu 2.23%
iter 4710: loss 0.7729, time 162.85ms, mfu 2.24%
iter 4720: loss 0.7795, time 163.91ms, mfu 2.24%
iter 4730: loss 0.7729, time 163.65ms, mfu 2.25%
iter 4740: loss 0.7551, time 163.87ms, mfu 2.25%
step 4750: train loss 0.5560, val loss 1.7446
iter 4750: loss 0.7815, time 23086.12ms, mfu 2.03%
iter 4760: loss 0.7814, time 167.05ms, mfu 2.05%
iter 4770: loss 0.7557, time 163.51ms, mfu 2.07%
iter 4780: loss 0.7871, time 164.84ms, mfu 2.09%
iter 4790: loss 0.7694, time 164.80ms, mfu 2.11%
iter 4800: loss 0.7840, time 162.15ms, mfu 2.12%
iter 4810: loss 0.7639, time 166.59ms, mfu 2.14%
iter 4820: loss 0.7760, time 164.31ms, mfu 2.15%
iter 4830: loss 0.7645, time 167.00ms, mfu 2.16%
iter 4840: loss 0.7516, time 164.04ms, mfu 2.17%
iter 4850: loss 0.7737, time 166.31ms, mfu 2.18%
iter 4860: loss 0.7654, time 166.46ms, mfu 2.18%
iter 4870: loss 0.7739, time 171.58ms, mfu 2.18%
iter 4880: loss 0.7608, time 165.23ms, mfu 2.19%
iter 4890: loss 0.7951, time 166.61ms, mfu 2.19%
iter 4900: loss 0.7806, time 166.97ms, mfu 2.20%
iter 4910: loss 0.7468, time 165.27ms, mfu 2.20%
iter 4920: loss 0.7576, time 164.74ms, mfu 2.21%
iter 4930: loss 0.7705, time 163.08ms, mfu 2.22%
iter 4940: loss 0.7639, time 164.77ms, mfu 2.22%
iter 4950: loss 0.7793, time 166.57ms, mfu 2.22%
iter 4960: loss 0.7489, time 166.90ms, mfu 2.22%
iter 4970: loss 0.7457, time 166.74ms, mfu 2.22%
iter 4980: loss 0.7729, time 167.44ms, mfu 2.22%
iter 4990: loss 0.7736, time 167.94ms, mfu 2.22%
step 5000: train loss 0.5436, val loss 1.7522
iter 5000: loss 0.7627, time 23186.56ms, mfu 2.00%
