Overriding config with config/train_shakespeare_char.py:
# train a miniature character-level shakespeare model
# good for debugging and playing on macbooks and such

out_dir = 'out-shakespeare-char'
eval_interval = 250 # keep frequent because we'll overfit
eval_iters = 200
log_interval = 10 # don't print too too often

# we expect to overfit on this small dataset, so only save when val improves
always_save_checkpoint = False

wandb_log = False # override via command line if you like
wandb_project = 'shakespeare-char'
wandb_run_name = 'mini-gpt'

dataset = 'shakespeare_char'
gradient_accumulation_steps = 1
batch_size = 64
block_size = 256 # context of up to 256 previous characters

# baby GPT model :)
n_layer = 6
n_head = 6
n_embd = 384
dropout = 0.2

learning_rate = 1e-3 # with baby networks can afford to go a bit higher
max_iters = 5000
lr_decay_iters = 5000 # make equal to max_iters usually
min_lr = 1e-4 # learning_rate / 10 usually
beta2 = 0.99 # make a bit bigger because number of tokens per iter is small

warmup_iters = 100 # not super necessary potentially

# on macbook also add
# device = 'cpu'  # run on cpu only
# compile = False # do not torch compile the model

Overriding: dtype = float16
Overriding: compile = False
Overriding: out_dir = /content/drive/MyDrive/Homework1_nanoGPT/out-swiglu
tokens per iteration will be: 16,384
found vocab_size = 65 (inside data/shakespeare_char/meta.pkl)
Initializing a new model from scratch
number of parameters: 10.65M
/content/nanoGPT/train.py:196: FutureWarning: `torch.cuda.amp.GradScaler(args...)` is deprecated. Please use `torch.amp.GradScaler('cuda', args...)` instead.
  scaler = torch.cuda.amp.GradScaler(enabled=(dtype == 'float16'))
num decayed parameter tensors: 32, with 10,740,096 parameters
num non-decayed parameter tensors: 13, with 4,992 parameters
using fused AdamW: True
step 0: train loss 4.3302, val loss 4.3199
iter 0: loss 4.3319, time 14235.06ms, mfu -100.00%
iter 10: loss 3.3637, time 109.86ms, mfu 3.39%
iter 20: loss 2.8970, time 111.13ms, mfu 3.39%
iter 30: loss 2.6156, time 112.29ms, mfu 3.38%
iter 40: loss 2.5402, time 106.64ms, mfu 3.39%
iter 50: loss 2.5068, time 110.05ms, mfu 3.39%
iter 60: loss 2.4787, time 110.73ms, mfu 3.39%
iter 70: loss 2.4622, time 110.01ms, mfu 3.39%
iter 80: loss 2.4520, time 111.65ms, mfu 3.38%
iter 90: loss 2.4565, time 111.96ms, mfu 3.38%
iter 100: loss 2.4279, time 112.10ms, mfu 3.37%
iter 110: loss 2.3869, time 110.15ms, mfu 3.37%
iter 120: loss 2.3702, time 111.81ms, mfu 3.37%
iter 130: loss 2.3651, time 113.02ms, mfu 3.36%
iter 140: loss 2.3322, time 113.29ms, mfu 3.36%
iter 150: loss 2.3064, time 114.66ms, mfu 3.34%
iter 160: loss 2.3121, time 112.05ms, mfu 3.34%
iter 170: loss 2.2771, time 113.75ms, mfu 3.34%
iter 180: loss 2.2085, time 114.17ms, mfu 3.33%
iter 190: loss 2.2204, time 115.57ms, mfu 3.32%
iter 200: loss 2.1528, time 114.74ms, mfu 3.31%
iter 210: loss 2.0630, time 114.26ms, mfu 3.31%
iter 220: loss 2.0236, time 114.34ms, mfu 3.30%
iter 230: loss 1.9696, time 114.58ms, mfu 3.30%
iter 240: loss 1.9275, time 114.22ms, mfu 3.29%
step 250: train loss 1.8264, val loss 1.9628
saving checkpoint to /content/drive/MyDrive/Homework1_nanoGPT/out-swiglu
iter 250: loss 1.8893, time 15463.36ms, mfu 2.97%
iter 260: loss 1.8710, time 118.94ms, mfu 2.98%
iter 270: loss 1.8057, time 121.41ms, mfu 2.99%
iter 280: loss 1.7840, time 118.89ms, mfu 3.01%
iter 290: loss 1.7834, time 122.02ms, mfu 3.01%
iter 300: loss 1.7528, time 121.94ms, mfu 3.02%
iter 310: loss 1.7206, time 124.22ms, mfu 3.01%
iter 320: loss 1.6887, time 125.25ms, mfu 3.01%
iter 330: loss 1.6805, time 124.23ms, mfu 3.01%
iter 340: loss 1.6793, time 125.81ms, mfu 3.00%
iter 350: loss 1.6169, time 124.68ms, mfu 3.00%
iter 360: loss 1.6024, time 125.03ms, mfu 3.00%
iter 370: loss 1.6086, time 127.34ms, mfu 2.99%
iter 380: loss 1.5969, time 126.92ms, mfu 2.99%
iter 390: loss 1.5883, time 125.38ms, mfu 2.99%
iter 400: loss 1.5775, time 127.99ms, mfu 2.98%
iter 410: loss 1.5949, time 129.74ms, mfu 2.97%
iter 420: loss 1.5410, time 130.84ms, mfu 2.96%
iter 430: loss 1.5402, time 131.75ms, mfu 2.94%
iter 440: loss 1.5406, time 131.80ms, mfu 2.93%
iter 450: loss 1.5460, time 132.34ms, mfu 2.92%
iter 460: loss 1.4940, time 135.08ms, mfu 2.90%
iter 470: loss 1.5359, time 136.61ms, mfu 2.89%
iter 480: loss 1.5148, time 136.56ms, mfu 2.87%
iter 490: loss 1.4990, time 139.21ms, mfu 2.85%
step 500: train loss 1.4155, val loss 1.6258
saving checkpoint to /content/drive/MyDrive/Homework1_nanoGPT/out-swiglu
iter 500: loss 1.4875, time 17516.14ms, mfu 2.57%
iter 510: loss 1.4963, time 133.15ms, mfu 2.59%
iter 520: loss 1.5055, time 133.24ms, mfu 2.61%
iter 530: loss 1.4728, time 130.81ms, mfu 2.64%
iter 540: loss 1.4537, time 130.15ms, mfu 2.66%
iter 550: loss 1.4841, time 129.82ms, mfu 2.68%
iter 560: loss 1.4333, time 130.21ms, mfu 2.70%
iter 570: loss 1.4262, time 126.90ms, mfu 2.72%
iter 580: loss 1.4069, time 129.78ms, mfu 2.74%
iter 590: loss 1.4487, time 126.64ms, mfu 2.76%
iter 600: loss 1.3920, time 127.06ms, mfu 2.77%
iter 610: loss 1.4249, time 128.51ms, mfu 2.79%
iter 620: loss 1.3946, time 130.22ms, mfu 2.79%
iter 630: loss 1.4248, time 127.49ms, mfu 2.81%
iter 640: loss 1.4152, time 126.25ms, mfu 2.82%
iter 650: loss 1.3946, time 125.57ms, mfu 2.84%
iter 660: loss 1.4130, time 126.18ms, mfu 2.85%
iter 670: loss 1.3912, time 127.13ms, mfu 2.86%
iter 680: loss 1.3806, time 126.16ms, mfu 2.87%
iter 690: loss 1.3670, time 125.57ms, mfu 2.88%
iter 700: loss 1.3641, time 124.50ms, mfu 2.89%
iter 710: loss 1.3438, time 125.47ms, mfu 2.90%
iter 720: loss 1.3634, time 127.60ms, mfu 2.90%
iter 730: loss 1.3502, time 126.63ms, mfu 2.90%
iter 740: loss 1.3484, time 126.03ms, mfu 2.91%
step 750: train loss 1.2884, val loss 1.5455
saving checkpoint to /content/drive/MyDrive/Homework1_nanoGPT/out-swiglu
iter 750: loss 1.3543, time 16833.02ms, mfu 2.62%
iter 760: loss 1.3511, time 128.70ms, mfu 2.65%
iter 770: loss 1.3483, time 127.79ms, mfu 2.67%
iter 780: loss 1.3479, time 130.85ms, mfu 2.69%
iter 790: loss 1.3294, time 130.41ms, mfu 2.71%
iter 800: loss 1.3545, time 131.89ms, mfu 2.72%
iter 810: loss 1.3262, time 126.53ms, mfu 2.74%
iter 820: loss 1.2910, time 130.63ms, mfu 2.75%
iter 830: loss 1.2964, time 131.63ms, mfu 2.76%
iter 840: loss 1.3363, time 130.66ms, mfu 2.77%
iter 850: loss 1.3209, time 132.00ms, mfu 2.78%
iter 860: loss 1.3125, time 134.08ms, mfu 2.78%
iter 870: loss 1.3215, time 133.53ms, mfu 2.78%
iter 880: loss 1.2773, time 134.23ms, mfu 2.78%
iter 890: loss 1.3139, time 133.07ms, mfu 2.78%
iter 900: loss 1.2743, time 132.25ms, mfu 2.78%
iter 910: loss 1.2694, time 134.84ms, mfu 2.78%
iter 920: loss 1.3057, time 133.19ms, mfu 2.78%
iter 930: loss 1.2736, time 131.02ms, mfu 2.79%
iter 940: loss 1.2993, time 132.36ms, mfu 2.79%
iter 950: loss 1.3126, time 132.77ms, mfu 2.79%
iter 960: loss 1.2629, time 131.99ms, mfu 2.80%
iter 970: loss 1.2930, time 134.10ms, mfu 2.79%
iter 980: loss 1.2776, time 132.84ms, mfu 2.80%
iter 990: loss 1.2626, time 133.24ms, mfu 2.80%
step 1000: train loss 1.2098, val loss 1.4991
saving checkpoint to /content/drive/MyDrive/Homework1_nanoGPT/out-swiglu
iter 1000: loss 1.2732, time 16907.07ms, mfu 2.52%
iter 1010: loss 1.2818, time 130.44ms, mfu 2.55%
iter 1020: loss 1.2207, time 130.59ms, mfu 2.58%
iter 1030: loss 1.2613, time 129.81ms, mfu 2.61%
iter 1040: loss 1.2537, time 128.83ms, mfu 2.64%
iter 1050: loss 1.2694, time 129.75ms, mfu 2.66%
iter 1060: loss 1.2522, time 129.51ms, mfu 2.68%
iter 1070: loss 1.2658, time 129.91ms, mfu 2.70%
iter 1080: loss 1.2412, time 129.32ms, mfu 2.72%
iter 1090: loss 1.2664, time 127.83ms, mfu 2.74%
iter 1100: loss 1.2595, time 129.44ms, mfu 2.75%
iter 1110: loss 1.2564, time 128.51ms, mfu 2.77%
iter 1120: loss 1.2296, time 128.75ms, mfu 2.78%
iter 1130: loss 1.2521, time 130.55ms, mfu 2.79%
iter 1140: loss 1.2230, time 127.84ms, mfu 2.80%
iter 1150: loss 1.2962, time 129.60ms, mfu 2.81%
iter 1160: loss 1.2627, time 129.45ms, mfu 2.82%
iter 1170: loss 1.2746, time 127.45ms, mfu 2.83%
iter 1180: loss 1.2531, time 130.02ms, mfu 2.83%
iter 1190: loss 1.2497, time 129.98ms, mfu 2.83%
iter 1200: loss 1.2240, time 127.23ms, mfu 2.84%
iter 1210: loss 1.2324, time 127.95ms, mfu 2.85%
iter 1220: loss 1.2100, time 128.26ms, mfu 2.86%
iter 1230: loss 1.2376, time 130.95ms, mfu 2.85%
iter 1240: loss 1.2425, time 129.56ms, mfu 2.86%
step 1250: train loss 1.1509, val loss 1.4953
saving checkpoint to /content/drive/MyDrive/Homework1_nanoGPT/out-swiglu
iter 1250: loss 1.2271, time 16852.91ms, mfu 2.57%
iter 1260: loss 1.2125, time 130.48ms, mfu 2.60%
iter 1270: loss 1.2320, time 129.00ms, mfu 2.63%
iter 1280: loss 1.2142, time 130.01ms, mfu 2.65%
iter 1290: loss 1.2216, time 129.74ms, mfu 2.68%
iter 1300: loss 1.2058, time 129.37ms, mfu 2.70%
iter 1310: loss 1.2388, time 130.53ms, mfu 2.71%
iter 1320: loss 1.2431, time 128.42ms, mfu 2.73%
iter 1330: loss 1.2216, time 129.79ms, mfu 2.74%
iter 1340: loss 1.1784, time 132.01ms, mfu 2.75%
iter 1350: loss 1.2151, time 132.77ms, mfu 2.76%
iter 1360: loss 1.2233, time 131.64ms, mfu 2.77%
iter 1370: loss 1.1870, time 131.40ms, mfu 2.77%
iter 1380: loss 1.2107, time 132.05ms, mfu 2.78%
iter 1390: loss 1.2065, time 132.22ms, mfu 2.78%
iter 1400: loss 1.1685, time 131.65ms, mfu 2.79%
iter 1410: loss 1.2116, time 132.41ms, mfu 2.79%
iter 1420: loss 1.1891, time 131.22ms, mfu 2.79%
iter 1430: loss 1.1612, time 131.41ms, mfu 2.80%
iter 1440: loss 1.1691, time 131.55ms, mfu 2.80%
iter 1450: loss 1.2031, time 131.71ms, mfu 2.80%
iter 1460: loss 1.1556, time 132.03ms, mfu 2.81%
iter 1470: loss 1.1583, time 130.61ms, mfu 2.81%
iter 1480: loss 1.2042, time 131.90ms, mfu 2.81%
iter 1490: loss 1.1643, time 131.05ms, mfu 2.82%
step 1500: train loss 1.0969, val loss 1.5014
iter 1500: loss 1.1444, time 16507.54ms, mfu 2.54%
iter 1510: loss 1.1525, time 130.79ms, mfu 2.57%
iter 1520: loss 1.1663, time 132.43ms, mfu 2.59%
iter 1530: loss 1.1835, time 130.75ms, mfu 2.62%
iter 1540: loss 1.1799, time 129.41ms, mfu 2.64%
iter 1550: loss 1.1540, time 130.87ms, mfu 2.66%
iter 1560: loss 1.1543, time 129.78ms, mfu 2.69%
iter 1570: loss 1.1348, time 130.18ms, mfu 2.70%
iter 1580: loss 1.1469, time 130.95ms, mfu 2.72%
iter 1590: loss 1.1640, time 131.11ms, mfu 2.73%
iter 1600: loss 1.1441, time 130.28ms, mfu 2.74%
iter 1610: loss 1.1476, time 132.82ms, mfu 2.75%
iter 1620: loss 1.1667, time 132.23ms, mfu 2.76%
iter 1630: loss 1.1383, time 130.42ms, mfu 2.77%
iter 1640: loss 1.1670, time 129.86ms, mfu 2.78%
iter 1650: loss 1.1443, time 131.21ms, mfu 2.78%
iter 1660: loss 1.1379, time 132.24ms, mfu 2.79%
iter 1670: loss 1.1502, time 131.08ms, mfu 2.79%
iter 1680: loss 1.1287, time 132.06ms, mfu 2.79%
iter 1690: loss 1.1536, time 129.56ms, mfu 2.80%
iter 1700: loss 1.1203, time 130.00ms, mfu 2.81%
iter 1710: loss 1.1241, time 129.31ms, mfu 2.82%
iter 1720: loss 1.1240, time 131.71ms, mfu 2.82%
iter 1730: loss 1.1438, time 128.39ms, mfu 2.83%
iter 1740: loss 1.1336, time 131.22ms, mfu 2.83%
step 1750: train loss 1.0438, val loss 1.5155
iter 1750: loss 1.1328, time 16534.29ms, mfu 2.55%
iter 1760: loss 1.1289, time 130.12ms, mfu 2.58%
iter 1770: loss 1.1266, time 130.68ms, mfu 2.61%
iter 1780: loss 1.1319, time 130.08ms, mfu 2.63%
iter 1790: loss 1.1423, time 128.59ms, mfu 2.66%
iter 1800: loss 1.1133, time 128.09ms, mfu 2.68%
iter 1810: loss 1.1140, time 129.14ms, mfu 2.70%
iter 1820: loss 1.0828, time 128.17ms, mfu 2.72%
iter 1830: loss 1.1088, time 130.29ms, mfu 2.74%
iter 1840: loss 1.0947, time 127.60ms, mfu 2.76%
iter 1850: loss 1.1131, time 127.70ms, mfu 2.77%
iter 1860: loss 1.1041, time 130.49ms, mfu 2.78%
iter 1870: loss 1.1225, time 128.10ms, mfu 2.79%
iter 1880: loss 1.0953, time 127.00ms, mfu 2.81%
iter 1890: loss 1.1109, time 127.26ms, mfu 2.82%
iter 1900: loss 1.1118, time 128.30ms, mfu 2.83%
iter 1910: loss 1.0912, time 130.06ms, mfu 2.83%
iter 1920: loss 1.1087, time 129.74ms, mfu 2.84%
iter 1930: loss 1.1151, time 128.62ms, mfu 2.84%
iter 1940: loss 1.1049, time 130.74ms, mfu 2.84%
iter 1950: loss 1.0978, time 129.17ms, mfu 2.85%
iter 1960: loss 1.1062, time 130.70ms, mfu 2.85%
iter 1970: loss 1.1033, time 128.37ms, mfu 2.85%
iter 1980: loss 1.1201, time 130.37ms, mfu 2.85%
iter 1990: loss 1.0698, time 128.97ms, mfu 2.86%
step 2000: train loss 0.9889, val loss 1.5281
iter 2000: loss 1.1345, time 16518.28ms, mfu 2.57%
iter 2010: loss 1.0941, time 129.12ms, mfu 2.60%
iter 2020: loss 1.0929, time 128.71ms, mfu 2.63%
iter 2030: loss 1.0709, time 130.56ms, mfu 2.66%
iter 2040: loss 1.0784, time 129.36ms, mfu 2.68%
iter 2050: loss 1.0658, time 129.43ms, mfu 2.70%
iter 2060: loss 1.0640, time 131.97ms, mfu 2.71%
iter 2070: loss 1.0667, time 129.29ms, mfu 2.73%
iter 2080: loss 1.0801, time 129.14ms, mfu 2.74%
iter 2090: loss 1.0395, time 131.78ms, mfu 2.75%
iter 2100: loss 1.0828, time 129.42ms, mfu 2.76%
iter 2110: loss 1.0469, time 127.88ms, mfu 2.78%
iter 2120: loss 1.0260, time 129.97ms, mfu 2.79%
iter 2130: loss 1.0789, time 132.03ms, mfu 2.79%
iter 2140: loss 1.0676, time 130.60ms, mfu 2.80%
iter 2150: loss 1.0401, time 130.27ms, mfu 2.80%
iter 2160: loss 1.0438, time 128.69ms, mfu 2.81%
iter 2170: loss 1.0405, time 128.25ms, mfu 2.82%
iter 2180: loss 1.0642, time 129.43ms, mfu 2.83%
iter 2190: loss 1.0520, time 129.89ms, mfu 2.83%
iter 2200: loss 1.0816, time 129.43ms, mfu 2.84%
iter 2210: loss 1.0533, time 129.78ms, mfu 2.84%
iter 2220: loss 1.0459, time 129.99ms, mfu 2.84%
iter 2230: loss 1.0508, time 129.12ms, mfu 2.85%
iter 2240: loss 1.0513, time 130.25ms, mfu 2.85%
step 2250: train loss 0.9366, val loss 1.5575
iter 2250: loss 1.0118, time 16519.15ms, mfu 2.57%
iter 2260: loss 1.0469, time 129.97ms, mfu 2.60%
iter 2270: loss 1.0509, time 129.35ms, mfu 2.62%
iter 2280: loss 1.0258, time 128.18ms, mfu 2.65%
iter 2290: loss 1.0397, time 131.06ms, mfu 2.67%
iter 2300: loss 1.0523, time 128.70ms, mfu 2.69%
iter 2310: loss 1.0542, time 131.05ms, mfu 2.71%
iter 2320: loss 1.0283, time 131.47ms, mfu 2.72%
iter 2330: loss 1.0629, time 128.45ms, mfu 2.74%
iter 2340: loss 1.0289, time 129.33ms, mfu 2.75%
iter 2350: loss 1.0166, time 129.27ms, mfu 2.77%
iter 2360: loss 1.0090, time 129.66ms, mfu 2.78%
iter 2370: loss 1.0606, time 130.02ms, mfu 2.79%
iter 2380: loss 1.0135, time 132.31ms, mfu 2.79%
iter 2390: loss 1.0285, time 128.80ms, mfu 2.80%
iter 2400: loss 1.0172, time 128.30ms, mfu 2.81%
iter 2410: loss 1.0147, time 127.75ms, mfu 2.82%
iter 2420: loss 1.0475, time 128.41ms, mfu 2.83%
iter 2430: loss 1.0366, time 127.99ms, mfu 2.84%
iter 2440: loss 1.0143, time 127.39ms, mfu 2.85%
iter 2450: loss 0.9961, time 129.30ms, mfu 2.85%
iter 2460: loss 0.9952, time 130.15ms, mfu 2.85%
iter 2470: loss 0.9849, time 129.79ms, mfu 2.85%
iter 2480: loss 1.0276, time 129.99ms, mfu 2.85%
iter 2490: loss 1.0338, time 129.93ms, mfu 2.86%
step 2500: train loss 0.8902, val loss 1.5882
iter 2500: loss 1.0369, time 16507.98ms, mfu 2.57%
iter 2510: loss 1.0344, time 129.41ms, mfu 2.60%
iter 2520: loss 1.0122, time 130.13ms, mfu 2.63%
iter 2530: loss 1.0078, time 129.73ms, mfu 2.65%
iter 2540: loss 1.0076, time 130.87ms, mfu 2.67%
iter 2550: loss 1.0103, time 130.98ms, mfu 2.69%
iter 2560: loss 0.9857, time 130.27ms, mfu 2.71%
iter 2570: loss 0.9881, time 128.55ms, mfu 2.73%
iter 2580: loss 1.0029, time 130.75ms, mfu 2.74%
iter 2590: loss 0.9646, time 129.89ms, mfu 2.75%
iter 2600: loss 0.9609, time 128.21ms, mfu 2.77%
iter 2610: loss 0.9690, time 128.17ms, mfu 2.78%
iter 2620: loss 0.9665, time 130.00ms, mfu 2.79%
iter 2630: loss 0.9885, time 129.01ms, mfu 2.80%
iter 2640: loss 0.9658, time 130.00ms, mfu 2.81%
iter 2650: loss 0.9864, time 129.54ms, mfu 2.81%
iter 2660: loss 1.0172, time 128.77ms, mfu 2.82%
iter 2670: loss 0.9809, time 129.79ms, mfu 2.83%
iter 2680: loss 0.9747, time 131.04ms, mfu 2.83%
iter 2690: loss 0.9382, time 129.96ms, mfu 2.83%
iter 2700: loss 0.9605, time 129.42ms, mfu 2.84%
iter 2710: loss 0.9625, time 128.49ms, mfu 2.84%
iter 2720: loss 0.9519, time 131.70ms, mfu 2.84%
iter 2730: loss 0.9731, time 129.21ms, mfu 2.85%
iter 2740: loss 0.9564, time 127.87ms, mfu 2.85%
step 2750: train loss 0.8279, val loss 1.6125
iter 2750: loss 0.9329, time 16553.43ms, mfu 2.57%
iter 2760: loss 0.9641, time 129.97ms, mfu 2.60%
iter 2770: loss 0.9719, time 128.85ms, mfu 2.63%
iter 2780: loss 0.9621, time 127.87ms, mfu 2.66%
iter 2790: loss 0.9450, time 128.45ms, mfu 2.68%
iter 2800: loss 0.9600, time 131.00ms, mfu 2.70%
iter 2810: loss 0.9484, time 128.73ms, mfu 2.72%
iter 2820: loss 0.9391, time 129.66ms, mfu 2.73%
iter 2830: loss 0.9860, time 128.88ms, mfu 2.75%
iter 2840: loss 0.9478, time 130.76ms, mfu 2.76%
iter 2850: loss 0.9468, time 129.43ms, mfu 2.77%
iter 2860: loss 0.9150, time 130.72ms, mfu 2.78%
iter 2870: loss 0.9331, time 129.60ms, mfu 2.79%
iter 2880: loss 0.9415, time 129.53ms, mfu 2.80%
iter 2890: loss 0.9484, time 129.67ms, mfu 2.81%
iter 2900: loss 0.9370, time 130.19ms, mfu 2.81%
iter 2910: loss 0.9334, time 129.95ms, mfu 2.82%
iter 2920: loss 0.9371, time 128.47ms, mfu 2.82%
iter 2930: loss 0.9394, time 129.99ms, mfu 2.83%
iter 2940: loss 0.9220, time 128.85ms, mfu 2.84%
iter 2950: loss 0.9147, time 130.97ms, mfu 2.84%
iter 2960: loss 0.9395, time 130.78ms, mfu 2.84%
iter 2970: loss 0.9252, time 131.45ms, mfu 2.84%
iter 2980: loss 0.9422, time 130.00ms, mfu 2.84%
iter 2990: loss 0.9518, time 130.28ms, mfu 2.84%
step 3000: train loss 0.7742, val loss 1.6537
iter 3000: loss 0.9071, time 16523.97ms, mfu 2.56%
iter 3010: loss 0.9330, time 130.28ms, mfu 2.59%
iter 3020: loss 0.9294, time 128.16ms, mfu 2.62%
iter 3030: loss 0.9147, time 129.15ms, mfu 2.65%
iter 3040: loss 0.9333, time 130.00ms, mfu 2.67%
iter 3050: loss 0.9005, time 129.90ms, mfu 2.69%
iter 3060: loss 0.9125, time 128.45ms, mfu 2.71%
iter 3070: loss 0.9087, time 130.25ms, mfu 2.73%
iter 3080: loss 0.9050, time 129.89ms, mfu 2.74%
iter 3090: loss 0.9223, time 130.77ms, mfu 2.75%
iter 3100: loss 0.9159, time 131.52ms, mfu 2.76%
iter 3110: loss 0.8828, time 128.22ms, mfu 2.77%
iter 3120: loss 0.9237, time 129.48ms, mfu 2.78%
iter 3130: loss 0.8892, time 129.21ms, mfu 2.79%
iter 3140: loss 0.9271, time 129.95ms, mfu 2.80%
iter 3150: loss 0.9029, time 129.58ms, mfu 2.81%
iter 3160: loss 0.9211, time 128.74ms, mfu 2.82%
iter 3170: loss 0.9194, time 128.80ms, mfu 2.83%
iter 3180: loss 0.8543, time 130.45ms, mfu 2.83%
iter 3190: loss 0.8996, time 128.74ms, mfu 2.83%
iter 3200: loss 0.9144, time 132.01ms, mfu 2.83%
iter 3210: loss 0.8792, time 127.27ms, mfu 2.84%
iter 3220: loss 0.9094, time 128.14ms, mfu 2.85%
iter 3230: loss 0.8851, time 130.01ms, mfu 2.85%
iter 3240: loss 0.8719, time 130.11ms, mfu 2.85%
step 3250: train loss 0.7289, val loss 1.6953
iter 3250: loss 0.8775, time 16511.53ms, mfu 2.57%
iter 3260: loss 0.8636, time 127.76ms, mfu 2.60%
iter 3270: loss 0.9065, time 128.53ms, mfu 2.63%
iter 3280: loss 0.8719, time 129.73ms, mfu 2.66%
iter 3290: loss 0.8811, time 131.03ms, mfu 2.68%
iter 3300: loss 0.8639, time 130.47ms, mfu 2.69%
iter 3310: loss 0.8973, time 128.74ms, mfu 2.71%
iter 3320: loss 0.8776, time 131.21ms, mfu 2.73%
iter 3330: loss 0.8909, time 128.48ms, mfu 2.74%
iter 3340: loss 0.8905, time 130.66ms, mfu 2.75%
iter 3350: loss 0.8668, time 131.05ms, mfu 2.76%
iter 3360: loss 0.8824, time 128.20ms, mfu 2.78%
iter 3370: loss 0.9073, time 131.10ms, mfu 2.78%
iter 3380: loss 0.8825, time 129.80ms, mfu 2.79%
iter 3390: loss 0.8786, time 130.00ms, mfu 2.80%
iter 3400: loss 0.8614, time 129.44ms, mfu 2.81%
iter 3410: loss 0.8595, time 130.88ms, mfu 2.81%
iter 3420: loss 0.8670, time 130.51ms, mfu 2.82%
iter 3430: loss 0.8870, time 129.44ms, mfu 2.82%
iter 3440: loss 0.8661, time 130.85ms, mfu 2.83%
iter 3450: loss 0.8689, time 130.21ms, mfu 2.83%
iter 3460: loss 0.8703, time 129.59ms, mfu 2.83%
iter 3470: loss 0.8454, time 130.53ms, mfu 2.84%
iter 3480: loss 0.8426, time 129.47ms, mfu 2.84%
iter 3490: loss 0.8396, time 131.65ms, mfu 2.84%
step 3500: train loss 0.6798, val loss 1.7227
iter 3500: loss 0.8771, time 16522.88ms, mfu 2.56%
iter 3510: loss 0.8406, time 130.04ms, mfu 2.59%
iter 3520: loss 0.8442, time 129.87ms, mfu 2.62%
iter 3530: loss 0.8502, time 129.69ms, mfu 2.64%
iter 3540: loss 0.8416, time 131.35ms, mfu 2.66%
iter 3550: loss 0.8528, time 126.17ms, mfu 2.69%
iter 3560: loss 0.8438, time 130.15ms, mfu 2.71%
iter 3570: loss 0.8589, time 131.18ms, mfu 2.72%
iter 3580: loss 0.8547, time 128.80ms, mfu 2.74%
iter 3590: loss 0.8282, time 129.67ms, mfu 2.75%
iter 3600: loss 0.8177, time 131.39ms, mfu 2.76%
iter 3610: loss 0.8541, time 127.99ms, mfu 2.78%
iter 3620: loss 0.8293, time 131.33ms, mfu 2.78%
iter 3630: loss 0.8395, time 128.11ms, mfu 2.79%
iter 3640: loss 0.8435, time 129.78ms, mfu 2.80%
iter 3650: loss 0.8401, time 130.19ms, mfu 2.81%
iter 3660: loss 0.8177, time 130.15ms, mfu 2.81%
iter 3670: loss 0.8470, time 129.93ms, mfu 2.82%
iter 3680: loss 0.8325, time 129.68ms, mfu 2.82%
iter 3690: loss 0.8282, time 130.85ms, mfu 2.83%
iter 3700: loss 0.8335, time 129.55ms, mfu 2.83%
iter 3710: loss 0.8273, time 127.93ms, mfu 2.84%
iter 3720: loss 0.8141, time 129.49ms, mfu 2.84%
iter 3730: loss 0.8090, time 130.79ms, mfu 2.84%
iter 3740: loss 0.8272, time 130.19ms, mfu 2.85%
step 3750: train loss 0.6396, val loss 1.7621
iter 3750: loss 0.8291, time 16526.00ms, mfu 2.56%
iter 3760: loss 0.8000, time 129.44ms, mfu 2.60%
iter 3770: loss 0.8314, time 130.97ms, mfu 2.62%
iter 3780: loss 0.8175, time 128.20ms, mfu 2.65%
iter 3790: loss 0.8137, time 130.17ms, mfu 2.67%
iter 3800: loss 0.8395, time 128.03ms, mfu 2.69%
iter 3810: loss 0.8275, time 128.52ms, mfu 2.71%
iter 3820: loss 0.8315, time 128.15ms, mfu 2.73%
iter 3830: loss 0.8042, time 129.39ms, mfu 2.75%
iter 3840: loss 0.8187, time 129.19ms, mfu 2.76%
iter 3850: loss 0.8159, time 129.96ms, mfu 2.77%
iter 3860: loss 0.8061, time 130.38ms, mfu 2.78%
iter 3870: loss 0.8015, time 128.65ms, mfu 2.79%
iter 3880: loss 0.8286, time 130.53ms, mfu 2.80%
iter 3890: loss 0.8157, time 130.32ms, mfu 2.80%
iter 3900: loss 0.8171, time 129.32ms, mfu 2.81%
iter 3910: loss 0.8302, time 130.15ms, mfu 2.82%
iter 3920: loss 0.8055, time 131.41ms, mfu 2.82%
iter 3930: loss 0.8137, time 129.38ms, mfu 2.83%
iter 3940: loss 0.8167, time 130.21ms, mfu 2.83%
iter 3950: loss 0.7931, time 129.44ms, mfu 2.83%
iter 3960: loss 0.7979, time 131.88ms, mfu 2.83%
iter 3970: loss 0.8035, time 130.41ms, mfu 2.84%
iter 3980: loss 0.8223, time 129.47ms, mfu 2.84%
iter 3990: loss 0.8076, time 130.41ms, mfu 2.84%
step 4000: train loss 0.6057, val loss 1.7907
iter 4000: loss 0.8099, time 16504.16ms, mfu 2.56%
iter 4010: loss 0.8058, time 129.58ms, mfu 2.59%
iter 4020: loss 0.7875, time 128.35ms, mfu 2.62%
iter 4030: loss 0.8023, time 129.46ms, mfu 2.65%
iter 4040: loss 0.8086, time 128.82ms, mfu 2.67%
iter 4050: loss 0.8033, time 128.03ms, mfu 2.70%
iter 4060: loss 0.8088, time 130.14ms, mfu 2.71%
iter 4070: loss 0.8095, time 130.22ms, mfu 2.73%
iter 4080: loss 0.7905, time 131.38ms, mfu 2.74%
iter 4090: loss 0.7766, time 129.39ms, mfu 2.75%
iter 4100: loss 0.7799, time 131.62ms, mfu 2.76%
iter 4110: loss 0.7952, time 129.41ms, mfu 2.77%
iter 4120: loss 0.7734, time 130.03ms, mfu 2.78%
iter 4130: loss 0.7919, time 130.08ms, mfu 2.79%
iter 4140: loss 0.8035, time 129.49ms, mfu 2.80%
iter 4150: loss 0.7825, time 129.25ms, mfu 2.81%
iter 4160: loss 0.8028, time 130.81ms, mfu 2.81%
iter 4170: loss 0.7723, time 128.49ms, mfu 2.82%
iter 4180: loss 0.7529, time 129.38ms, mfu 2.83%
iter 4190: loss 0.7865, time 131.10ms, mfu 2.83%
iter 4200: loss 0.7731, time 130.20ms, mfu 2.83%
iter 4210: loss 0.7888, time 130.62ms, mfu 2.83%
iter 4220: loss 0.7934, time 127.98ms, mfu 2.84%
iter 4230: loss 0.7883, time 130.66ms, mfu 2.84%
iter 4240: loss 0.7814, time 129.93ms, mfu 2.84%
step 4250: train loss 0.5754, val loss 1.8198
iter 4250: loss 0.7740, time 16522.40ms, mfu 2.56%
iter 4260: loss 0.7731, time 128.82ms, mfu 2.60%
iter 4270: loss 0.7639, time 129.97ms, mfu 2.62%
iter 4280: loss 0.7705, time 130.92ms, mfu 2.65%
iter 4290: loss 0.8034, time 129.81ms, mfu 2.67%
iter 4300: loss 0.7808, time 129.62ms, mfu 2.69%
iter 4310: loss 0.7754, time 131.81ms, mfu 2.70%
iter 4320: loss 0.7761, time 130.07ms, mfu 2.72%
iter 4330: loss 0.7900, time 129.12ms, mfu 2.74%
iter 4340: loss 0.7469, time 129.18ms, mfu 2.75%
iter 4350: loss 0.7773, time 128.94ms, mfu 2.76%
iter 4360: loss 0.7840, time 130.23ms, mfu 2.77%
iter 4370: loss 0.7685, time 128.80ms, mfu 2.79%
iter 4380: loss 0.7659, time 129.94ms, mfu 2.79%
iter 4390: loss 0.7729, time 129.72ms, mfu 2.80%
iter 4400: loss 0.7709, time 128.12ms, mfu 2.81%
iter 4410: loss 0.7649, time 129.43ms, mfu 2.82%
iter 4420: loss 0.7763, time 129.90ms, mfu 2.82%
iter 4430: loss 0.7676, time 131.06ms, mfu 2.83%
iter 4440: loss 0.7501, time 129.37ms, mfu 2.83%
iter 4450: loss 0.7391, time 129.20ms, mfu 2.84%
iter 4460: loss 0.7932, time 129.50ms, mfu 2.84%
iter 4470: loss 0.7661, time 128.67ms, mfu 2.85%
iter 4480: loss 0.7489, time 131.43ms, mfu 2.85%
iter 4490: loss 0.7554, time 128.55ms, mfu 2.85%
step 4500: train loss 0.5529, val loss 1.8434
iter 4500: loss 0.7553, time 16537.46ms, mfu 2.57%
iter 4510: loss 0.7571, time 130.99ms, mfu 2.60%
iter 4520: loss 0.7517, time 130.01ms, mfu 2.62%
iter 4530: loss 0.7511, time 128.81ms, mfu 2.65%
iter 4540: loss 0.7438, time 129.23ms, mfu 2.67%
iter 4550: loss 0.7745, time 129.43ms, mfu 2.69%
iter 4560: loss 0.7556, time 129.70ms, mfu 2.71%
iter 4570: loss 0.7577, time 128.01ms, mfu 2.73%
iter 4580: loss 0.7686, time 129.59ms, mfu 2.75%
iter 4590: loss 0.7734, time 127.86ms, mfu 2.76%
iter 4600: loss 0.7369, time 129.85ms, mfu 2.77%
iter 4610: loss 0.7640, time 130.54ms, mfu 2.78%
iter 4620: loss 0.7211, time 128.90ms, mfu 2.79%
iter 4630: loss 0.7387, time 130.62ms, mfu 2.80%
iter 4640: loss 0.7459, time 128.76ms, mfu 2.81%
iter 4650: loss 0.7677, time 131.52ms, mfu 2.81%
iter 4660: loss 0.7483, time 130.28ms, mfu 2.82%
iter 4670: loss 0.7489, time 129.40ms, mfu 2.82%
iter 4680: loss 0.7497, time 129.82ms, mfu 2.83%
iter 4690: loss 0.7625, time 128.12ms, mfu 2.83%
iter 4700: loss 0.7469, time 130.70ms, mfu 2.84%
iter 4710: loss 0.7484, time 130.89ms, mfu 2.84%
iter 4720: loss 0.7455, time 129.43ms, mfu 2.84%
iter 4730: loss 0.7639, time 129.45ms, mfu 2.85%
iter 4740: loss 0.7485, time 130.97ms, mfu 2.85%
step 4750: train loss 0.5335, val loss 1.8681
iter 4750: loss 0.7283, time 16526.43ms, mfu 2.56%
iter 4760: loss 0.7406, time 130.00ms, mfu 2.59%
iter 4770: loss 0.7502, time 130.55ms, mfu 2.62%
iter 4780: loss 0.7337, time 128.97ms, mfu 2.65%
iter 4790: loss 0.7394, time 129.97ms, mfu 2.67%
iter 4800: loss 0.7594, time 127.86ms, mfu 2.69%
iter 4810: loss 0.7498, time 130.73ms, mfu 2.71%
iter 4820: loss 0.7593, time 128.31ms, mfu 2.73%
iter 4830: loss 0.7273, time 129.90ms, mfu 2.74%
iter 4840: loss 0.7416, time 131.42ms, mfu 2.75%
iter 4850: loss 0.7347, time 129.80ms, mfu 2.76%
iter 4860: loss 0.7577, time 131.02ms, mfu 2.77%
iter 4870: loss 0.7458, time 129.21ms, mfu 2.78%
iter 4880: loss 0.7620, time 129.41ms, mfu 2.79%
iter 4890: loss 0.7380, time 127.43ms, mfu 2.81%
iter 4900: loss 0.7594, time 131.19ms, mfu 2.81%
iter 4910: loss 0.7388, time 127.26ms, mfu 2.82%
iter 4920: loss 0.7337, time 127.59ms, mfu 2.83%
iter 4930: loss 0.7288, time 129.72ms, mfu 2.84%
iter 4940: loss 0.7298, time 131.80ms, mfu 2.83%
iter 4950: loss 0.7320, time 130.12ms, mfu 2.84%
iter 4960: loss 0.7231, time 127.83ms, mfu 2.85%
iter 4970: loss 0.7379, time 128.07ms, mfu 2.85%
iter 4980: loss 0.7410, time 130.49ms, mfu 2.85%
iter 4990: loss 0.7292, time 130.30ms, mfu 2.85%
step 5000: train loss 0.5188, val loss 1.8843
iter 5000: loss 0.7397, time 16516.05ms, mfu 2.57%
